
****** xsim v2022.2 (64-bit)
  **** SW Build 3671981 on Fri Oct 14 05:00:03 MDT 2022
  **** IP Build 3669848 on Fri Oct 14 08:30:02 MDT 2022
    ** Copyright 1986-2022 Xilinx, Inc. All Rights Reserved.

source xsim.dir/tb_mmu_policy_behav/xsim_script.tcl
# xsim {tb_mmu_policy_behav} -autoloadwcfg -runall
Time resolution is 1 ps
run -all
[PASS] Bare-mode bypass ignores region guard
[PASS] NX fetch faults without a PTW access
[PASS] Boot store faults and data-side priority is preserved
[PASS] Forbidden-region tests issued no PTW requests
[PASS] Optional MMU trace captured four controller events
[PASS] Trace record exposes event type and VA
---------------------------------------------
MMU_POLICY_TB: PASS
---------------------------------------------
$finish called at time : 67 ns : File "C:/Users/ADMIN/Documents/GitHub/KLTN/Risc_V_new/Risc_V/sim/tb_mmu_policy.v" Line 183
exit
INFO: [Common 17-206] Exiting xsim at Sun Sep 27 16:20:40 2026...
