
****** xsim v2022.2 (64-bit)
  **** SW Build 3671981 on Fri Oct 14 05:00:03 MDT 2022
  **** IP Build 3669848 on Fri Oct 14 08:30:02 MDT 2022
    ** Copyright 1986-2022 Xilinx, Inc. All Rights Reserved.

source xsim.dir/tb_mmu_advanced_behav/xsim_script.tcl
# xsim {tb_mmu_advanced_behav} -autoloadwcfg -runall
Time resolution is 1 ps
run -all
[PASS] 4KiB load updates A
[PASS] 4KiB store updates D
[PASS] U load rejects supervisor page
[PASS] U load accepts user page
[PASS] S load rejects user page when SUM=0
[PASS] S load accepts user page when SUM=1
[PASS] load rejects execute-only page when MXR=0
[PASS] load accepts execute-only page when MXR=1
[PASS] S fetch rejects user page even with SUM=1
[PASS] non-leaf U/A/D encoding rejected
[PASS] non-leaf G mapping accepted
[PASS] non-leaf G propagates to leaf metadata
[PASS] non-leaf PTE[11:10] rejected
[PASS] leaf PTE[11:10] rejected
[PASS] leaf RSW bits remain software-defined
[PASS] aligned 4MiB leaf supported
[PASS] misaligned 4MiB leaf rejected
[PASS] super-TLB matches all VPN[9:0] subpages
[PASS] super-TLB flush invalidates entries
---------------------------------------------
MMU_ADVANCED_TB: PASS
---------------------------------------------
$finish called at time : 691 ns : File "C:/Users/ADMIN/Documents/GitHub/KLTN/Risc_V_new/Risc_V/sim/tb_mmu_advanced.v" Line 220
exit
INFO: [Common 17-206] Exiting xsim at Sun Sep 27 16:20:45 2026...
