#-----------------------------------------------------------
# xsim v2022.2 (64-bit)
# SW Build 3671981 on Fri Oct 14 05:00:03 MDT 2022
# IP Build 3669848 on Fri Oct 14 08:30:02 MDT 2022
# Start of session at: Sun Sep 27 16:21:14 2026
# Process ID: 23840
# Current directory: C:/Users/ADMIN/Documents/GitHub/KLTN/Risc_V_new/Risc_V/reports/xsim-mmu-20260927-162006
# Command line: xsim.exe -mode tcl -source {xsim.dir/tb_csr_access_fault_behav/xsim_script.tcl}
# Log file: C:/Users/ADMIN/Documents/GitHub/KLTN/Risc_V_new/Risc_V/reports/xsim-mmu-20260927-162006/xsim.log
# Journal file: C:/Users/ADMIN/Documents/GitHub/KLTN/Risc_V_new/Risc_V/reports/xsim-mmu-20260927-162006\xsim.jou
# Running On: DESKTOP-750OH1D, OS: Windows, CPU Frequency: 2496 MHz, CPU Physical cores: 10, Host memory: 25439 MB
#-----------------------------------------------------------
source xsim.dir/tb_csr_access_fault_behav/xsim_script.tcl
# xsim {tb_csr_access_fault_behav} -autoloadwcfg -runall
Time resolution is 1 ps
run -all
[PASS] instruction access fault cause=1
[PASS] mepc captures faulting instruction
[PASS] mtval captures fault address
[PASS] load access fault cause=5
[PASS] mepc captures faulting instruction
[PASS] mtval captures fault address
[PASS] store access fault cause=7
[PASS] mepc captures faulting instruction
[PASS] mtval captures fault address
CSR_ACCESS_FAULT_TB: PASS
$finish called at time : 103 ns : File "C:/Users/ADMIN/Documents/GitHub/KLTN/Risc_V_new/Risc_V/sim/tb_csr_access_fault.v" Line 104
exit
INFO: [Common 17-206] Exiting xsim at Sun Sep 27 16:21:16 2026...
