#-----------------------------------------------------------
# xsim v2022.2 (64-bit)
# SW Build 3671981 on Fri Oct 14 05:00:03 MDT 2022
# IP Build 3669848 on Fri Oct 14 08:30:02 MDT 2022
# Start of session at: Sun Sep 27 16:20:57 2026
# Process ID: 29700
# Current directory: C:/Users/ADMIN/Documents/GitHub/KLTN/Risc_V_new/Risc_V/reports/xsim-mmu-20260927-162006
# Command line: xsim.exe -mode tcl -source {xsim.dir/tb_mmu_context_behav/xsim_script.tcl}
# Log file: C:/Users/ADMIN/Documents/GitHub/KLTN/Risc_V_new/Risc_V/reports/xsim-mmu-20260927-162006/xsim.log
# Journal file: C:/Users/ADMIN/Documents/GitHub/KLTN/Risc_V_new/Risc_V/reports/xsim-mmu-20260927-162006\xsim.jou
# Running On: DESKTOP-750OH1D, OS: Windows, CPU Frequency: 2496 MHz, CPU Physical cores: 10, Host memory: 25439 MB
#-----------------------------------------------------------
source xsim.dir/tb_mmu_context_behav/xsim_script.tcl
# xsim {tb_mmu_context_behav} -autoloadwcfg -runall
Time resolution is 1 ps
run -all
[PASS] initial address space translated
[PASS] satp root change auto-invalidates TLBs
[PASS] stale ROOT_A entry was not reused
[PASS] disable-mid-walk drains and discards old response
[PASS] re-enable starts from a clean TLB context
[PASS] privilege change discards and rechecks PTW result
[PASS] PTW watchdog flags a stalled walk
MMU_CONTEXT_TB: PASS
$finish called at time : 570 ns : File "C:/Users/ADMIN/Documents/GitHub/KLTN/Risc_V_new/Risc_V/sim/tb_mmu_context.v" Line 206
exit
INFO: [Common 17-206] Exiting xsim at Sun Sep 27 16:20:59 2026...
