#-----------------------------------------------------------
# xsim v2022.2 (64-bit)
# SW Build 3671981 on Fri Oct 14 05:00:03 MDT 2022
# IP Build 3669848 on Fri Oct 14 08:30:02 MDT 2022
# Start of session at: Sun Sep 27 16:21:09 2026
# Process ID: 26808
# Current directory: C:/Users/ADMIN/Documents/GitHub/KLTN/Risc_V_new/Risc_V/reports/xsim-mmu-20260927-162006
# Command line: xsim.exe -mode tcl -source {xsim.dir/tb_csr_mmu_bits_behav/xsim_script.tcl}
# Log file: C:/Users/ADMIN/Documents/GitHub/KLTN/Risc_V_new/Risc_V/reports/xsim-mmu-20260927-162006/xsim.log
# Journal file: C:/Users/ADMIN/Documents/GitHub/KLTN/Risc_V_new/Risc_V/reports/xsim-mmu-20260927-162006\xsim.jou
# Running On: DESKTOP-750OH1D, OS: Windows, CPU Frequency: 2496 MHz, CPU Physical cores: 10, Host memory: 25439 MB
#-----------------------------------------------------------
source xsim.dir/tb_csr_mmu_bits_behav/xsim_script.tcl
# xsim {tb_csr_mmu_bits_behav} -autoloadwcfg -runall
Time resolution is 1 ps
run -all
[PASS] SUM/MXR reset clear
[PASS] mstatus writes SUM/MXR
[PASS] sstatus independently updates SUM/MXR
CSR_MMU_BITS_TB: PASS
$finish called at time : 61 ns : File "C:/Users/ADMIN/Documents/GitHub/KLTN/Risc_V_new/Risc_V/sim/tb_csr_mmu_bits.v" Line 55
exit
INFO: [Common 17-206] Exiting xsim at Sun Sep 27 16:21:10 2026...
