Copyright 1986-2022 Xilinx, Inc. All Rights Reserved. Copyright 2022-2025 Advanced Micro Devices, Inc. All Rights Reserved.
---------------------------------------------------------------------------------------------------------------------------------------------
| Tool Version : Vivado v.2025.2 (win64) Build 6299465 Fri Nov 14 19:35:11 GMT 2025
| Date         : Tue May  5 18:59:18 2026
| Host         : Admin-PC running 64-bit major release  (build 9200)
| Command      : report_control_sets -verbose -file RV32IMFA_DualCore_BoardTop_control_sets_placed.rpt
| Design       : RV32IMFA_DualCore_BoardTop
| Device       : xc7z020
---------------------------------------------------------------------------------------------------------------------------------------------

Control Set Information

Table of Contents
-----------------
1. Summary
2. Histogram
3. Flip-Flop Distribution
4. Detailed Control Set Information

1. Summary
----------

+----------------------------------------------------------+-------+
|                          Status                          | Count |
+----------------------------------------------------------+-------+
| Total control sets                                       |   312 |
|    Minimum number of control sets                        |   312 |
|    Addition due to synthesis replication                 |     0 |
|    Addition due to physical synthesis replication        |     0 |
| Unused register locations in slices containing registers |   109 |
+----------------------------------------------------------+-------+
* Control sets can be merged at opt_design using control_set_merge or merge_equivalent_drivers
** Run report_qor_suggestions for automated merging and remapping suggestions


2. Histogram
------------

+--------------------+-------+
|       Fanout       | Count |
+--------------------+-------+
| Total control sets |   312 |
| >= 0 to < 4        |     0 |
| >= 4 to < 6        |     0 |
| >= 6 to < 8        |     2 |
| >= 8 to < 10       |    12 |
| >= 10 to < 12      |     0 |
| >= 12 to < 14      |     0 |
| >= 14 to < 16      |     0 |
| >= 16              |   298 |
+--------------------+-------+
* Control sets can be remapped at either synth_design or opt_design


3. Flip-Flop Distribution
-------------------------

+--------------+-----------------------+------------------------+-----------------+--------------+
| Clock Enable | Synchronous Set/Reset | Asynchronous Set/Reset | Total Registers | Total Slices |
+--------------+-----------------------+------------------------+-----------------+--------------+
| No           | No                    | No                     |            4357 |         1213 |
| No           | No                    | Yes                    |             110 |           73 |
| No           | Yes                   | No                     |             372 |          102 |
| Yes          | No                    | No                     |               0 |            0 |
| Yes          | No                    | Yes                    |             858 |          323 |
| Yes          | Yes                   | No                     |            5450 |         2838 |
+--------------+-----------------------+------------------------+-----------------+--------------+


4. Detailed Control Set Information
-----------------------------------

+----------------------+--------------------------------------------------------+------------------------------------------------------------------+------------------+----------------+--------------+
|     Clock Signal     |                      Enable Signal                     |                         Set/Reset Signal                         | Slice Load Count | Bel Load Count | Bels / Slice |
+----------------------+--------------------------------------------------------+------------------------------------------------------------------+------------------+----------------+--------------+
|  sys_clock_IBUF_BUFG | dut/core1/execute_unit/mdu_unit/cnt[5]_i_1_n_0         | reset_rtl_IBUF                                                   |                2 |              6 |         3.00 |
|  sys_clock_IBUF_BUFG | dut/core0/execute_unit/mdu_unit/cnt[5]_i_1_n_0         | reset_rtl_IBUF                                                   |                2 |              6 |         3.00 |
|  sys_clock_IBUF_BUFG |                                                        | dut/core1/execute_unit/u_fpu/u_fma/u_fma_mul/Mul_Out[30]_i_1_n_0 |                3 |              8 |         2.67 |
|  sys_clock_IBUF_BUFG |                                                        | dut/core0/execute_unit/u_fpu/u_adder/Out[30]_i_1__0_n_0          |                3 |              8 |         2.67 |
|  sys_clock_IBUF_BUFG |                                                        | dut/core0/execute_unit/u_fpu/u_fma/u_fma_add/Out[30]_i_1_n_0     |                2 |              8 |         4.00 |
|  sys_clock_IBUF_BUFG |                                                        | dut/core0/execute_unit/u_fpu/u_fma/u_fma_mul/Mul_Out[30]_i_1_n_0 |                3 |              8 |         2.67 |
|  sys_clock_IBUF_BUFG |                                                        | dut/core0/execute_unit/u_fpu/u_multiplier/Mul_Out[30]_i_1__0_n_0 |                2 |              8 |         4.00 |
|  sys_clock_IBUF_BUFG |                                                        | dut/core1/execute_unit/u_fpu/u_adder/Out[30]_i_1__0_n_0          |                4 |              8 |         2.00 |
|  sys_clock_IBUF_BUFG |                                                        | dut/core1/execute_unit/u_fpu/u_fma/u_fma_add/Out[30]_i_1_n_0     |                2 |              8 |         4.00 |
|  sys_clock_IBUF_BUFG |                                                        | dut/core1/execute_unit/u_fpu/u_multiplier/Mul_Out[30]_i_1__0_n_0 |                3 |              8 |         2.67 |
|  sys_clock_IBUF_BUFG |                                                        | dut/core0/execute_unit/u_fpu/u_adder/s4_exp[8]_i_1__0_n_0        |                3 |              9 |         3.00 |
|  sys_clock_IBUF_BUFG |                                                        | dut/core0/execute_unit/u_fpu/u_fma/u_fma_add/s4_exp[8]_i_1_n_0   |                3 |              9 |         3.00 |
|  sys_clock_IBUF_BUFG |                                                        | dut/core1/execute_unit/u_fpu/u_adder/s4_exp[8]_i_1__0_n_0        |                3 |              9 |         3.00 |
|  sys_clock_IBUF_BUFG |                                                        | dut/core1/execute_unit/u_fpu/u_fma/u_fma_add/s4_exp[8]_i_1_n_0   |                3 |              9 |         3.00 |
|  sys_clock_IBUF_BUFG |                                                        | dut/core0/execute_unit/u_fpu/u_adder/Out[21]_i_1__0_n_0          |                6 |             22 |         3.67 |
|  sys_clock_IBUF_BUFG |                                                        | dut/core0/execute_unit/u_fpu/u_fma/u_fma_add/Out[21]_i_1_n_0     |                6 |             22 |         3.67 |
|  sys_clock_IBUF_BUFG |                                                        | dut/core0/execute_unit/u_fpu/u_fma/u_fma_mul/Mul_Out[21]_i_1_n_0 |                3 |             22 |         7.33 |
|  sys_clock_IBUF_BUFG |                                                        | dut/core0/execute_unit/u_fpu/u_multiplier/Mul_Out[21]_i_1__0_n_0 |                5 |             22 |         4.40 |
|  sys_clock_IBUF_BUFG |                                                        | dut/core1/execute_unit/u_fpu/u_adder/Out[21]_i_1__0_n_0          |                6 |             22 |         3.67 |
|  sys_clock_IBUF_BUFG |                                                        | dut/core1/execute_unit/u_fpu/u_fma/u_fma_add/Out[21]_i_1_n_0     |                6 |             22 |         3.67 |
|  sys_clock_IBUF_BUFG |                                                        | dut/core1/execute_unit/u_fpu/u_fma/u_fma_mul/Mul_Out[21]_i_1_n_0 |                3 |             22 |         7.33 |
|  sys_clock_IBUF_BUFG |                                                        | dut/core1/execute_unit/u_fpu/u_multiplier/Mul_Out[21]_i_1__0_n_0 |                5 |             22 |         4.40 |
|  sys_clock_IBUF_BUFG |                                                        | dut/core0/execute_unit/u_fpu/u_fma/B_r[22]                       |                7 |             24 |         3.43 |
|  sys_clock_IBUF_BUFG |                                                        | dut/core0/mem_wb/SrcB_F_Forwarded[22]                            |                7 |             24 |         3.43 |
|  sys_clock_IBUF_BUFG |                                                        | dut/core1/execute_unit/u_fpu/u_fma/B_r[22]                       |                7 |             24 |         3.43 |
|  sys_clock_IBUF_BUFG |                                                        | dut/core1/mem_wb/SrcB_F_Forwarded[22]                            |                7 |             24 |         3.43 |
|  sys_clock_IBUF_BUFG | dut/core0/id_ex/Stall_Core_External_0                  | dut/core0/id_ex/rst_1                                            |                8 |             31 |         3.88 |
|  sys_clock_IBUF_BUFG | dut/core1/id_ex/Stall_Core_External_0                  | dut/core1/id_ex/rst_1                                            |                8 |             31 |         3.88 |
|  sys_clock_IBUF_BUFG | dut/core0/execute_unit/mdu_unit/result[31]_i_1_n_0     | reset_rtl_IBUF                                                   |               26 |             32 |         1.23 |
|  sys_clock_IBUF_BUFG | dut/core0/mem_wb/FPRegWriteW_reg_18[0]                 | reset_rtl_IBUF                                                   |               14 |             32 |         2.29 |
|  sys_clock_IBUF_BUFG | dut/core0/execute_unit/u_fpu/u_fma/out_res[31]_i_1_n_0 | reset_rtl_IBUF                                                   |               14 |             32 |         2.29 |
|  sys_clock_IBUF_BUFG | dut/core0/ex_mem/AtomicM_reg_0[0]                      | reset_rtl_IBUF                                                   |                7 |             32 |         4.57 |
|  sys_clock_IBUF_BUFG | dut/core1/mem_wb/FPRegWriteW_reg_5[0]                  | reset_rtl_IBUF                                                   |               19 |             32 |         1.68 |
|  sys_clock_IBUF_BUFG | dut/core0/id_ex/E[0]                                   | reset_rtl_IBUF                                                   |               15 |             32 |         2.13 |
|  sys_clock_IBUF_BUFG | dut/core0/id_ex/state_reg[0]                           | reset_rtl_IBUF                                                   |               16 |             32 |         2.00 |
|  sys_clock_IBUF_BUFG | dut/core0/mem_wb/FPRegWriteW_reg_11[0]                 | reset_rtl_IBUF                                                   |               22 |             32 |         1.45 |
|  sys_clock_IBUF_BUFG | dut/core0/mem_wb/FPRegWriteW_reg_0[0]                  | reset_rtl_IBUF                                                   |               20 |             32 |         1.60 |
|  sys_clock_IBUF_BUFG | dut/core0/mem_wb/FPRegWriteW_reg_1[0]                  | reset_rtl_IBUF                                                   |               23 |             32 |         1.39 |
|  sys_clock_IBUF_BUFG | dut/core0/mem_wb/FPRegWriteW_reg_12[0]                 | reset_rtl_IBUF                                                   |               20 |             32 |         1.60 |
|  sys_clock_IBUF_BUFG | dut/core0/mem_wb/FPRegWriteW_reg_13[0]                 | reset_rtl_IBUF                                                   |               20 |             32 |         1.60 |
|  sys_clock_IBUF_BUFG | dut/core0/mem_wb/FPRegWriteW_reg_15[0]                 | reset_rtl_IBUF                                                   |               23 |             32 |         1.39 |
|  sys_clock_IBUF_BUFG | dut/core0/mem_wb/FPRegWriteW_reg_16[0]                 | reset_rtl_IBUF                                                   |               14 |             32 |         2.29 |
|  sys_clock_IBUF_BUFG | dut/core0/mem_wb/FPRegWriteW_reg_17[0]                 | reset_rtl_IBUF                                                   |               16 |             32 |         2.00 |
|  sys_clock_IBUF_BUFG | dut/core0/mem_wb/FPRegWriteW_reg_14[0]                 | reset_rtl_IBUF                                                   |               18 |             32 |         1.78 |
|  sys_clock_IBUF_BUFG | dut/core0/mem_wb/FPRegWriteW_reg_10[0]                 | reset_rtl_IBUF                                                   |               19 |             32 |         1.68 |
|  sys_clock_IBUF_BUFG | dut/core0/mem_wb/FPRegWriteW_reg_19[0]                 | reset_rtl_IBUF                                                   |               16 |             32 |         2.00 |
|  sys_clock_IBUF_BUFG | dut/core0/mem_wb/FPRegWriteW_reg_24[0]                 | reset_rtl_IBUF                                                   |               20 |             32 |         1.60 |
|  sys_clock_IBUF_BUFG | dut/core0/mem_wb/FPRegWriteW_reg_2[0]                  | reset_rtl_IBUF                                                   |               24 |             32 |         1.33 |
|  sys_clock_IBUF_BUFG | dut/core0/mem_wb/FPRegWriteW_reg_26[0]                 | reset_rtl_IBUF                                                   |               20 |             32 |         1.60 |
|  sys_clock_IBUF_BUFG | dut/core0/mem_wb/FPRegWriteW_reg_6[0]                  | reset_rtl_IBUF                                                   |               26 |             32 |         1.23 |
|  sys_clock_IBUF_BUFG | dut/core0/mem_wb/FPRegWriteW_reg_5[0]                  | reset_rtl_IBUF                                                   |               21 |             32 |         1.52 |
|  sys_clock_IBUF_BUFG | dut/core0/mem_wb/FPRegWriteW_reg_25[0]                 | reset_rtl_IBUF                                                   |               17 |             32 |         1.88 |
|  sys_clock_IBUF_BUFG | dut/core0/mem_wb/FPRegWriteW_reg_28[0]                 | reset_rtl_IBUF                                                   |               21 |             32 |         1.52 |
|  sys_clock_IBUF_BUFG | dut/core0/mem_wb/FPRegWriteW_reg_3[0]                  | reset_rtl_IBUF                                                   |               23 |             32 |         1.39 |
|  sys_clock_IBUF_BUFG | dut/core0/mem_wb/FPRegWriteW_reg_20[0]                 | reset_rtl_IBUF                                                   |               19 |             32 |         1.68 |
|  sys_clock_IBUF_BUFG | dut/core0/mem_wb/FPRegWriteW_reg_30[0]                 | reset_rtl_IBUF                                                   |               27 |             32 |         1.19 |
|  sys_clock_IBUF_BUFG | dut/core0/mem_wb/FPRegWriteW_reg_29[0]                 | reset_rtl_IBUF                                                   |               25 |             32 |         1.28 |
|  sys_clock_IBUF_BUFG | dut/core0/mem_wb/FPRegWriteW_reg_23[0]                 | reset_rtl_IBUF                                                   |               17 |             32 |         1.88 |
|  sys_clock_IBUF_BUFG | dut/core0/mem_wb/FPRegWriteW_reg_31[0]                 | reset_rtl_IBUF                                                   |               31 |             32 |         1.03 |
|  sys_clock_IBUF_BUFG | dut/core0/mem_wb/FPRegWriteW_reg_8[0]                  | reset_rtl_IBUF                                                   |               28 |             32 |         1.14 |
|  sys_clock_IBUF_BUFG | dut/core0/mem_wb/FPRegWriteW_reg_22[0]                 | reset_rtl_IBUF                                                   |               18 |             32 |         1.78 |
|  sys_clock_IBUF_BUFG | dut/core0/mem_wb/FPRegWriteW_reg_27[0]                 | reset_rtl_IBUF                                                   |               25 |             32 |         1.28 |
|  sys_clock_IBUF_BUFG | dut/core0/mem_wb/FPRegWriteW_reg_21[0]                 | reset_rtl_IBUF                                                   |               19 |             32 |         1.68 |
|  sys_clock_IBUF_BUFG | dut/core0/mem_wb/FPRegWriteW_reg_4[0]                  | reset_rtl_IBUF                                                   |               20 |             32 |         1.60 |
|  sys_clock_IBUF_BUFG | dut/core0/mem_wb/FPRegWriteW_reg_7[0]                  | reset_rtl_IBUF                                                   |               26 |             32 |         1.23 |
|  sys_clock_IBUF_BUFG | dut/core0/mem_wb/FPRegWriteW_reg_9[0]                  | reset_rtl_IBUF                                                   |               32 |             32 |         1.00 |
|  sys_clock_IBUF_BUFG | dut/core0/mem_wb/RegWriteW_reg_12[0]                   | reset_rtl_IBUF                                                   |               17 |             32 |         1.88 |
|  sys_clock_IBUF_BUFG | dut/core0/mem_wb/RegWriteW_reg_16[0]                   | reset_rtl_IBUF                                                   |               25 |             32 |         1.28 |
|  sys_clock_IBUF_BUFG | dut/core0/mem_wb/RegWriteW_reg_19[0]                   | reset_rtl_IBUF                                                   |               14 |             32 |         2.29 |
|  sys_clock_IBUF_BUFG | dut/core0/mem_wb/RegWriteW_reg_13[0]                   | reset_rtl_IBUF                                                   |               14 |             32 |         2.29 |
|  sys_clock_IBUF_BUFG | dut/core0/mem_wb/RegWriteW_reg_17[0]                   | reset_rtl_IBUF                                                   |               14 |             32 |         2.29 |
|  sys_clock_IBUF_BUFG | dut/core0/mem_wb/RegWriteW_reg_18[0]                   | reset_rtl_IBUF                                                   |               13 |             32 |         2.46 |
|  sys_clock_IBUF_BUFG | dut/core0/mem_wb/RegWriteW_reg_20[0]                   | reset_rtl_IBUF                                                   |               19 |             32 |         1.68 |
|  sys_clock_IBUF_BUFG | dut/core0/mem_wb/RegWriteW_reg_24[0]                   | reset_rtl_IBUF                                                   |               21 |             32 |         1.52 |
|  sys_clock_IBUF_BUFG | dut/core0/mem_wb/RegWriteW_reg_25[0]                   | reset_rtl_IBUF                                                   |               13 |             32 |         2.46 |
|  sys_clock_IBUF_BUFG | dut/core0/mem_wb/RegWriteW_reg_26[0]                   | reset_rtl_IBUF                                                   |               12 |             32 |         2.67 |
|  sys_clock_IBUF_BUFG | dut/core0/mem_wb/RegWriteW_reg_23[0]                   | reset_rtl_IBUF                                                   |               13 |             32 |         2.46 |
|  sys_clock_IBUF_BUFG | dut/core0/mem_wb/RegWriteW_reg_27[0]                   | reset_rtl_IBUF                                                   |               13 |             32 |         2.46 |
|  sys_clock_IBUF_BUFG | dut/core0/mem_wb/RegWriteW_reg_15[0]                   | reset_rtl_IBUF                                                   |               16 |             32 |         2.00 |
|  sys_clock_IBUF_BUFG | dut/core0/mem_wb/RegWriteW_reg_14[0]                   | reset_rtl_IBUF                                                   |               15 |             32 |         2.13 |
|  sys_clock_IBUF_BUFG | dut/core0/mem_wb/RegWriteW_reg_2[0]                    | reset_rtl_IBUF                                                   |               13 |             32 |         2.46 |
|  sys_clock_IBUF_BUFG | dut/core0/mem_wb/RegWriteW_reg_21[0]                   | reset_rtl_IBUF                                                   |               16 |             32 |         2.00 |
|  sys_clock_IBUF_BUFG | dut/core0/mem_wb/RegWriteW_reg_22[0]                   | reset_rtl_IBUF                                                   |               10 |             32 |         3.20 |
|  sys_clock_IBUF_BUFG | dut/core0/mem_wb/RegWriteW_reg_11[0]                   | reset_rtl_IBUF                                                   |               16 |             32 |         2.00 |
|  sys_clock_IBUF_BUFG | dut/core0/mem_wb/RegWriteW_reg_1[0]                    | reset_rtl_IBUF                                                   |               24 |             32 |         1.33 |
|  sys_clock_IBUF_BUFG | dut/core0/mem_wb/RegWriteW_reg_0[0]                    | reset_rtl_IBUF                                                   |               27 |             32 |         1.19 |
|  sys_clock_IBUF_BUFG | dut/core0/mem_wb/RegWriteW_reg_10[0]                   | reset_rtl_IBUF                                                   |               14 |             32 |         2.29 |
|  sys_clock_IBUF_BUFG | dut/core0/mem_wb/RegWriteW_reg_7[0]                    | reset_rtl_IBUF                                                   |               17 |             32 |         1.88 |
|  sys_clock_IBUF_BUFG | dut/core0/mem_wb/RegWriteW_reg_28[0]                   | reset_rtl_IBUF                                                   |               13 |             32 |         2.46 |
|  sys_clock_IBUF_BUFG | dut/core0/mem_wb/RegWriteW_reg_3[0]                    | reset_rtl_IBUF                                                   |               16 |             32 |         2.00 |
|  sys_clock_IBUF_BUFG | dut/core0/mem_wb/RegWriteW_reg_4[0]                    | reset_rtl_IBUF                                                   |               17 |             32 |         1.88 |
|  sys_clock_IBUF_BUFG | dut/core0/mem_wb/RegWriteW_reg_9[0]                    | reset_rtl_IBUF                                                   |               21 |             32 |         1.52 |
|  sys_clock_IBUF_BUFG | dut/core0/mem_wb/RegWriteW_reg_8[0]                    | reset_rtl_IBUF                                                   |               10 |             32 |         3.20 |
|  sys_clock_IBUF_BUFG | dut/core0/mem_wb/RegWriteW_reg_6[0]                    | reset_rtl_IBUF                                                   |               16 |             32 |         2.00 |
|  sys_clock_IBUF_BUFG | dut/core0/mem_wb/RegWriteW_reg_29[0]                   | reset_rtl_IBUF                                                   |               10 |             32 |         3.20 |
|  sys_clock_IBUF_BUFG | dut/core0/mem_wb/RegWriteW_reg_30[0]                   | reset_rtl_IBUF                                                   |               17 |             32 |         1.88 |
|  sys_clock_IBUF_BUFG | dut/core0/mem_wb/RegWriteW_reg_5[0]                    | reset_rtl_IBUF                                                   |               15 |             32 |         2.13 |
|  sys_clock_IBUF_BUFG | dut/core1/ex_mem/AtomicM_reg_0[0]                      | reset_rtl_IBUF                                                   |                8 |             32 |         4.00 |
|  sys_clock_IBUF_BUFG | dut/core1/execute_unit/mdu_unit/result[31]_i_1_n_0     | reset_rtl_IBUF                                                   |               25 |             32 |         1.28 |
|  sys_clock_IBUF_BUFG | dut/core1/execute_unit/u_fpu/u_fma/out_res[31]_i_1_n_0 | reset_rtl_IBUF                                                   |               15 |             32 |         2.13 |
|  sys_clock_IBUF_BUFG | dut/core1/mem_wb/FPRegWriteW_reg_0[0]                  | reset_rtl_IBUF                                                   |               19 |             32 |         1.68 |
|  sys_clock_IBUF_BUFG | dut/core1/mem_wb/FPRegWriteW_reg_29[0]                 | reset_rtl_IBUF                                                   |               30 |             32 |         1.07 |
|  sys_clock_IBUF_BUFG | dut/core1/mem_wb/FPRegWriteW_reg_10[0]                 | reset_rtl_IBUF                                                   |               19 |             32 |         1.68 |
|  sys_clock_IBUF_BUFG | dut/core1/mem_wb/FPRegWriteW_reg_12[0]                 | reset_rtl_IBUF                                                   |               15 |             32 |         2.13 |
|  sys_clock_IBUF_BUFG | dut/core1/mem_wb/FPRegWriteW_reg_24[0]                 | reset_rtl_IBUF                                                   |               19 |             32 |         1.68 |
|  sys_clock_IBUF_BUFG | dut/core1/mem_wb/FPRegWriteW_reg_3[0]                  | reset_rtl_IBUF                                                   |               19 |             32 |         1.68 |
|  sys_clock_IBUF_BUFG | dut/core1/mem_wb/FPRegWriteW_reg_1[0]                  | reset_rtl_IBUF                                                   |               17 |             32 |         1.88 |
|  sys_clock_IBUF_BUFG | dut/core1/mem_wb/FPRegWriteW_reg_15[0]                 | reset_rtl_IBUF                                                   |               19 |             32 |         1.68 |
|  sys_clock_IBUF_BUFG | dut/core1/mem_wb/FPRegWriteW_reg_13[0]                 | reset_rtl_IBUF                                                   |               17 |             32 |         1.88 |
|  sys_clock_IBUF_BUFG | dut/core1/mem_wb/FPRegWriteW_reg_14[0]                 | reset_rtl_IBUF                                                   |               16 |             32 |         2.00 |
|  sys_clock_IBUF_BUFG | dut/core1/mem_wb/FPRegWriteW_reg_16[0]                 | reset_rtl_IBUF                                                   |               21 |             32 |         1.52 |
|  sys_clock_IBUF_BUFG | dut/core1/mem_wb/FPRegWriteW_reg_17[0]                 | reset_rtl_IBUF                                                   |               18 |             32 |         1.78 |
|  sys_clock_IBUF_BUFG | dut/core1/mem_wb/FPRegWriteW_reg_19[0]                 | reset_rtl_IBUF                                                   |               20 |             32 |         1.60 |
|  sys_clock_IBUF_BUFG | dut/core1/mem_wb/FPRegWriteW_reg_20[0]                 | reset_rtl_IBUF                                                   |               18 |             32 |         1.78 |
|  sys_clock_IBUF_BUFG | dut/core1/mem_wb/FPRegWriteW_reg_2[0]                  | reset_rtl_IBUF                                                   |               18 |             32 |         1.78 |
|  sys_clock_IBUF_BUFG | dut/core1/mem_wb/FPRegWriteW_reg_21[0]                 | reset_rtl_IBUF                                                   |               14 |             32 |         2.29 |
|  sys_clock_IBUF_BUFG | dut/core1/mem_wb/FPRegWriteW_reg_22[0]                 | reset_rtl_IBUF                                                   |               19 |             32 |         1.68 |
|  sys_clock_IBUF_BUFG | dut/core1/mem_wb/FPRegWriteW_reg_25[0]                 | reset_rtl_IBUF                                                   |               18 |             32 |         1.78 |
|  sys_clock_IBUF_BUFG | dut/core1/mem_wb/FPRegWriteW_reg_26[0]                 | reset_rtl_IBUF                                                   |               19 |             32 |         1.68 |
|  sys_clock_IBUF_BUFG | dut/core1/mem_wb/FPRegWriteW_reg_18[0]                 | reset_rtl_IBUF                                                   |               16 |             32 |         2.00 |
|  sys_clock_IBUF_BUFG | dut/core1/mem_wb/FPRegWriteW_reg_27[0]                 | reset_rtl_IBUF                                                   |               24 |             32 |         1.33 |
|  sys_clock_IBUF_BUFG | dut/core1/mem_wb/FPRegWriteW_reg_28[0]                 | reset_rtl_IBUF                                                   |               25 |             32 |         1.28 |
|  sys_clock_IBUF_BUFG | dut/core1/mem_wb/FPRegWriteW_reg_30[0]                 | reset_rtl_IBUF                                                   |               25 |             32 |         1.28 |
|  sys_clock_IBUF_BUFG | dut/core1/mem_wb/FPRegWriteW_reg_11[0]                 | reset_rtl_IBUF                                                   |               18 |             32 |         1.78 |
|  sys_clock_IBUF_BUFG | dut/core1/mem_wb/FPRegWriteW_reg_23[0]                 | reset_rtl_IBUF                                                   |               19 |             32 |         1.68 |
|  sys_clock_IBUF_BUFG | dut/core1/mem_wb/FPRegWriteW_reg_9[0]                  | reset_rtl_IBUF                                                   |               31 |             32 |         1.03 |
|  sys_clock_IBUF_BUFG | dut/core1/mem_wb/FPRegWriteW_reg_7[0]                  | reset_rtl_IBUF                                                   |               24 |             32 |         1.33 |
|  sys_clock_IBUF_BUFG | dut/core1/mem_wb/FPRegWriteW_reg_4[0]                  | reset_rtl_IBUF                                                   |               24 |             32 |         1.33 |
|  sys_clock_IBUF_BUFG | dut/core1/mem_wb/FPRegWriteW_reg_8[0]                  | reset_rtl_IBUF                                                   |               26 |             32 |         1.23 |
|  sys_clock_IBUF_BUFG | dut/core1/mem_wb/FPRegWriteW_reg_31[0]                 | reset_rtl_IBUF                                                   |               25 |             32 |         1.28 |
|  sys_clock_IBUF_BUFG | dut/core1/mem_wb/FPRegWriteW_reg_6[0]                  | reset_rtl_IBUF                                                   |               24 |             32 |         1.33 |
|  sys_clock_IBUF_BUFG | dut/core1/mem_wb/RegWriteW_reg_20[0]                   | reset_rtl_IBUF                                                   |               25 |             32 |         1.28 |
|  sys_clock_IBUF_BUFG | dut/core1/mem_wb/RegWriteW_reg_24[0]                   | reset_rtl_IBUF                                                   |               23 |             32 |         1.39 |
|  sys_clock_IBUF_BUFG | dut/core1/mem_wb/RegWriteW_reg_25[0]                   | reset_rtl_IBUF                                                   |                9 |             32 |         3.56 |
|  sys_clock_IBUF_BUFG | dut/core1/mem_wb/RegWriteW_reg_0[0]                    | reset_rtl_IBUF                                                   |               25 |             32 |         1.28 |
|  sys_clock_IBUF_BUFG | dut/core1/mem_wb/RegWriteW_reg_27[0]                   | reset_rtl_IBUF                                                   |                8 |             32 |         4.00 |
|  sys_clock_IBUF_BUFG | dut/core1/mem_wb/RegWriteW_reg_18[0]                   | reset_rtl_IBUF                                                   |               12 |             32 |         2.67 |
|  sys_clock_IBUF_BUFG | dut/core1/mem_wb/RegWriteW_reg_7[0]                    | reset_rtl_IBUF                                                   |               10 |             32 |         3.20 |
|  sys_clock_IBUF_BUFG | dut/core1/mem_wb/RegWriteW_reg_26[0]                   | reset_rtl_IBUF                                                   |               10 |             32 |         3.20 |
|  sys_clock_IBUF_BUFG | dut/core1/mem_wb/RegWriteW_reg_11[0]                   | reset_rtl_IBUF                                                   |               14 |             32 |         2.29 |
|  sys_clock_IBUF_BUFG | dut/core1/mem_wb/RegWriteW_reg_1[0]                    | reset_rtl_IBUF                                                   |               22 |             32 |         1.45 |
|  sys_clock_IBUF_BUFG | dut/core1/mem_wb/RegWriteW_reg_19[0]                   | reset_rtl_IBUF                                                   |               14 |             32 |         2.29 |
|  sys_clock_IBUF_BUFG | dut/core1/mem_wb/RegWriteW_reg_13[0]                   | reset_rtl_IBUF                                                   |               11 |             32 |         2.91 |
|  sys_clock_IBUF_BUFG | dut/core1/mem_wb/RegWriteW_reg_2[0]                    | reset_rtl_IBUF                                                   |               23 |             32 |         1.39 |
|  sys_clock_IBUF_BUFG | dut/core1/mem_wb/RegWriteW_reg_29[0]                   | reset_rtl_IBUF                                                   |               12 |             32 |         2.67 |
|  sys_clock_IBUF_BUFG | dut/core1/mem_wb/RegWriteW_reg_3[0]                    | reset_rtl_IBUF                                                   |               20 |             32 |         1.60 |
|  sys_clock_IBUF_BUFG | dut/core1/mem_wb/RegWriteW_reg_17[0]                   | reset_rtl_IBUF                                                   |               12 |             32 |         2.67 |
|  sys_clock_IBUF_BUFG | dut/core1/mem_wb/RegWriteW_reg_22[0]                   | reset_rtl_IBUF                                                   |               12 |             32 |         2.67 |
|  sys_clock_IBUF_BUFG | dut/core1/mem_wb/RegWriteW_reg_28[0]                   | reset_rtl_IBUF                                                   |                9 |             32 |         3.56 |
|  sys_clock_IBUF_BUFG | dut/core1/mem_wb/RegWriteW_reg_30[0]                   | reset_rtl_IBUF                                                   |               14 |             32 |         2.29 |
|  sys_clock_IBUF_BUFG | dut/core1/mem_wb/RegWriteW_reg_4[0]                    | reset_rtl_IBUF                                                   |               14 |             32 |         2.29 |
|  sys_clock_IBUF_BUFG | dut/core1/mem_wb/RegWriteW_reg_6[0]                    | reset_rtl_IBUF                                                   |               15 |             32 |         2.13 |
|  sys_clock_IBUF_BUFG | dut/core1/mem_wb/RegWriteW_reg_5[0]                    | reset_rtl_IBUF                                                   |               17 |             32 |         1.88 |
|  sys_clock_IBUF_BUFG | dut/core1/mem_wb/RegWriteW_reg_10[0]                   | reset_rtl_IBUF                                                   |               13 |             32 |         2.46 |
|  sys_clock_IBUF_BUFG | dut/core1/mem_wb/RegWriteW_reg_16[0]                   | reset_rtl_IBUF                                                   |               25 |             32 |         1.28 |
|  sys_clock_IBUF_BUFG | dut/core1/mem_wb/RegWriteW_reg_8[0]                    | reset_rtl_IBUF                                                   |               14 |             32 |         2.29 |
|  sys_clock_IBUF_BUFG | dut/core1/mem_wb/RegWriteW_reg_9[0]                    | reset_rtl_IBUF                                                   |               14 |             32 |         2.29 |
|  sys_clock_IBUF_BUFG | dut/core1/mem_wb/RegWriteW_reg_21[0]                   | reset_rtl_IBUF                                                   |               10 |             32 |         3.20 |
|  sys_clock_IBUF_BUFG | dut/core1/mem_wb/RegWriteW_reg_15[0]                   | reset_rtl_IBUF                                                   |               13 |             32 |         2.46 |
|  sys_clock_IBUF_BUFG | dut/core1/mem_wb/RegWriteW_reg_12[0]                   | reset_rtl_IBUF                                                   |               17 |             32 |         1.88 |
|  sys_clock_IBUF_BUFG | dut/core1/mem_wb/RegWriteW_reg_14[0]                   | reset_rtl_IBUF                                                   |               12 |             32 |         2.67 |
|  sys_clock_IBUF_BUFG | dut/core1/mem_wb/RegWriteW_reg_23[0]                   | reset_rtl_IBUF                                                   |               11 |             32 |         2.91 |
|  sys_clock_IBUF_BUFG | dut/core1/id_ex/PC_Write                               | reset_rtl_IBUF                                                   |                9 |             32 |         3.56 |
|  sys_clock_IBUF_BUFG | dut/core0/id_ex/PC_Write                               | reset_rtl_IBUF                                                   |                9 |             32 |         3.56 |
|  sys_clock_IBUF_BUFG | dut/core1/id_ex/E[0]                                   | reset_rtl_IBUF                                                   |               14 |             32 |         2.29 |
|  sys_clock_IBUF_BUFG | dut/core1/id_ex/state_reg[0]                           | reset_rtl_IBUF                                                   |               14 |             32 |         2.29 |
|  sys_clock_IBUF_BUFG | dut/core1/id_ex/mdu_issued_reg[0]                      | reset_rtl_IBUF                                                   |               10 |             35 |         3.50 |
|  sys_clock_IBUF_BUFG | dut/core0/id_ex/mdu_issued_reg[0]                      | reset_rtl_IBUF                                                   |               10 |             35 |         3.50 |
|  sys_clock_IBUF_BUFG | dut/arbiter/core0_i_197_9                              |                                                                  |               16 |             64 |         4.00 |
|  sys_clock_IBUF_BUFG | dut/arbiter/core0_i_197_7                              |                                                                  |               16 |             64 |         4.00 |
|  sys_clock_IBUF_BUFG | dut/arbiter/core0_i_197_1                              |                                                                  |               16 |             64 |         4.00 |
|  sys_clock_IBUF_BUFG | dut/arbiter/core0_i_197_12                             |                                                                  |               16 |             64 |         4.00 |
|  sys_clock_IBUF_BUFG | dut/arbiter/core0_i_197_16                             |                                                                  |               16 |             64 |         4.00 |
|  sys_clock_IBUF_BUFG | dut/arbiter/core0_i_197_3                              |                                                                  |               16 |             64 |         4.00 |
|  sys_clock_IBUF_BUFG | dut/arbiter/core0_i_197_6                              |                                                                  |               16 |             64 |         4.00 |
|  sys_clock_IBUF_BUFG | dut/arbiter/core0_i_197_11                             |                                                                  |               16 |             64 |         4.00 |
|  sys_clock_IBUF_BUFG | dut/arbiter/core0_i_197_5                              |                                                                  |               16 |             64 |         4.00 |
|  sys_clock_IBUF_BUFG | dut/arbiter/core0_i_197_0                              |                                                                  |               16 |             64 |         4.00 |
|  sys_clock_IBUF_BUFG | dut/arbiter/core0_i_247_3                              |                                                                  |               16 |             64 |         4.00 |
|  sys_clock_IBUF_BUFG | dut/arbiter/core0_i_247_0                              |                                                                  |               16 |             64 |         4.00 |
|  sys_clock_IBUF_BUFG | dut/arbiter/core0_i_247_1                              |                                                                  |               16 |             64 |         4.00 |
|  sys_clock_IBUF_BUFG | dut/arbiter/core0_i_247_2                              |                                                                  |               16 |             64 |         4.00 |
|  sys_clock_IBUF_BUFG | dut/arbiter/core0_i_247_5                              |                                                                  |               16 |             64 |         4.00 |
|  sys_clock_IBUF_BUFG | dut/arbiter/core0_i_247_4                              |                                                                  |               16 |             64 |         4.00 |
|  sys_clock_IBUF_BUFG | dut/arbiter/ram_reg_0_127_0_0_i_10_0                   |                                                                  |               16 |             64 |         4.00 |
|  sys_clock_IBUF_BUFG | dut/arbiter/ram_reg_0_127_8_8_i_7_3                    |                                                                  |               16 |             64 |         4.00 |
|  sys_clock_IBUF_BUFG | dut/arbiter/ram_reg_0_127_0_0_i_14_1                   |                                                                  |               16 |             64 |         4.00 |
|  sys_clock_IBUF_BUFG | dut/arbiter/ram_reg_0_127_16_16_i_3_9                  |                                                                  |               16 |             64 |         4.00 |
|  sys_clock_IBUF_BUFG | dut/arbiter/ram_reg_0_127_0_0_i_13_2                   |                                                                  |               16 |             64 |         4.00 |
|  sys_clock_IBUF_BUFG | dut/arbiter/ram_reg_0_127_16_16_i_3_5                  |                                                                  |               16 |             64 |         4.00 |
|  sys_clock_IBUF_BUFG | dut/arbiter/ram_reg_0_127_16_16_i_6_0                  |                                                                  |               16 |             64 |         4.00 |
|  sys_clock_IBUF_BUFG | dut/arbiter/ram_reg_0_127_0_0_i_10_4                   |                                                                  |               16 |             64 |         4.00 |
|  sys_clock_IBUF_BUFG | dut/arbiter/ram_reg_0_127_0_0_i_10_1                   |                                                                  |               16 |             64 |         4.00 |
|  sys_clock_IBUF_BUFG | dut/arbiter/ram_reg_0_127_0_0_i_10_6                   |                                                                  |               16 |             64 |         4.00 |
|  sys_clock_IBUF_BUFG | dut/arbiter/ram_reg_0_127_0_0_i_13_5                   |                                                                  |               16 |             64 |         4.00 |
|  sys_clock_IBUF_BUFG | dut/arbiter/ram_reg_0_127_0_0_i_13_8                   |                                                                  |               16 |             64 |         4.00 |
|  sys_clock_IBUF_BUFG | dut/arbiter/ram_reg_0_127_0_0_i_13_1                   |                                                                  |               16 |             64 |         4.00 |
|  sys_clock_IBUF_BUFG | dut/arbiter/ram_reg_0_127_16_16_i_3_4                  |                                                                  |               16 |             64 |         4.00 |
|  sys_clock_IBUF_BUFG | dut/arbiter/ram_reg_0_127_0_0_i_10_9                   |                                                                  |               16 |             64 |         4.00 |
|  sys_clock_IBUF_BUFG | dut/arbiter/ram_reg_0_127_0_0_i_10_2                   |                                                                  |               16 |             64 |         4.00 |
|  sys_clock_IBUF_BUFG | dut/arbiter/ram_reg_0_127_0_0_i_10_3                   |                                                                  |               16 |             64 |         4.00 |
|  sys_clock_IBUF_BUFG | dut/arbiter/ram_reg_0_127_0_0_i_14_2                   |                                                                  |               16 |             64 |         4.00 |
|  sys_clock_IBUF_BUFG | dut/arbiter/ram_reg_0_127_0_0_i_10_5                   |                                                                  |               16 |             64 |         4.00 |
|  sys_clock_IBUF_BUFG | dut/arbiter/ram_reg_0_127_0_0_i_10_8                   |                                                                  |               16 |             64 |         4.00 |
|  sys_clock_IBUF_BUFG | dut/arbiter/ram_reg_0_127_0_0_i_13_6                   |                                                                  |               16 |             64 |         4.00 |
|  sys_clock_IBUF_BUFG | dut/arbiter/ram_reg_0_127_0_0_i_14_0                   |                                                                  |               16 |             64 |         4.00 |
|  sys_clock_IBUF_BUFG | dut/arbiter/ram_reg_0_127_0_0_i_14_5                   |                                                                  |               16 |             64 |         4.00 |
|  sys_clock_IBUF_BUFG | dut/arbiter/ram_reg_0_127_0_0_i_13_4                   |                                                                  |               16 |             64 |         4.00 |
|  sys_clock_IBUF_BUFG | dut/arbiter/ram_reg_0_127_0_0_i_10_7                   |                                                                  |               16 |             64 |         4.00 |
|  sys_clock_IBUF_BUFG | dut/arbiter/ram_reg_0_127_0_0_i_14_4                   |                                                                  |               16 |             64 |         4.00 |
|  sys_clock_IBUF_BUFG | dut/arbiter/ram_reg_0_127_0_0_i_13_0                   |                                                                  |               16 |             64 |         4.00 |
|  sys_clock_IBUF_BUFG | dut/arbiter/ram_reg_0_127_16_16_i_3_0                  |                                                                  |               16 |             64 |         4.00 |
|  sys_clock_IBUF_BUFG | dut/arbiter/ram_reg_0_127_0_0_i_13_3                   |                                                                  |               16 |             64 |         4.00 |
|  sys_clock_IBUF_BUFG | dut/arbiter/ram_reg_0_127_0_0_i_13_7                   |                                                                  |               16 |             64 |         4.00 |
|  sys_clock_IBUF_BUFG | dut/arbiter/ram_reg_0_127_0_0_i_14_3                   |                                                                  |               16 |             64 |         4.00 |
|  sys_clock_IBUF_BUFG | dut/arbiter/ram_reg_0_127_16_16_i_3_1                  |                                                                  |               16 |             64 |         4.00 |
|  sys_clock_IBUF_BUFG | dut/arbiter/ram_reg_0_127_16_16_i_3_2                  |                                                                  |               16 |             64 |         4.00 |
|  sys_clock_IBUF_BUFG | dut/arbiter/ram_reg_0_127_16_16_i_3_6                  |                                                                  |               16 |             64 |         4.00 |
|  sys_clock_IBUF_BUFG | dut/arbiter/ram_reg_0_127_16_16_i_3_7                  |                                                                  |               16 |             64 |         4.00 |
|  sys_clock_IBUF_BUFG | dut/arbiter/ram_reg_0_127_16_16_i_3_8                  |                                                                  |               16 |             64 |         4.00 |
|  sys_clock_IBUF_BUFG | dut/arbiter/ram_reg_0_127_16_16_i_3_3                  |                                                                  |               16 |             64 |         4.00 |
|  sys_clock_IBUF_BUFG | dut/arbiter/ram_reg_0_127_8_8_i_10_9                   |                                                                  |               16 |             64 |         4.00 |
|  sys_clock_IBUF_BUFG | dut/arbiter/ram_reg_0_127_8_8_i_11_1                   |                                                                  |               16 |             64 |         4.00 |
|  sys_clock_IBUF_BUFG | dut/arbiter/ram_reg_0_127_8_8_i_10_5                   |                                                                  |               16 |             64 |         4.00 |
|  sys_clock_IBUF_BUFG | dut/arbiter/ram_reg_0_127_8_8_i_10_10                  |                                                                  |               16 |             64 |         4.00 |
|  sys_clock_IBUF_BUFG | dut/arbiter/ram_reg_0_127_8_8_i_10_3                   |                                                                  |               16 |             64 |         4.00 |
|  sys_clock_IBUF_BUFG | dut/arbiter/ram_reg_0_127_8_8_i_10_23                  |                                                                  |               16 |             64 |         4.00 |
|  sys_clock_IBUF_BUFG | dut/arbiter/ram_reg_0_127_8_8_i_10_6                   |                                                                  |               16 |             64 |         4.00 |
|  sys_clock_IBUF_BUFG | dut/arbiter/ram_reg_0_127_24_24_i_7_2                  |                                                                  |               16 |             64 |         4.00 |
|  sys_clock_IBUF_BUFG | dut/core1/execute_unit/u_fpu/u_fma/add_A_r[0]          | reset_rtl_IBUF                                                   |               13 |             64 |         4.92 |
|  sys_clock_IBUF_BUFG | dut/arbiter/ram_reg_0_127_16_16_i_6_6                  |                                                                  |               16 |             64 |         4.00 |
|  sys_clock_IBUF_BUFG | dut/arbiter/ram_reg_0_127_24_24_i_4_1                  |                                                                  |               16 |             64 |         4.00 |
|  sys_clock_IBUF_BUFG | dut/arbiter/ram_reg_0_127_8_8_i_11_2                   |                                                                  |               16 |             64 |         4.00 |
|  sys_clock_IBUF_BUFG | dut/arbiter/ram_reg_0_127_24_24_i_7_4                  |                                                                  |               16 |             64 |         4.00 |
|  sys_clock_IBUF_BUFG | dut/arbiter/ram_reg_0_127_24_24_i_7_0                  |                                                                  |               16 |             64 |         4.00 |
|  sys_clock_IBUF_BUFG | dut/arbiter/ram_reg_0_127_8_8_i_10_13                  |                                                                  |               16 |             64 |         4.00 |
|  sys_clock_IBUF_BUFG | dut/arbiter/ram_reg_0_127_8_8_i_10_16                  |                                                                  |               16 |             64 |         4.00 |
|  sys_clock_IBUF_BUFG | dut/arbiter/ram_reg_0_127_24_24_i_7_1                  |                                                                  |               16 |             64 |         4.00 |
|  sys_clock_IBUF_BUFG | dut/arbiter/ram_reg_0_127_8_8_i_10_24                  |                                                                  |               16 |             64 |         4.00 |
|  sys_clock_IBUF_BUFG | dut/arbiter/ram_reg_0_127_8_8_i_10_25                  |                                                                  |               16 |             64 |         4.00 |
|  sys_clock_IBUF_BUFG | dut/arbiter/ram_reg_0_127_8_8_i_10_17                  |                                                                  |               16 |             64 |         4.00 |
|  sys_clock_IBUF_BUFG | dut/arbiter/ram_reg_0_127_8_8_i_10_18                  |                                                                  |               16 |             64 |         4.00 |
|  sys_clock_IBUF_BUFG | dut/arbiter/ram_reg_0_127_8_8_i_10_19                  |                                                                  |               16 |             64 |         4.00 |
|  sys_clock_IBUF_BUFG | dut/arbiter/ram_reg_0_127_8_8_i_10_1                   |                                                                  |               16 |             64 |         4.00 |
|  sys_clock_IBUF_BUFG | dut/arbiter/ram_reg_0_127_24_24_i_4_5                  |                                                                  |               16 |             64 |         4.00 |
|  sys_clock_IBUF_BUFG | dut/arbiter/ram_reg_0_127_24_24_i_4_4                  |                                                                  |               16 |             64 |         4.00 |
|  sys_clock_IBUF_BUFG | dut/arbiter/ram_reg_0_127_8_8_i_11_3                   |                                                                  |               16 |             64 |         4.00 |
|  sys_clock_IBUF_BUFG | dut/arbiter/ram_reg_0_127_8_8_i_11_0                   |                                                                  |               16 |             64 |         4.00 |
|  sys_clock_IBUF_BUFG | dut/arbiter/ram_reg_0_127_24_24_i_7_6                  |                                                                  |               16 |             64 |         4.00 |
|  sys_clock_IBUF_BUFG | dut/arbiter/ram_reg_0_127_24_24_i_4_3                  |                                                                  |               16 |             64 |         4.00 |
|  sys_clock_IBUF_BUFG | dut/arbiter/ram_reg_0_127_16_16_i_6_4                  |                                                                  |               16 |             64 |         4.00 |
|  sys_clock_IBUF_BUFG | dut/arbiter/ram_reg_0_127_24_24_i_4_0                  |                                                                  |               16 |             64 |         4.00 |
|  sys_clock_IBUF_BUFG | dut/arbiter/ram_reg_0_127_24_24_i_7_3                  |                                                                  |               16 |             64 |         4.00 |
|  sys_clock_IBUF_BUFG | dut/arbiter/ram_reg_0_127_8_8_i_10_12                  |                                                                  |               16 |             64 |         4.00 |
|  sys_clock_IBUF_BUFG | dut/arbiter/ram_reg_0_127_24_24_i_4_8                  |                                                                  |               16 |             64 |         4.00 |
|  sys_clock_IBUF_BUFG | dut/arbiter/ram_reg_0_127_24_24_i_4_2                  |                                                                  |               16 |             64 |         4.00 |
|  sys_clock_IBUF_BUFG | dut/arbiter/ram_reg_0_127_8_8_i_10_14                  |                                                                  |               16 |             64 |         4.00 |
|  sys_clock_IBUF_BUFG | dut/arbiter/ram_reg_0_127_24_24_i_7_5                  |                                                                  |               16 |             64 |         4.00 |
|  sys_clock_IBUF_BUFG | dut/arbiter/ram_reg_0_127_8_8_i_10_2                   |                                                                  |               16 |             64 |         4.00 |
|  sys_clock_IBUF_BUFG | dut/arbiter/ram_reg_0_127_24_24_i_4_7                  |                                                                  |               16 |             64 |         4.00 |
|  sys_clock_IBUF_BUFG | dut/arbiter/ram_reg_0_127_24_24_i_4_6                  |                                                                  |               16 |             64 |         4.00 |
|  sys_clock_IBUF_BUFG | dut/arbiter/ram_reg_0_127_8_8_i_11_4                   |                                                                  |               16 |             64 |         4.00 |
|  sys_clock_IBUF_BUFG | dut/arbiter/ram_reg_0_127_24_24_i_4_9                  |                                                                  |               16 |             64 |         4.00 |
|  sys_clock_IBUF_BUFG | dut/arbiter/ram_reg_0_127_8_8_i_10_0                   |                                                                  |               16 |             64 |         4.00 |
|  sys_clock_IBUF_BUFG | dut/arbiter/ram_reg_0_127_8_8_i_10_20                  |                                                                  |               16 |             64 |         4.00 |
|  sys_clock_IBUF_BUFG | dut/arbiter/ram_reg_0_127_8_8_i_10_26                  |                                                                  |               16 |             64 |         4.00 |
|  sys_clock_IBUF_BUFG | dut/arbiter/ram_reg_0_127_8_8_i_10_11                  |                                                                  |               16 |             64 |         4.00 |
|  sys_clock_IBUF_BUFG | dut/arbiter/ram_reg_0_127_8_8_i_10_15                  |                                                                  |               16 |             64 |         4.00 |
|  sys_clock_IBUF_BUFG | dut/arbiter/ram_reg_0_127_8_8_i_10_21                  |                                                                  |               16 |             64 |         4.00 |
|  sys_clock_IBUF_BUFG | dut/arbiter/ram_reg_0_127_8_8_i_10_4                   |                                                                  |               16 |             64 |         4.00 |
|  sys_clock_IBUF_BUFG | dut/arbiter/ram_reg_0_127_8_8_i_10_22                  |                                                                  |               16 |             64 |         4.00 |
|  sys_clock_IBUF_BUFG | dut/arbiter/ram_reg_0_127_16_16_i_6_1                  |                                                                  |               16 |             64 |         4.00 |
|  sys_clock_IBUF_BUFG | dut/arbiter/ram_reg_0_127_16_16_i_6_3                  |                                                                  |               16 |             64 |         4.00 |
|  sys_clock_IBUF_BUFG | dut/arbiter/ram_reg_0_127_16_16_i_6_5                  |                                                                  |               16 |             64 |         4.00 |
|  sys_clock_IBUF_BUFG | dut/arbiter/ram_reg_0_127_8_8_i_10_7                   |                                                                  |               16 |             64 |         4.00 |
|  sys_clock_IBUF_BUFG | dut/arbiter/ram_reg_0_127_8_8_i_10_8                   |                                                                  |               16 |             64 |         4.00 |
|  sys_clock_IBUF_BUFG | dut/arbiter/ram_reg_0_127_16_16_i_6_2                  |                                                                  |               16 |             64 |         4.00 |
|  sys_clock_IBUF_BUFG | dut/arbiter/ram_reg_0_127_8_8_i_7_2                    |                                                                  |               16 |             64 |         4.00 |
|  sys_clock_IBUF_BUFG | dut/arbiter/ram_reg_0_127_8_8_i_7_6                    |                                                                  |               16 |             64 |         4.00 |
|  sys_clock_IBUF_BUFG | dut/arbiter/ram_reg_0_127_8_8_i_7_7                    |                                                                  |               16 |             64 |         4.00 |
|  sys_clock_IBUF_BUFG | dut/arbiter/ram_reg_0_127_8_8_i_7_8                    |                                                                  |               16 |             64 |         4.00 |
|  sys_clock_IBUF_BUFG | dut/arbiter/ram_reg_0_127_8_8_i_7_0                    |                                                                  |               16 |             64 |         4.00 |
|  sys_clock_IBUF_BUFG | dut/arbiter/ram_reg_0_127_8_8_i_11_5                   |                                                                  |               16 |             64 |         4.00 |
|  sys_clock_IBUF_BUFG | dut/arbiter/ram_reg_0_127_8_8_i_7_4                    |                                                                  |               16 |             64 |         4.00 |
|  sys_clock_IBUF_BUFG | dut/arbiter/ram_reg_0_127_8_8_i_7_9                    |                                                                  |               16 |             64 |         4.00 |
|  sys_clock_IBUF_BUFG | dut/arbiter/ram_reg_0_127_8_8_i_11_6                   |                                                                  |               16 |             64 |         4.00 |
|  sys_clock_IBUF_BUFG | dut/arbiter/ram_reg_0_127_0_0_i_14_6                   |                                                                  |               16 |             64 |         4.00 |
|  sys_clock_IBUF_BUFG | dut/arbiter/ram_reg_0_127_8_8_i_7_1                    |                                                                  |               16 |             64 |         4.00 |
|  sys_clock_IBUF_BUFG | dut/arbiter/ram_reg_0_127_8_8_i_7_5                    |                                                                  |               16 |             64 |         4.00 |
|  sys_clock_IBUF_BUFG | dut/core0/execute_unit/u_fpu/u_fma/add_A_r[0]          | reset_rtl_IBUF                                                   |               17 |             64 |         3.76 |
|  sys_clock_IBUF_BUFG | dut/arbiter/core0_i_197_13                             |                                                                  |               16 |             64 |         4.00 |
|  sys_clock_IBUF_BUFG | dut/arbiter/core0_i_197_10                             |                                                                  |               16 |             64 |         4.00 |
|  sys_clock_IBUF_BUFG | dut/arbiter/core0_i_197_8                              |                                                                  |               16 |             64 |         4.00 |
|  sys_clock_IBUF_BUFG | dut/arbiter/core0_i_197_17                             |                                                                  |               16 |             64 |         4.00 |
|  sys_clock_IBUF_BUFG | dut/arbiter/core0_i_197_2                              |                                                                  |               16 |             64 |         4.00 |
|  sys_clock_IBUF_BUFG | dut/arbiter/core0_i_197_14                             |                                                                  |               16 |             64 |         4.00 |
|  sys_clock_IBUF_BUFG | dut/arbiter/core0_i_197_15                             |                                                                  |               16 |             64 |         4.00 |
|  sys_clock_IBUF_BUFG | dut/arbiter/core0_i_197_4                              |                                                                  |               16 |             64 |         4.00 |
|  sys_clock_IBUF_BUFG | dut/core0/id_ex/Stall_Core_External_0                  | dut/core0/id_ex/rst_2                                            |               49 |             82 |         1.67 |
|  sys_clock_IBUF_BUFG | dut/core1/id_ex/Stall_Core_External_0                  | dut/core1/id_ex/rst_2                                            |               43 |             82 |         1.91 |
|  sys_clock_IBUF_BUFG | dut/core1/execute_unit/mdu_unit/remainder[0]           | reset_rtl_IBUF                                                   |               24 |             95 |         3.96 |
|  sys_clock_IBUF_BUFG | dut/core0/execute_unit/mdu_unit/remainder[0]           | reset_rtl_IBUF                                                   |               26 |             95 |         3.65 |
|  sys_clock_IBUF_BUFG | dut/core0/id_ex/FSM_onehot_state_reg[0][0]             | reset_rtl_IBUF                                                   |               48 |            101 |         2.10 |
|  sys_clock_IBUF_BUFG | dut/core1/id_ex/FSM_onehot_state_reg[0][0]             | reset_rtl_IBUF                                                   |               32 |            101 |         3.16 |
|  sys_clock_IBUF_BUFG | dut/arbiter/Stall_Core_External                        | reset_rtl_IBUF                                                   |               30 |            105 |         3.50 |
|  sys_clock_IBUF_BUFG | dut/arbiter/turn_debug_reg_1                           | reset_rtl_IBUF                                                   |               25 |            105 |         4.20 |
|  sys_clock_IBUF_BUFG |                                                        | reset_rtl_IBUF                                                   |               73 |            110 |         1.51 |
|  sys_clock_IBUF_BUFG | dut/arbiter/Stall_Core_External                        | dut/core1/id_ex/SR[0]                                            |               49 |            116 |         2.37 |
|  sys_clock_IBUF_BUFG | dut/arbiter/turn_debug_reg_1                           | dut/core0/id_ex/SR[0]                                            |               52 |            116 |         2.23 |
|  sys_clock_IBUF_BUFG | dut/core1/id_ex/p_1_in                                 | dut/core1/id_ex/rst_0                                            |              132 |            311 |         2.36 |
|  sys_clock_IBUF_BUFG | dut/core0/id_ex/p_1_in                                 | dut/core0/id_ex/rst_0                                            |              119 |            311 |         2.61 |
|  sys_clock_IBUF_BUFG |                                                        |                                                                  |             1213 |           4501 |         3.71 |
+----------------------+--------------------------------------------------------+------------------------------------------------------------------+------------------+----------------+--------------+


