INFO: [VRFC 10-2263] Analyzing Verilog file "D:/Study/KLTN/Risc_V_new/Risc_V/rtl/ALU.v" into library xil_defaultlib
INFO: [VRFC 10-311] analyzing module ALU
INFO: [VRFC 10-2263] Analyzing Verilog file "D:/Study/KLTN/Risc_V_new/Risc_V/rtl/ALU_Decoder.v" into library xil_defaultlib
INFO: [VRFC 10-311] analyzing module ALU_Decoder
INFO: [VRFC 10-2263] Analyzing Verilog file "D:/Study/KLTN/Risc_V_new/Risc_V/rtl/Control_Unit.v" into library xil_defaultlib
INFO: [VRFC 10-311] analyzing module Control_Unit
INFO: [VRFC 10-2263] Analyzing Verilog file "D:/Study/KLTN/Risc_V_new/Risc_V/rtl/FPU.v" into library xil_defaultlib
INFO: [VRFC 10-311] analyzing module FP_Sqrt
INFO: [VRFC 10-311] analyzing module FP_CVT
INFO: [VRFC 10-311] analyzing module FP_Mul
INFO: [VRFC 10-311] analyzing module FP_Add
INFO: [VRFC 10-311] analyzing module FP_FMA
INFO: [VRFC 10-311] analyzing module FPU
INFO: [VRFC 10-2263] Analyzing Verilog file "D:/Study/KLTN/Risc_V_new/Risc_V/rtl/FPU_Decoder.v" into library xil_defaultlib
INFO: [VRFC 10-311] analyzing module FPU_Decoder
INFO: [VRFC 10-2263] Analyzing Verilog file "D:/Study/KLTN/Risc_V_new/Risc_V/rtl/FP_Add.v" into library xil_defaultlib
INFO: [VRFC 10-311] analyzing module FP_Add
WARNING: [VRFC 10-3609] overwriting previous definition of module 'FP_Add' [D:/Study/KLTN/Risc_V_new/Risc_V/rtl/FP_Add.v:1]
INFO: [VRFC 10-2263] Analyzing Verilog file "D:/Study/KLTN/Risc_V_new/Risc_V/rtl/FP_CVT.v" into library xil_defaultlib
INFO: [VRFC 10-311] analyzing module FP_CVT
WARNING: [VRFC 10-3609] overwriting previous definition of module 'FP_CVT' [D:/Study/KLTN/Risc_V_new/Risc_V/rtl/FP_CVT.v:3]
INFO: [VRFC 10-2263] Analyzing Verilog file "D:/Study/KLTN/Risc_V_new/Risc_V/rtl/FP_Div.v" into library xil_defaultlib
INFO: [VRFC 10-311] analyzing module FP_Div
INFO: [VRFC 10-2263] Analyzing Verilog file "D:/Study/KLTN/Risc_V_new/Risc_V/rtl/FP_FMA.v" into library xil_defaultlib
INFO: [VRFC 10-311] analyzing module FP_Mul
WARNING: [VRFC 10-3609] overwriting previous definition of module 'FP_Mul' [D:/Study/KLTN/Risc_V_new/Risc_V/rtl/FP_Mul.v:2]
INFO: [VRFC 10-311] analyzing module FP_Add
INFO: [VRFC 10-311] analyzing module FP_FMA
WARNING: [VRFC 10-3609] overwriting previous definition of module 'FP_FMA' [D:/Study/KLTN/Risc_V_new/Risc_V/rtl/FP_FMA.v:5]
INFO: [VRFC 10-2263] Analyzing Verilog file "D:/Study/KLTN/Risc_V_new/Risc_V/rtl/FP_Mul.v" into library xil_defaultlib
INFO: [VRFC 10-311] analyzing module FP_Mul
INFO: [VRFC 10-2263] Analyzing Verilog file "D:/Study/KLTN/Risc_V_new/Risc_V/rtl/FP_Register_File.v" into library xil_defaultlib
INFO: [VRFC 10-311] analyzing module FP_Register_File
INFO: [VRFC 10-2263] Analyzing Verilog file "D:/Study/KLTN/Risc_V_new/Risc_V/rtl/FP_sqrt.v" into library xil_defaultlib
INFO: [VRFC 10-311] analyzing module FP_Sqrt
WARNING: [VRFC 10-3609] overwriting previous definition of module 'FP_Sqrt' [D:/Study/KLTN/Risc_V_new/Risc_V/rtl/FP_sqrt.v:3]
INFO: [VRFC 10-2263] Analyzing Verilog file "D:/Study/KLTN/Risc_V_new/Risc_V/rtl/Main_Decoder.v" into library xil_defaultlib
INFO: [VRFC 10-311] analyzing module Main_Decoder
INFO: [VRFC 10-2263] Analyzing Verilog file "D:/Study/KLTN/Risc_V_new/Risc_V/rtl/Mux_3_by_1.v" into library xil_defaultlib
INFO: [VRFC 10-311] analyzing module Mux_3_by_1
INFO: [VRFC 10-2263] Analyzing Verilog file "D:/Study/KLTN/Risc_V_new/Risc_V/rtl/PC_Adder.v" into library xil_defaultlib
INFO: [VRFC 10-311] analyzing module PC_Adder
INFO: [VRFC 10-2263] Analyzing Verilog file "D:/Study/KLTN/Risc_V_new/Risc_V/rtl/PC_module.v" into library xil_defaultlib
INFO: [VRFC 10-311] analyzing module PC_module
INFO: [VRFC 10-2263] Analyzing Verilog file "D:/Study/KLTN/Risc_V_new/Risc_V/rtl/RV32IMFA.v" into library xil_defaultlib
INFO: [VRFC 10-311] analyzing module RV32IMFA
INFO: [VRFC 10-2263] Analyzing Verilog file "D:/Study/KLTN/Risc_V_new/Risc_V/rtl/RV32IMFA_DualCore_Wrapper.v" into library xil_defaultlib
INFO: [VRFC 10-311] analyzing module RV32IMFA_DualCore_Wrapper
INFO: [VRFC 10-2263] Analyzing Verilog file "D:/Study/KLTN/Risc_V_new/Risc_V/rtl/Register_File.v" into library xil_defaultlib
INFO: [VRFC 10-311] analyzing module Register_File
INFO: [VRFC 10-2263] Analyzing Verilog file "D:/Study/KLTN/Risc_V_new/Risc_V/rtl/Sign_Extend.v" into library xil_defaultlib
INFO: [VRFC 10-311] analyzing module Sign_Extend
INFO: [VRFC 10-2263] Analyzing Verilog file "D:/Study/KLTN/Risc_V_new/Risc_V/rtl/decode_stage.v" into library xil_defaultlib
INFO: [VRFC 10-311] analyzing module decode_stage
INFO: [VRFC 10-2263] Analyzing Verilog file "D:/Study/KLTN/Risc_V_new/Risc_V/rtl/ex_mem_registers.v" into library xil_defaultlib
INFO: [VRFC 10-311] analyzing module ex_mem_registers
INFO: [VRFC 10-2263] Analyzing Verilog file "D:/Study/KLTN/Risc_V_new/Risc_V/rtl/execute_stage.v" into library xil_defaultlib
INFO: [VRFC 10-311] analyzing module execute_stage
INFO: [VRFC 10-311] analyzing module MDU
INFO: [VRFC 10-2263] Analyzing Verilog file "D:/Study/KLTN/Risc_V_new/Risc_V/rtl/fetch_stage.v" into library xil_defaultlib
INFO: [VRFC 10-311] analyzing module fetch_stage
INFO: [VRFC 10-2263] Analyzing Verilog file "D:/Study/KLTN/Risc_V_new/Risc_V/rtl/hazard_unit.v" into library xil_defaultlib
INFO: [VRFC 10-311] analyzing module hazard_unit
INFO: [VRFC 10-2263] Analyzing Verilog file "D:/Study/KLTN/Risc_V_new/Risc_V/rtl/id_ex_registers.v" into library xil_defaultlib
INFO: [VRFC 10-311] analyzing module id_ex_registers
INFO: [VRFC 10-2263] Analyzing Verilog file "D:/Study/KLTN/Risc_V_new/Risc_V/rtl/if_id_registers.v" into library xil_defaultlib
INFO: [VRFC 10-311] analyzing module if_id_registers
INFO: [VRFC 10-2263] Analyzing Verilog file "D:/Study/KLTN/Risc_V_new/Risc_V/rtl/mem_wb_registers.v" into library xil_defaultlib
INFO: [VRFC 10-311] analyzing module mem_wb_registers
INFO: [VRFC 10-2263] Analyzing Verilog file "D:/Study/KLTN/Risc_V_new/Risc_V/rtl/memory_stage.v" into library xil_defaultlib
INFO: [VRFC 10-311] analyzing module memory_stage
INFO: [VRFC 10-2263] Analyzing Verilog file "D:/Study/KLTN/Risc_V_new/Risc_V/rtl/mux.v" into library xil_defaultlib
INFO: [VRFC 10-311] analyzing module mux
INFO: [VRFC 10-2263] Analyzing Verilog file "D:/Study/KLTN/Risc_V_new/Risc_V/rtl/round_robin_arbiter_2core.v" into library xil_defaultlib
INFO: [VRFC 10-311] analyzing module round_robin_arbiter_2core
INFO: [VRFC 10-2263] Analyzing Verilog file "D:/Study/KLTN/Risc_V_new/Risc_V/rtl/writeback_stage.v" into library xil_defaultlib
INFO: [VRFC 10-311] analyzing module writeback_stage
INFO: [VRFC 10-2263] Analyzing Verilog file "D:/Study/KLTN/Risc_V_new/Risc_V/sim/tb_top.v" into library xil_defaultlib
INFO: [VRFC 10-311] analyzing module tb_top
INFO: [VRFC 10-2263] Analyzing Verilog file "D:/Study/KLTN/Risc_V_new/Risc_V/Risc_V.sim/sim_1/behav/xsim/glbl.v" into library xil_defaultlib
INFO: [VRFC 10-311] analyzing module glbl
