Vivado Simulator v2022.2
Copyright 1986-1999, 2001-2022 Xilinx, Inc. All Rights Reserved.
Running: D:/Xillinx/Vivado/2022.2/bin/unwrapped/win64.o/xelab.exe --incr --debug typical --relax --mt 2 -L xil_defaultlib -L unisims_ver -L unimacro_ver -L secureip --snapshot tb_top_behav xil_defaultlib.tb_top xil_defaultlib.glbl -log elaborate.log 
Using 2 slave threads.
Starting static elaboration
Pass Through NonSizing Optimizer
WARNING: [VRFC 10-2861] module 'RV32IMFA_DualCore_Wrapper' does not have a parameter named CORE0_RESET_ADDR [D:/Study/KLTN/Risc_V_new/Risc_V/sim/tb_top.v:146]
WARNING: [VRFC 10-2861] module 'RV32IMFA_DualCore_Wrapper' does not have a parameter named CORE1_RESET_ADDR [D:/Study/KLTN/Risc_V_new/Risc_V/sim/tb_top.v:147]
Completed static elaboration
Starting simulation data flow analysis
Completed simulation data flow analysis
Time Resolution for simulation is 1ps
Compiling module xil_defaultlib.mux
Compiling module xil_defaultlib.PC_module(RESET_VECTOR=32'b01000...
Compiling module xil_defaultlib.PC_Adder
Compiling module xil_defaultlib.fetch_stage(RESET_ADDR=32'b01000...
Compiling module xil_defaultlib.if_id_registers
Compiling module xil_defaultlib.Main_Decoder
Compiling module xil_defaultlib.ALU_Decoder
Compiling module xil_defaultlib.FPU_Decoder
Compiling module xil_defaultlib.Control_Unit
Compiling module xil_defaultlib.Register_File
Compiling module xil_defaultlib.FP_Register_File
Compiling module xil_defaultlib.Sign_Extend
Compiling module xil_defaultlib.decode_stage
Compiling module xil_defaultlib.id_ex_registers
Compiling module xil_defaultlib.Mux_3_by_1
Compiling module xil_defaultlib.ALU
Compiling module xil_defaultlib.MDU
Compiling module xil_defaultlib.FP_Add
Compiling module xil_defaultlib.FP_Mul
Compiling module xil_defaultlib.FP_Div
Compiling module xil_defaultlib.FP_Sqrt
Compiling module xil_defaultlib.FP_CVT
Compiling module xil_defaultlib.FP_FMA
Compiling module xil_defaultlib.FPU
Compiling module xil_defaultlib.execute_stage
Compiling module xil_defaultlib.ex_mem_registers
Compiling module xil_defaultlib.memory_stage
Compiling module xil_defaultlib.mem_wb_registers
Compiling module xil_defaultlib.writeback_stage
Compiling module xil_defaultlib.hazard_unit
Compiling module xil_defaultlib.RV32IMFA
Compiling module xil_defaultlib.round_robin_arbiter_2core
Compiling module xil_defaultlib.RV32IMFA_DualCore_Wrapper
Compiling module xil_defaultlib.tb_top
Compiling module xil_defaultlib.glbl
Built simulation snapshot tb_top_behav
