
*** Running vivado
    with args -log RV32IMFA_DualCore_BoardTop.vds -m64 -product Vivado -mode batch -messageDb vivado.pb -notrace -source RV32IMFA_DualCore_BoardTop.tcl



****** Vivado v2022.2 (64-bit)
  **** SW Build 3671981 on Fri Oct 14 05:00:03 MDT 2022
  **** IP Build 3669848 on Fri Oct 14 08:30:02 MDT 2022
    ** Copyright 1986-2022 Xilinx, Inc. All Rights Reserved.

source RV32IMFA_DualCore_BoardTop.tcl -notrace
create_project: Time (s): cpu = 00:00:07 ; elapsed = 00:00:15 . Memory (MB): peak = 409.988 ; gain = 99.961
Command: synth_design -top RV32IMFA_DualCore_BoardTop -part xc7z030fbv676-1
Starting synth_design
Attempting to get a license for feature 'Synthesis' and/or device 'xc7z030'
INFO: [Common 17-349] Got license for feature 'Synthesis' and/or device 'xc7z030'
INFO: [Device 21-403] Loading part xc7z030fbv676-1
INFO: [Synth 8-7079] Multithreading enabled for synth_design using a maximum of 2 processes.
INFO: [Synth 8-7078] Launching helper process for spawning children vivado processes
INFO: [Synth 8-7075] Helper process launched with PID 23792
INFO: [Synth 8-11241] undeclared symbol 'REGCCE', assumed default net type 'wire' [D:/Xillinx/Vivado/2022.2/data/verilog/src/unimacro/BRAM_SINGLE_MACRO.v:2170]
CRITICAL WARNING: [Synth 8-9873] overwriting previous definition of module 'FP_Mul' [D:/Study/KLTN/Risc_V_new/Risc_V/rtl/FP_Mul.v:99]
INFO: [Synth 8-9937] previous definition of design element 'FP_Mul' is here [D:/Study/KLTN/Risc_V_new/Risc_V/rtl/FP_Mul.v:99]
CRITICAL WARNING: [Synth 8-9873] overwriting previous definition of module 'FP_Add' [D:/Study/KLTN/Risc_V_new/Risc_V/rtl/FP_Add.v:133]
INFO: [Synth 8-9937] previous definition of design element 'FP_Add' is here [D:/Study/KLTN/Risc_V_new/Risc_V/rtl/FP_Add.v:133]
CRITICAL WARNING: [Synth 8-9873] overwriting previous definition of module 'FP_Sqrt' [D:/Study/KLTN/Risc_V_new/Risc_V/rtl/FP_sqrt.v:156]
INFO: [Synth 8-9937] previous definition of design element 'FP_Sqrt' is here [D:/Study/KLTN/Risc_V_new/Risc_V/rtl/FP_sqrt.v:156]
CRITICAL WARNING: [Synth 8-9873] overwriting previous definition of module 'FP_CVT' [D:/Study/KLTN/Risc_V_new/Risc_V/rtl/FP_CVT.v:206]
INFO: [Synth 8-9937] previous definition of design element 'FP_CVT' is here [D:/Study/KLTN/Risc_V_new/Risc_V/rtl/FP_CVT.v:206]
CRITICAL WARNING: [Synth 8-9873] overwriting previous definition of module 'FP_Mul' [D:/Study/KLTN/Risc_V_new/Risc_V/rtl/FP_Mul.v:99]
INFO: [Synth 8-9937] previous definition of design element 'FP_Mul' is here [D:/Study/KLTN/Risc_V_new/Risc_V/rtl/FP_Mul.v:99]
CRITICAL WARNING: [Synth 8-9873] overwriting previous definition of module 'FP_Add' [D:/Study/KLTN/Risc_V_new/Risc_V/rtl/FP_Add.v:133]
INFO: [Synth 8-9937] previous definition of design element 'FP_Add' is here [D:/Study/KLTN/Risc_V_new/Risc_V/rtl/FP_Add.v:133]
CRITICAL WARNING: [Synth 8-9873] overwriting previous definition of module 'FP_FMA' [D:/Study/KLTN/Risc_V_new/Risc_V/rtl/FP_FMA.v:200]
INFO: [Synth 8-9937] previous definition of design element 'FP_FMA' is here [D:/Study/KLTN/Risc_V_new/Risc_V/rtl/FP_FMA.v:200]
---------------------------------------------------------------------------------
Starting RTL Elaboration : Time (s): cpu = 00:00:05 ; elapsed = 00:00:06 . Memory (MB): peak = 1271.203 ; gain = 412.504
---------------------------------------------------------------------------------
INFO: [Synth 8-6157] synthesizing module 'RV32IMFA_DualCore_BoardTop' [D:/Study/KLTN/Risc_V_new/Risc_V/rtl/RV32IMFA_DualCore_BoardTop.v:3]
INFO: [Synth 8-3876] $readmem data file 'program.mem' is read successfully [D:/Study/KLTN/Risc_V_new/Risc_V/rtl/RV32IMFA_DualCore_BoardTop.v:35]
INFO: [Synth 8-6157] synthesizing module 'RV32IMFA_DualCore_Wrapper' [D:/Study/KLTN/Risc_V_new/Risc_V/rtl/RV32IMFA_DualCore_Wrapper.v:3]
INFO: [Synth 8-6157] synthesizing module 'RV32IMFA' [D:/Study/KLTN/Risc_V_new/Risc_V/rtl/RV32IMFA.v:3]
INFO: [Synth 8-6157] synthesizing module 'fetch_stage' [D:/Study/KLTN/Risc_V_new/Risc_V/rtl/fetch_stage.v:3]
	Parameter RESET_ADDR bound to: 4096 - type: integer 
INFO: [Synth 8-6157] synthesizing module 'mux' [D:/Study/KLTN/Risc_V_new/Risc_V/rtl/mux.v:1]
INFO: [Synth 8-6155] done synthesizing module 'mux' (0#1) [D:/Study/KLTN/Risc_V_new/Risc_V/rtl/mux.v:1]
INFO: [Synth 8-6157] synthesizing module 'PC_module' [D:/Study/KLTN/Risc_V_new/Risc_V/rtl/PC_module.v:1]
	Parameter RESET_VECTOR bound to: 4096 - type: integer 
INFO: [Synth 8-6155] done synthesizing module 'PC_module' (0#1) [D:/Study/KLTN/Risc_V_new/Risc_V/rtl/PC_module.v:1]
INFO: [Synth 8-6157] synthesizing module 'PC_Adder' [D:/Study/KLTN/Risc_V_new/Risc_V/rtl/PC_Adder.v:1]
INFO: [Synth 8-6155] done synthesizing module 'PC_Adder' (0#1) [D:/Study/KLTN/Risc_V_new/Risc_V/rtl/PC_Adder.v:1]
INFO: [Synth 8-6155] done synthesizing module 'fetch_stage' (0#1) [D:/Study/KLTN/Risc_V_new/Risc_V/rtl/fetch_stage.v:3]
INFO: [Synth 8-6157] synthesizing module 'if_id_registers' [D:/Study/KLTN/Risc_V_new/Risc_V/rtl/if_id_registers.v:3]
INFO: [Synth 8-6155] done synthesizing module 'if_id_registers' (0#1) [D:/Study/KLTN/Risc_V_new/Risc_V/rtl/if_id_registers.v:3]
INFO: [Synth 8-6157] synthesizing module 'decode_stage' [D:/Study/KLTN/Risc_V_new/Risc_V/rtl/decode_stage.v:3]
INFO: [Synth 8-6157] synthesizing module 'Control_Unit' [D:/Study/KLTN/Risc_V_new/Risc_V/rtl/Control_Unit.v:3]
INFO: [Synth 8-6157] synthesizing module 'Main_Decoder' [D:/Study/KLTN/Risc_V_new/Risc_V/rtl/Main_Decoder.v:3]
INFO: [Synth 8-6155] done synthesizing module 'Main_Decoder' (0#1) [D:/Study/KLTN/Risc_V_new/Risc_V/rtl/Main_Decoder.v:3]
INFO: [Synth 8-6157] synthesizing module 'ALU_Decoder' [D:/Study/KLTN/Risc_V_new/Risc_V/rtl/ALU_Decoder.v:3]
INFO: [Synth 8-226] default block is never used [D:/Study/KLTN/Risc_V_new/Risc_V/rtl/ALU_Decoder.v:34]
INFO: [Synth 8-226] default block is never used [D:/Study/KLTN/Risc_V_new/Risc_V/rtl/ALU_Decoder.v:39]
INFO: [Synth 8-226] default block is never used [D:/Study/KLTN/Risc_V_new/Risc_V/rtl/ALU_Decoder.v:51]
INFO: [Synth 8-6155] done synthesizing module 'ALU_Decoder' (0#1) [D:/Study/KLTN/Risc_V_new/Risc_V/rtl/ALU_Decoder.v:3]
INFO: [Synth 8-6157] synthesizing module 'FPU_Decoder' [D:/Study/KLTN/Risc_V_new/Risc_V/rtl/FPU_Decoder.v:3]
INFO: [Synth 8-6155] done synthesizing module 'FPU_Decoder' (0#1) [D:/Study/KLTN/Risc_V_new/Risc_V/rtl/FPU_Decoder.v:3]
INFO: [Synth 8-6155] done synthesizing module 'Control_Unit' (0#1) [D:/Study/KLTN/Risc_V_new/Risc_V/rtl/Control_Unit.v:3]
INFO: [Synth 8-6157] synthesizing module 'Register_File' [D:/Study/KLTN/Risc_V_new/Risc_V/rtl/Register_File.v:3]
INFO: [Synth 8-6155] done synthesizing module 'Register_File' (0#1) [D:/Study/KLTN/Risc_V_new/Risc_V/rtl/Register_File.v:3]
INFO: [Synth 8-6157] synthesizing module 'FP_Register_File' [D:/Study/KLTN/Risc_V_new/Risc_V/rtl/FP_Register_File.v:3]
INFO: [Synth 8-6155] done synthesizing module 'FP_Register_File' (0#1) [D:/Study/KLTN/Risc_V_new/Risc_V/rtl/FP_Register_File.v:3]
INFO: [Synth 8-6157] synthesizing module 'Sign_Extend' [D:/Study/KLTN/Risc_V_new/Risc_V/rtl/Sign_Extend.v:3]
INFO: [Synth 8-6155] done synthesizing module 'Sign_Extend' (0#1) [D:/Study/KLTN/Risc_V_new/Risc_V/rtl/Sign_Extend.v:3]
INFO: [Synth 8-6155] done synthesizing module 'decode_stage' (0#1) [D:/Study/KLTN/Risc_V_new/Risc_V/rtl/decode_stage.v:3]
INFO: [Synth 8-6157] synthesizing module 'id_ex_registers' [D:/Study/KLTN/Risc_V_new/Risc_V/rtl/id_ex_registers.v:3]
INFO: [Synth 8-6155] done synthesizing module 'id_ex_registers' (0#1) [D:/Study/KLTN/Risc_V_new/Risc_V/rtl/id_ex_registers.v:3]
INFO: [Synth 8-6157] synthesizing module 'execute_stage' [D:/Study/KLTN/Risc_V_new/Risc_V/rtl/execute_stage.v:3]
INFO: [Synth 8-6157] synthesizing module 'Mux_3_by_1' [D:/Study/KLTN/Risc_V_new/Risc_V/rtl/Mux_3_by_1.v:1]
INFO: [Synth 8-6155] done synthesizing module 'Mux_3_by_1' (0#1) [D:/Study/KLTN/Risc_V_new/Risc_V/rtl/Mux_3_by_1.v:1]
INFO: [Synth 8-6157] synthesizing module 'ALU' [D:/Study/KLTN/Risc_V_new/Risc_V/rtl/ALU.v:3]
INFO: [Synth 8-6155] done synthesizing module 'ALU' (0#1) [D:/Study/KLTN/Risc_V_new/Risc_V/rtl/ALU.v:3]
INFO: [Synth 8-6157] synthesizing module 'MDU' [D:/Study/KLTN/Risc_V_new/Risc_V/rtl/execute_stage.v:370]
INFO: [Synth 8-6155] done synthesizing module 'MDU' (0#1) [D:/Study/KLTN/Risc_V_new/Risc_V/rtl/execute_stage.v:370]
INFO: [Synth 8-6157] synthesizing module 'FPU' [D:/Study/KLTN/Risc_V_new/Risc_V/rtl/FPU.v:7]
INFO: [Synth 8-6157] synthesizing module 'FP_Add' [D:/Study/KLTN/Risc_V_new/Risc_V/rtl/FP_Add.v:1]
INFO: [Synth 8-6155] done synthesizing module 'FP_Add' (0#1) [D:/Study/KLTN/Risc_V_new/Risc_V/rtl/FP_Add.v:1]
INFO: [Synth 8-6157] synthesizing module 'FP_Mul' [D:/Study/KLTN/Risc_V_new/Risc_V/rtl/FP_Mul.v:1]
INFO: [Synth 8-6155] done synthesizing module 'FP_Mul' (0#1) [D:/Study/KLTN/Risc_V_new/Risc_V/rtl/FP_Mul.v:1]
INFO: [Synth 8-6157] synthesizing module 'FP_Div' [D:/Study/KLTN/Risc_V_new/Risc_V/rtl/FP_Div.v:3]
INFO: [Synth 8-6155] done synthesizing module 'FP_Div' (0#1) [D:/Study/KLTN/Risc_V_new/Risc_V/rtl/FP_Div.v:3]
INFO: [Synth 8-6157] synthesizing module 'FP_Sqrt' [D:/Study/KLTN/Risc_V_new/Risc_V/rtl/FP_sqrt.v:3]
INFO: [Synth 8-226] default block is never used [D:/Study/KLTN/Risc_V_new/Risc_V/rtl/FP_sqrt.v:76]
INFO: [Synth 8-6155] done synthesizing module 'FP_Sqrt' (0#1) [D:/Study/KLTN/Risc_V_new/Risc_V/rtl/FP_sqrt.v:3]
INFO: [Synth 8-6157] synthesizing module 'FP_CVT' [D:/Study/KLTN/Risc_V_new/Risc_V/rtl/FP_CVT.v:3]
INFO: [Synth 8-6155] done synthesizing module 'FP_CVT' (0#1) [D:/Study/KLTN/Risc_V_new/Risc_V/rtl/FP_CVT.v:3]
INFO: [Synth 8-6157] synthesizing module 'FP_FMA' [D:/Study/KLTN/Risc_V_new/Risc_V/rtl/FP_FMA.v:5]
INFO: [Synth 8-6155] done synthesizing module 'FP_FMA' (0#1) [D:/Study/KLTN/Risc_V_new/Risc_V/rtl/FP_FMA.v:5]
INFO: [Synth 8-6155] done synthesizing module 'FPU' (0#1) [D:/Study/KLTN/Risc_V_new/Risc_V/rtl/FPU.v:7]
INFO: [Synth 8-6155] done synthesizing module 'execute_stage' (0#1) [D:/Study/KLTN/Risc_V_new/Risc_V/rtl/execute_stage.v:3]
INFO: [Synth 8-6157] synthesizing module 'ex_mem_registers' [D:/Study/KLTN/Risc_V_new/Risc_V/rtl/ex_mem_registers.v:3]
INFO: [Synth 8-6155] done synthesizing module 'ex_mem_registers' (0#1) [D:/Study/KLTN/Risc_V_new/Risc_V/rtl/ex_mem_registers.v:3]
INFO: [Synth 8-6157] synthesizing module 'memory_stage' [D:/Study/KLTN/Risc_V_new/Risc_V/rtl/memory_stage.v:3]
INFO: [Synth 8-6155] done synthesizing module 'memory_stage' (0#1) [D:/Study/KLTN/Risc_V_new/Risc_V/rtl/memory_stage.v:3]
INFO: [Synth 8-6157] synthesizing module 'mem_wb_registers' [D:/Study/KLTN/Risc_V_new/Risc_V/rtl/mem_wb_registers.v:3]
INFO: [Synth 8-6155] done synthesizing module 'mem_wb_registers' (0#1) [D:/Study/KLTN/Risc_V_new/Risc_V/rtl/mem_wb_registers.v:3]
INFO: [Synth 8-6157] synthesizing module 'writeback_stage' [D:/Study/KLTN/Risc_V_new/Risc_V/rtl/writeback_stage.v:3]
INFO: [Synth 8-226] default block is never used [D:/Study/KLTN/Risc_V_new/Risc_V/rtl/writeback_stage.v:14]
INFO: [Synth 8-6155] done synthesizing module 'writeback_stage' (0#1) [D:/Study/KLTN/Risc_V_new/Risc_V/rtl/writeback_stage.v:3]
INFO: [Synth 8-6157] synthesizing module 'hazard_unit' [D:/Study/KLTN/Risc_V_new/Risc_V/rtl/hazard_unit.v:3]
INFO: [Synth 8-6155] done synthesizing module 'hazard_unit' (0#1) [D:/Study/KLTN/Risc_V_new/Risc_V/rtl/hazard_unit.v:3]
INFO: [Synth 8-6155] done synthesizing module 'RV32IMFA' (0#1) [D:/Study/KLTN/Risc_V_new/Risc_V/rtl/RV32IMFA.v:3]
INFO: [Synth 8-6157] synthesizing module 'round_robin_arbiter_2core' [D:/Study/KLTN/Risc_V_new/Risc_V/rtl/round_robin_arbiter_2core.v:3]
INFO: [Synth 8-226] default block is never used [D:/Study/KLTN/Risc_V_new/Risc_V/rtl/round_robin_arbiter_2core.v:79]
INFO: [Synth 8-6155] done synthesizing module 'round_robin_arbiter_2core' (0#1) [D:/Study/KLTN/Risc_V_new/Risc_V/rtl/round_robin_arbiter_2core.v:3]
INFO: [Synth 8-6155] done synthesizing module 'RV32IMFA_DualCore_Wrapper' (0#1) [D:/Study/KLTN/Risc_V_new/Risc_V/rtl/RV32IMFA_DualCore_Wrapper.v:3]
INFO: [Synth 8-6155] done synthesizing module 'RV32IMFA_DualCore_BoardTop' (0#1) [D:/Study/KLTN/Risc_V_new/Risc_V/rtl/RV32IMFA_DualCore_BoardTop.v:3]
WARNING: [Synth 8-6014] Unused sequential element rounded_reg was removed.  [D:/Study/KLTN/Risc_V_new/Risc_V/rtl/FP_Add.v:122]
WARNING: [Synth 8-3936] Found unconnected internal register 's4_norm_m_reg' and it is trimmed from '28' to '27' bits. [D:/Study/KLTN/Risc_V_new/Risc_V/rtl/FP_Add.v:109]
WARNING: [Synth 8-6014] Unused sequential element sign_r_reg was removed.  [D:/Study/KLTN/Risc_V_new/Risc_V/rtl/FP_Div.v:65]
WARNING: [Synth 8-6014] Unused sequential element mant_a_reg was removed.  [D:/Study/KLTN/Risc_V_new/Risc_V/rtl/FP_Div.v:83]
WARNING: [Synth 8-6014] Unused sequential element mant_b_reg was removed.  [D:/Study/KLTN/Risc_V_new/Risc_V/rtl/FP_Div.v:84]
WARNING: [Synth 8-6014] Unused sequential element exp_r_reg was removed.  [D:/Study/KLTN/Risc_V_new/Risc_V/rtl/FP_Div.v:86]
WARNING: [Synth 8-6014] Unused sequential element div_tmp_reg was removed.  [D:/Study/KLTN/Risc_V_new/Risc_V/rtl/FP_Div.v:90]
WARNING: [Synth 8-6014] Unused sequential element quot_reg was removed.  [D:/Study/KLTN/Risc_V_new/Risc_V/rtl/FP_Div.v:91]
WARNING: [Synth 8-6014] Unused sequential element exp_norm_reg was removed.  [D:/Study/KLTN/Risc_V_new/Risc_V/rtl/FP_Div.v:93]
WARNING: [Synth 8-6014] Unused sequential element quot_norm_reg was removed.  [D:/Study/KLTN/Risc_V_new/Risc_V/rtl/FP_Div.v:94]
WARNING: [Synth 8-6014] Unused sequential element mant_reg was removed.  [D:/Study/KLTN/Risc_V_new/Risc_V/rtl/FP_sqrt.v:98]
WARNING: [Synth 8-6014] Unused sequential element exp_unbias_reg was removed.  [D:/Study/KLTN/Risc_V_new/Risc_V/rtl/FP_sqrt.v:100]
WARNING: [Synth 8-6014] Unused sequential element radicand_reg was removed.  [D:/Study/KLTN/Risc_V_new/Risc_V/rtl/FP_sqrt.v:105]
WARNING: [Synth 8-6014] Unused sequential element exp_sqrt_reg was removed.  [D:/Study/KLTN/Risc_V_new/Risc_V/rtl/FP_sqrt.v:106]
WARNING: [Synth 8-6014] Unused sequential element root_reg was removed.  [D:/Study/KLTN/Risc_V_new/Risc_V/rtl/FP_sqrt.v:113]
WARNING: [Synth 8-6014] Unused sequential element exp_out_reg was removed.  [D:/Study/KLTN/Risc_V_new/Risc_V/rtl/FP_sqrt.v:114]
WARNING: [Synth 8-6014] Unused sequential element frac_out_reg was removed.  [D:/Study/KLTN/Risc_V_new/Risc_V/rtl/FP_sqrt.v:118]
WARNING: [Synth 8-6014] Unused sequential element root_shifted_reg was removed.  [D:/Study/KLTN/Risc_V_new/Risc_V/rtl/FP_sqrt.v:121]
WARNING: [Synth 8-7129] Port rst_n in module FP_Add is either unconnected or has no load
WARNING: [Synth 8-7129] Port rst_n in module FP_Mul is either unconnected or has no load
WARNING: [Synth 8-7129] Port PCPlus4E[31] in module execute_stage is either unconnected or has no load
WARNING: [Synth 8-7129] Port PCPlus4E[30] in module execute_stage is either unconnected or has no load
WARNING: [Synth 8-7129] Port PCPlus4E[29] in module execute_stage is either unconnected or has no load
WARNING: [Synth 8-7129] Port PCPlus4E[28] in module execute_stage is either unconnected or has no load
WARNING: [Synth 8-7129] Port PCPlus4E[27] in module execute_stage is either unconnected or has no load
WARNING: [Synth 8-7129] Port PCPlus4E[26] in module execute_stage is either unconnected or has no load
WARNING: [Synth 8-7129] Port PCPlus4E[25] in module execute_stage is either unconnected or has no load
WARNING: [Synth 8-7129] Port PCPlus4E[24] in module execute_stage is either unconnected or has no load
WARNING: [Synth 8-7129] Port PCPlus4E[23] in module execute_stage is either unconnected or has no load
WARNING: [Synth 8-7129] Port PCPlus4E[22] in module execute_stage is either unconnected or has no load
WARNING: [Synth 8-7129] Port PCPlus4E[21] in module execute_stage is either unconnected or has no load
WARNING: [Synth 8-7129] Port PCPlus4E[20] in module execute_stage is either unconnected or has no load
WARNING: [Synth 8-7129] Port PCPlus4E[19] in module execute_stage is either unconnected or has no load
WARNING: [Synth 8-7129] Port PCPlus4E[18] in module execute_stage is either unconnected or has no load
WARNING: [Synth 8-7129] Port PCPlus4E[17] in module execute_stage is either unconnected or has no load
WARNING: [Synth 8-7129] Port PCPlus4E[16] in module execute_stage is either unconnected or has no load
WARNING: [Synth 8-7129] Port PCPlus4E[15] in module execute_stage is either unconnected or has no load
WARNING: [Synth 8-7129] Port PCPlus4E[14] in module execute_stage is either unconnected or has no load
WARNING: [Synth 8-7129] Port PCPlus4E[13] in module execute_stage is either unconnected or has no load
WARNING: [Synth 8-7129] Port PCPlus4E[12] in module execute_stage is either unconnected or has no load
WARNING: [Synth 8-7129] Port PCPlus4E[11] in module execute_stage is either unconnected or has no load
WARNING: [Synth 8-7129] Port PCPlus4E[10] in module execute_stage is either unconnected or has no load
WARNING: [Synth 8-7129] Port PCPlus4E[9] in module execute_stage is either unconnected or has no load
WARNING: [Synth 8-7129] Port PCPlus4E[8] in module execute_stage is either unconnected or has no load
WARNING: [Synth 8-7129] Port PCPlus4E[7] in module execute_stage is either unconnected or has no load
WARNING: [Synth 8-7129] Port PCPlus4E[6] in module execute_stage is either unconnected or has no load
WARNING: [Synth 8-7129] Port PCPlus4E[5] in module execute_stage is either unconnected or has no load
WARNING: [Synth 8-7129] Port PCPlus4E[4] in module execute_stage is either unconnected or has no load
WARNING: [Synth 8-7129] Port PCPlus4E[3] in module execute_stage is either unconnected or has no load
WARNING: [Synth 8-7129] Port PCPlus4E[2] in module execute_stage is either unconnected or has no load
WARNING: [Synth 8-7129] Port PCPlus4E[1] in module execute_stage is either unconnected or has no load
WARNING: [Synth 8-7129] Port PCPlus4E[0] in module execute_stage is either unconnected or has no load
WARNING: [Synth 8-7129] Port AtomicE in module execute_stage is either unconnected or has no load
WARNING: [Synth 8-7129] Port MemWriteE in module execute_stage is either unconnected or has no load
WARNING: [Synth 8-7129] Port In[6] in module Sign_Extend is either unconnected or has no load
WARNING: [Synth 8-7129] Port In[5] in module Sign_Extend is either unconnected or has no load
WARNING: [Synth 8-7129] Port In[4] in module Sign_Extend is either unconnected or has no load
WARNING: [Synth 8-7129] Port In[3] in module Sign_Extend is either unconnected or has no load
WARNING: [Synth 8-7129] Port In[2] in module Sign_Extend is either unconnected or has no load
WARNING: [Synth 8-7129] Port In[1] in module Sign_Extend is either unconnected or has no load
WARNING: [Synth 8-7129] Port In[0] in module Sign_Extend is either unconnected or has no load
---------------------------------------------------------------------------------
Finished RTL Elaboration : Time (s): cpu = 00:00:08 ; elapsed = 00:00:10 . Memory (MB): peak = 1407.312 ; gain = 548.613
---------------------------------------------------------------------------------
---------------------------------------------------------------------------------
Start Handling Custom Attributes
---------------------------------------------------------------------------------
---------------------------------------------------------------------------------
Finished Handling Custom Attributes : Time (s): cpu = 00:00:08 ; elapsed = 00:00:10 . Memory (MB): peak = 1407.312 ; gain = 548.613
---------------------------------------------------------------------------------
---------------------------------------------------------------------------------
Finished RTL Optimization Phase 1 : Time (s): cpu = 00:00:08 ; elapsed = 00:00:10 . Memory (MB): peak = 1407.312 ; gain = 548.613
---------------------------------------------------------------------------------
Netlist sorting complete. Time (s): cpu = 00:00:00 ; elapsed = 00:00:00.300 . Memory (MB): peak = 1407.312 ; gain = 0.000
INFO: [Project 1-570] Preparing netlist for logic optimization

Processing XDC Constraints
Initializing timing engine
Parsing XDC File [D:/Study/KLTN/Risc_V_new/Risc_V/constraints/riscv.xdc]
Finished Parsing XDC File [D:/Study/KLTN/Risc_V_new/Risc_V/constraints/riscv.xdc]
INFO: [Project 1-236] Implementation specific constraints were found while reading constraint file [D:/Study/KLTN/Risc_V_new/Risc_V/constraints/riscv.xdc]. These constraints will be ignored for synthesis but will be used in implementation. Impacted constraints are listed in the file [.Xil/RV32IMFA_DualCore_BoardTop_propImpl.xdc].
Resolution: To avoid this warning, move constraints listed in [.Xil/RV32IMFA_DualCore_BoardTop_propImpl.xdc] to another XDC file and exclude this new file from synthesis with the used_in_synthesis property (File Properties dialog in GUI) and re-run elaboration/synthesis.
Completed Processing XDC Constraints

Netlist sorting complete. Time (s): cpu = 00:00:00 ; elapsed = 00:00:00.004 . Memory (MB): peak = 1519.984 ; gain = 0.000
INFO: [Project 1-111] Unisim Transformation Summary:
No Unisim elements were transformed.

Constraint Validation Runtime : Time (s): cpu = 00:00:00 ; elapsed = 00:00:00.114 . Memory (MB): peak = 1519.984 ; gain = 0.000
INFO: [Synth 8-11241] undeclared symbol 'REGCCE', assumed default net type 'wire' [D:/Xillinx/Vivado/2022.2/data/verilog/src/unimacro/BRAM_SINGLE_MACRO.v:2170]
---------------------------------------------------------------------------------
Finished Constraint Validation : Time (s): cpu = 00:00:22 ; elapsed = 00:00:24 . Memory (MB): peak = 1519.984 ; gain = 661.285
---------------------------------------------------------------------------------
---------------------------------------------------------------------------------
Start Loading Part and Timing Information
---------------------------------------------------------------------------------
Loading part: xc7z030fbv676-1
---------------------------------------------------------------------------------
Finished Loading Part and Timing Information : Time (s): cpu = 00:00:22 ; elapsed = 00:00:24 . Memory (MB): peak = 1519.984 ; gain = 661.285
---------------------------------------------------------------------------------
---------------------------------------------------------------------------------
Start Applying 'set_property' XDC Constraints
---------------------------------------------------------------------------------
---------------------------------------------------------------------------------
Finished applying 'set_property' XDC Constraints : Time (s): cpu = 00:00:22 ; elapsed = 00:00:24 . Memory (MB): peak = 1519.984 ; gain = 661.285
---------------------------------------------------------------------------------
INFO: [Synth 8-802] inferred FSM for state register 'state_reg' in module 'FP_FMA'
---------------------------------------------------------------------------------------------------
                   State |                     New Encoding |                Previous Encoding 
---------------------------------------------------------------------------------------------------
                  S_IDLE |                              001 |                               00
              S_WAIT_MUL |                              010 |                               01
              S_WAIT_ADD |                              100 |                               10
---------------------------------------------------------------------------------------------------
INFO: [Synth 8-3354] encoded FSM with state register 'state_reg' using encoding 'one-hot' in module 'FP_FMA'
---------------------------------------------------------------------------------
Finished RTL Optimization Phase 2 : Time (s): cpu = 00:00:26 ; elapsed = 00:00:28 . Memory (MB): peak = 1519.984 ; gain = 661.285
---------------------------------------------------------------------------------
---------------------------------------------------------------------------------
Start RTL Component Statistics 
---------------------------------------------------------------------------------
Detailed RTL Component Info : 
+---Adders : 
	   2 Input   64 Bit       Adders := 2     
	   2 Input   48 Bit       Adders := 26    
	   3 Input   48 Bit       Adders := 52    
	   4 Input   48 Bit       Adders := 4     
	   2 Input   33 Bit       Adders := 2     
	   3 Input   33 Bit       Adders := 4     
	   2 Input   32 Bit       Adders := 32    
	   3 Input   28 Bit       Adders := 4     
	   2 Input   26 Bit       Adders := 4     
	   2 Input   23 Bit       Adders := 4     
	   3 Input   11 Bit       Adders := 6     
	   2 Input   11 Bit       Adders := 50    
	   2 Input   10 Bit       Adders := 2     
	   3 Input    9 Bit       Adders := 16    
	   2 Input    8 Bit       Adders := 12    
	   3 Input    8 Bit       Adders := 8     
	   2 Input    6 Bit       Adders := 2     
	   2 Input    4 Bit       Adders := 2     
+---XORs : 
	   2 Input     32 Bit         XORs := 4     
	   2 Input      1 Bit         XORs := 12    
+---Registers : 
	               48 Bit    Registers := 52    
	               46 Bit    Registers := 4     
	               44 Bit    Registers := 4     
	               42 Bit    Registers := 4     
	               40 Bit    Registers := 4     
	               38 Bit    Registers := 4     
	               36 Bit    Registers := 4     
	               34 Bit    Registers := 4     
	               33 Bit    Registers := 2     
	               32 Bit    Registers := 202   
	               30 Bit    Registers := 4     
	               28 Bit    Registers := 8     
	               27 Bit    Registers := 12    
	               26 Bit    Registers := 56    
	                9 Bit    Registers := 20    
	                8 Bit    Registers := 12    
	                7 Bit    Registers := 2     
	                6 Bit    Registers := 2     
	                5 Bit    Registers := 40    
	                4 Bit    Registers := 2     
	                3 Bit    Registers := 6     
	                2 Bit    Registers := 8     
	                1 Bit    Registers := 209   
+---Multipliers : 
	              32x32  Multipliers := 2     
	              32x33  Multipliers := 2     
+---RAMs : 
	             128K Bit	(4096 X 32 bit)          RAMs := 1     
+---Muxes : 
	   2 Input   48 Bit        Muxes := 48    
	   2 Input   33 Bit        Muxes := 4     
	   2 Input   32 Bit        Muxes := 156   
	   4 Input   32 Bit        Muxes := 23    
	   5 Input   32 Bit        Muxes := 2     
	  11 Input   32 Bit        Muxes := 2     
	  32 Input   32 Bit        Muxes := 4     
	   3 Input   32 Bit        Muxes := 4     
	   8 Input   32 Bit        Muxes := 1     
	   3 Input   31 Bit        Muxes := 8     
	   2 Input   31 Bit        Muxes := 8     
	   2 Input   28 Bit        Muxes := 8     
	   2 Input   27 Bit        Muxes := 28    
	   3 Input   26 Bit        Muxes := 4     
	   2 Input   25 Bit        Muxes := 44    
	   2 Input   24 Bit        Muxes := 64    
	   2 Input   23 Bit        Muxes := 10    
	   2 Input   22 Bit        Muxes := 8     
	   2 Input   11 Bit        Muxes := 6     
	  11 Input   10 Bit        Muxes := 2     
	   2 Input    9 Bit        Muxes := 4     
	   2 Input    8 Bit        Muxes := 8     
	   2 Input    6 Bit        Muxes := 12    
	  28 Input    5 Bit        Muxes := 4     
	   2 Input    5 Bit        Muxes := 26    
	   4 Input    5 Bit        Muxes := 8     
	   8 Input    5 Bit        Muxes := 2     
	  13 Input    5 Bit        Muxes := 2     
	   6 Input    5 Bit        Muxes := 2     
	   2 Input    4 Bit        Muxes := 2     
	   3 Input    4 Bit        Muxes := 2     
	  12 Input    4 Bit        Muxes := 2     
	   8 Input    4 Bit        Muxes := 2     
	   2 Input    3 Bit        Muxes := 8     
	  16 Input    3 Bit        Muxes := 2     
	  16 Input    2 Bit        Muxes := 6     
	   2 Input    2 Bit        Muxes := 10    
	   2 Input    1 Bit        Muxes := 345   
	   3 Input    1 Bit        Muxes := 10    
	  12 Input    1 Bit        Muxes := 2     
	   5 Input    1 Bit        Muxes := 2     
	   4 Input    1 Bit        Muxes := 8     
	  16 Input    1 Bit        Muxes := 18    
---------------------------------------------------------------------------------
Finished RTL Component Statistics 
---------------------------------------------------------------------------------
---------------------------------------------------------------------------------
Start Part Resource Summary
---------------------------------------------------------------------------------
Part Resources:
DSPs: 400 (col length:80)
BRAMs: 530 (col length: RAMB18 80 RAMB36 40)
---------------------------------------------------------------------------------
Finished Part Resource Summary
---------------------------------------------------------------------------------
---------------------------------------------------------------------------------
Start Cross Boundary and Area Optimization
---------------------------------------------------------------------------------
WARNING: [Synth 8-7080] Parallel synthesis criteria is not met
WARNING: [Synth 8-3936] Found unconnected internal register 'u_fma_add/s4_norm_m_reg' and it is trimmed from '27' to '26' bits. [D:/Study/KLTN/Risc_V_new/Risc_V/rtl/FP_Add.v:109]
WARNING: [Synth 8-3936] Found unconnected internal register 's4_norm_m_reg' and it is trimmed from '27' to '26' bits. [D:/Study/KLTN/Risc_V_new/Risc_V/rtl/FP_Add.v:109]
DSP Report: Generating DSP prod_uu, operation Mode is: A*B.
DSP Report: operator prod_uu is absorbed into DSP prod_uu.
DSP Report: operator prod_uu is absorbed into DSP prod_uu.
DSP Report: Generating DSP prod_uu, operation Mode is: (PCIN>>17)+A*B.
DSP Report: operator prod_uu is absorbed into DSP prod_uu.
DSP Report: operator prod_uu is absorbed into DSP prod_uu.
DSP Report: Generating DSP prod_uu, operation Mode is: A*B.
DSP Report: operator prod_uu is absorbed into DSP prod_uu.
DSP Report: operator prod_uu is absorbed into DSP prod_uu.
DSP Report: Generating DSP prod_uu, operation Mode is: (PCIN>>17)+A*B.
DSP Report: operator prod_uu is absorbed into DSP prod_uu.
DSP Report: operator prod_uu is absorbed into DSP prod_uu.
DSP Report: Generating DSP prod_su, operation Mode is: A*B.
DSP Report: operator prod_su is absorbed into DSP prod_su.
DSP Report: operator prod_su is absorbed into DSP prod_su.
DSP Report: Generating DSP prod_su, operation Mode is: (PCIN>>17)+A*B.
DSP Report: operator prod_su is absorbed into DSP prod_su.
DSP Report: operator prod_su is absorbed into DSP prod_su.
DSP Report: Generating DSP prod_su, operation Mode is: A*B.
DSP Report: operator prod_su is absorbed into DSP prod_su.
DSP Report: operator prod_su is absorbed into DSP prod_su.
DSP Report: Generating DSP prod_su, operation Mode is: (PCIN>>17)+A*B.
DSP Report: operator prod_su is absorbed into DSP prod_su.
DSP Report: operator prod_su is absorbed into DSP prod_su.
DSP Report: Generating DSP prod_ss, operation Mode is: A*B.
DSP Report: operator prod_ss is absorbed into DSP prod_ss.
DSP Report: operator prod_ss is absorbed into DSP prod_ss.
DSP Report: Generating DSP prod_ss, operation Mode is: (PCIN>>17)+A*B.
DSP Report: operator prod_ss is absorbed into DSP prod_ss.
DSP Report: operator prod_ss is absorbed into DSP prod_ss.
DSP Report: Generating DSP prod_ss, operation Mode is: A*B.
DSP Report: operator prod_ss is absorbed into DSP prod_ss.
DSP Report: operator prod_ss is absorbed into DSP prod_ss.
DSP Report: Generating DSP prod_ss, operation Mode is: (PCIN>>17)+A*B.
DSP Report: operator prod_ss is absorbed into DSP prod_ss.
DSP Report: operator prod_ss is absorbed into DSP prod_ss.
INFO: [Synth 8-6851] RAM (ram_reg) has partial Byte Wide Write Enable pattern, however no output register found in fanout of RAM. Recommended to use supported Byte Wide Write Enable template. 
---------------------------------------------------------------------------------
Finished Cross Boundary and Area Optimization : Time (s): cpu = 00:01:34 ; elapsed = 00:01:38 . Memory (MB): peak = 1634.055 ; gain = 775.355
---------------------------------------------------------------------------------
---------------------------------------------------------------------------------
Start ROM, RAM, DSP, Shift Register and Retiming Reporting
---------------------------------------------------------------------------------

Distributed RAM: Preliminary Mapping Report (see note below)
+---------------------------+------------+-----------+----------------------+-------------------+
|Module Name                | RTL Object | Inference | Size (Depth x Width) | Primitives        | 
+---------------------------+------------+-----------+----------------------+-------------------+
|RV32IMFA_DualCore_BoardTop | ram_reg    | Implied   | 4 K x 32             | RAM128X1D x 2048  | 
+---------------------------+------------+-----------+----------------------+-------------------+

Note: The table above is a preliminary report that shows the Distributed RAMs at the current stage of the synthesis flow. Some Distributed RAMs may be reimplemented as non Distributed RAM primitives later in the synthesis flow. Multiple instantiated RAMs are reported only once.

DSP: Preliminary Mapping Report (see note below. The ' indicates corresponding REG is set)
+------------+----------------+--------+--------+--------+--------+--------+------+------+------+------+-------+------+------+
|Module Name | DSP Mapping    | A Size | B Size | C Size | D Size | P Size | AREG | BREG | CREG | DREG | ADREG | MREG | PREG | 
+------------+----------------+--------+--------+--------+--------+--------+------+------+------+------+-------+------+------+
|MDU         | A*B            | 18     | 16     | -      | -      | 48     | 0    | 0    | -    | -    | -     | 0    | 0    | 
|MDU         | (PCIN>>17)+A*B | 16     | 16     | -      | -      | 48     | 0    | 0    | -    | -    | -     | 0    | 0    | 
|MDU         | A*B            | 18     | 18     | -      | -      | 48     | 0    | 0    | -    | -    | -     | 0    | 0    | 
|MDU         | (PCIN>>17)+A*B | 18     | 16     | -      | -      | 48     | 0    | 0    | -    | -    | -     | 0    | 0    | 
|MDU         | A*B            | 18     | 15     | -      | -      | 48     | 0    | 0    | -    | -    | -     | 0    | 0    | 
|MDU         | (PCIN>>17)+A*B | 16     | 15     | -      | -      | 48     | 0    | 0    | -    | -    | -     | 0    | 0    | 
|MDU         | A*B            | 18     | 18     | -      | -      | 48     | 0    | 0    | -    | -    | -     | 0    | 0    | 
|MDU         | (PCIN>>17)+A*B | 18     | 16     | -      | -      | 48     | 0    | 0    | -    | -    | -     | 0    | 0    | 
|MDU         | A*B            | 18     | 15     | -      | -      | 48     | 0    | 0    | -    | -    | -     | 0    | 0    | 
|MDU         | (PCIN>>17)+A*B | 15     | 15     | -      | -      | 30     | 0    | 0    | -    | -    | -     | 0    | 0    | 
|MDU         | A*B            | 18     | 18     | -      | -      | 48     | 0    | 0    | -    | -    | -     | 0    | 0    | 
|MDU         | (PCIN>>17)+A*B | 18     | 15     | -      | -      | 47     | 0    | 0    | -    | -    | -     | 0    | 0    | 
+------------+----------------+--------+--------+--------+--------+--------+------+------+------+------+-------+------+------+

Note: The table above is a preliminary report that shows the DSPs inferred at the current stage of the synthesis flow. Some DSP may be reimplemented as non DSP primitives later in the synthesis flow. Multiple instantiated DSPs are reported only once.
---------------------------------------------------------------------------------
Finished ROM, RAM, DSP, Shift Register and Retiming Reporting
---------------------------------------------------------------------------------
---------------------------------------------------------------------------------
Start Applying XDC Timing Constraints
---------------------------------------------------------------------------------
---------------------------------------------------------------------------------
Finished Applying XDC Timing Constraints : Time (s): cpu = 00:01:41 ; elapsed = 00:01:47 . Memory (MB): peak = 1634.055 ; gain = 775.355
---------------------------------------------------------------------------------
---------------------------------------------------------------------------------
Start Timing Optimization
---------------------------------------------------------------------------------
---------------------------------------------------------------------------------
Finished Timing Optimization : Time (s): cpu = 00:01:41 ; elapsed = 00:01:47 . Memory (MB): peak = 1634.055 ; gain = 775.355
---------------------------------------------------------------------------------
---------------------------------------------------------------------------------
Start ROM, RAM, DSP, Shift Register and Retiming Reporting
---------------------------------------------------------------------------------

Distributed RAM: Final Mapping Report
+---------------------------+------------+-----------+----------------------+-------------------+
|Module Name                | RTL Object | Inference | Size (Depth x Width) | Primitives        | 
+---------------------------+------------+-----------+----------------------+-------------------+
|RV32IMFA_DualCore_BoardTop | ram_reg    | Implied   | 4 K x 32             | RAM128X1D x 2048  | 
+---------------------------+------------+-----------+----------------------+-------------------+

---------------------------------------------------------------------------------
Finished ROM, RAM, DSP, Shift Register and Retiming Reporting
---------------------------------------------------------------------------------
---------------------------------------------------------------------------------
Start Technology Mapping
---------------------------------------------------------------------------------
---------------------------------------------------------------------------------
Finished Technology Mapping : Time (s): cpu = 00:01:46 ; elapsed = 00:01:51 . Memory (MB): peak = 1634.055 ; gain = 775.355
---------------------------------------------------------------------------------
---------------------------------------------------------------------------------
Start IO Insertion
---------------------------------------------------------------------------------
---------------------------------------------------------------------------------
Start Flattening Before IO Insertion
---------------------------------------------------------------------------------
---------------------------------------------------------------------------------
Finished Flattening Before IO Insertion
---------------------------------------------------------------------------------
---------------------------------------------------------------------------------
Start Final Netlist Cleanup
---------------------------------------------------------------------------------
---------------------------------------------------------------------------------
Finished Final Netlist Cleanup
---------------------------------------------------------------------------------
---------------------------------------------------------------------------------
Finished IO Insertion : Time (s): cpu = 00:01:51 ; elapsed = 00:01:56 . Memory (MB): peak = 1634.055 ; gain = 775.355
---------------------------------------------------------------------------------
---------------------------------------------------------------------------------
Start Renaming Generated Instances
---------------------------------------------------------------------------------
---------------------------------------------------------------------------------
Finished Renaming Generated Instances : Time (s): cpu = 00:01:51 ; elapsed = 00:01:57 . Memory (MB): peak = 1634.055 ; gain = 775.355
---------------------------------------------------------------------------------
---------------------------------------------------------------------------------
Start Rebuilding User Hierarchy
---------------------------------------------------------------------------------
---------------------------------------------------------------------------------
Finished Rebuilding User Hierarchy : Time (s): cpu = 00:01:53 ; elapsed = 00:01:59 . Memory (MB): peak = 1634.055 ; gain = 775.355
---------------------------------------------------------------------------------
---------------------------------------------------------------------------------
Start Renaming Generated Ports
---------------------------------------------------------------------------------
---------------------------------------------------------------------------------
Finished Renaming Generated Ports : Time (s): cpu = 00:01:54 ; elapsed = 00:02:00 . Memory (MB): peak = 1634.055 ; gain = 775.355
---------------------------------------------------------------------------------
---------------------------------------------------------------------------------
Start Handling Custom Attributes
---------------------------------------------------------------------------------
---------------------------------------------------------------------------------
Finished Handling Custom Attributes : Time (s): cpu = 00:01:55 ; elapsed = 00:02:00 . Memory (MB): peak = 1634.055 ; gain = 775.355
---------------------------------------------------------------------------------
---------------------------------------------------------------------------------
Start Renaming Generated Nets
---------------------------------------------------------------------------------
---------------------------------------------------------------------------------
Finished Renaming Generated Nets : Time (s): cpu = 00:01:55 ; elapsed = 00:02:00 . Memory (MB): peak = 1634.055 ; gain = 775.355
---------------------------------------------------------------------------------
---------------------------------------------------------------------------------
Start ROM, RAM, DSP, Shift Register and Retiming Reporting
---------------------------------------------------------------------------------

Static Shift Register Report:
+---------------------------+--------------------------------------------------------------------+--------+-------+--------------+--------------------+-------------------+--------+---------+
|Module Name                | RTL Name                                                           | Length | Width | Reset Signal | Pull out first Reg | Pull out last Reg | SRL16E | SRLC32E | 
+---------------------------+--------------------------------------------------------------------+--------+-------+--------------+--------------------+-------------------+--------+---------+
|RV32IMFA_DualCore_BoardTop | dut/core0/execute_unit/u_fpu/u_fma/u_fma_mul/s4_exp_reg[8]         | 4      | 9     | NO           | YES                | YES               | 9      | 0       | 
|RV32IMFA_DualCore_BoardTop | dut/core0/execute_unit/u_fpu/u_fma/u_fma_mul/s4_zero_reg           | 4      | 1     | NO           | NO                 | YES               | 1      | 0       | 
|RV32IMFA_DualCore_BoardTop | dut/core0/execute_unit/u_fpu/u_fma/u_fma_mul/s4_inf_reg            | 4      | 1     | NO           | NO                 | YES               | 1      | 0       | 
|RV32IMFA_DualCore_BoardTop | dut/core0/execute_unit/u_fpu/u_fma/u_fma_mul/s4_nan_reg            | 4      | 1     | NO           | NO                 | YES               | 1      | 0       | 
|RV32IMFA_DualCore_BoardTop | dut/core0/execute_unit/u_fpu/u_fma/u_fma_mul/s2_tree_l1_reg[5][21] | 3      | 8     | NO           | NO                 | YES               | 8      | 0       | 
|RV32IMFA_DualCore_BoardTop | dut/core0/execute_unit/u_fpu/u_fma/u_fma_mul/s3_tree_l2_reg[1][17] | 4      | 2     | NO           | NO                 | YES               | 2      | 0       | 
|RV32IMFA_DualCore_BoardTop | dut/core0/execute_unit/u_fpu/u_fma/u_fma_mul/s4_sign_reg           | 4      | 1     | NO           | NO                 | YES               | 1      | 0       | 
|RV32IMFA_DualCore_BoardTop | dut/core0/execute_unit/u_fpu/u_fma/u_fma_add/s3_exp_reg[7]         | 3      | 8     | NO           | NO                 | YES               | 8      | 0       | 
|RV32IMFA_DualCore_BoardTop | dut/core0/execute_unit/u_fpu/u_fma/u_fma_add/s4_inf_reg            | 4      | 1     | NO           | NO                 | YES               | 1      | 0       | 
|RV32IMFA_DualCore_BoardTop | dut/core0/execute_unit/u_fpu/u_fma/u_fma_add/s4_inf_sub_reg        | 4      | 1     | NO           | NO                 | YES               | 1      | 0       | 
|RV32IMFA_DualCore_BoardTop | dut/core0/execute_unit/u_fpu/u_fma/u_fma_add/s4_nan_reg            | 4      | 1     | NO           | NO                 | YES               | 1      | 0       | 
|RV32IMFA_DualCore_BoardTop | dut/core0/execute_unit/u_fpu/u_fma/u_fma_add/s4_sgn_reg            | 3      | 1     | NO           | NO                 | YES               | 1      | 0       | 
|RV32IMFA_DualCore_BoardTop | dut/core0/execute_unit/u_fpu/u_multiplier/s4_exp_reg[8]            | 4      | 9     | NO           | YES                | YES               | 9      | 0       | 
|RV32IMFA_DualCore_BoardTop | dut/core0/execute_unit/u_fpu/u_multiplier/s4_zero_reg              | 4      | 1     | NO           | NO                 | YES               | 1      | 0       | 
|RV32IMFA_DualCore_BoardTop | dut/core0/execute_unit/u_fpu/u_multiplier/s4_inf_reg               | 4      | 1     | NO           | NO                 | YES               | 1      | 0       | 
|RV32IMFA_DualCore_BoardTop | dut/core0/execute_unit/u_fpu/u_multiplier/s4_nan_reg               | 4      | 1     | NO           | NO                 | YES               | 1      | 0       | 
|RV32IMFA_DualCore_BoardTop | dut/core0/execute_unit/u_fpu/u_multiplier/s2_tree_l1_reg[5][21]    | 3      | 8     | NO           | NO                 | YES               | 8      | 0       | 
|RV32IMFA_DualCore_BoardTop | dut/core0/execute_unit/u_fpu/u_multiplier/s3_tree_l2_reg[1][17]    | 4      | 2     | NO           | NO                 | YES               | 2      | 0       | 
|RV32IMFA_DualCore_BoardTop | dut/core0/execute_unit/u_fpu/u_multiplier/s4_sign_reg              | 4      | 1     | NO           | NO                 | YES               | 1      | 0       | 
|RV32IMFA_DualCore_BoardTop | dut/core0/execute_unit/u_fpu/u_adder/s3_exp_reg[7]                 | 3      | 8     | NO           | NO                 | YES               | 8      | 0       | 
|RV32IMFA_DualCore_BoardTop | dut/core0/execute_unit/u_fpu/u_adder/s4_inf_reg                    | 4      | 1     | NO           | NO                 | YES               | 1      | 0       | 
|RV32IMFA_DualCore_BoardTop | dut/core0/execute_unit/u_fpu/u_adder/s4_inf_sub_reg                | 4      | 1     | NO           | NO                 | YES               | 1      | 0       | 
|RV32IMFA_DualCore_BoardTop | dut/core0/execute_unit/u_fpu/u_adder/s4_nan_reg                    | 4      | 1     | NO           | NO                 | YES               | 1      | 0       | 
|RV32IMFA_DualCore_BoardTop | dut/core0/execute_unit/u_fpu/u_adder/s4_sgn_reg                    | 3      | 1     | NO           | NO                 | YES               | 1      | 0       | 
|RV32IMFA_DualCore_BoardTop | dut/core1/execute_unit/u_fpu/u_fma/u_fma_mul/s4_exp_reg[8]         | 4      | 9     | NO           | YES                | YES               | 9      | 0       | 
|RV32IMFA_DualCore_BoardTop | dut/core1/execute_unit/u_fpu/u_fma/u_fma_mul/s4_zero_reg           | 4      | 1     | NO           | NO                 | YES               | 1      | 0       | 
|RV32IMFA_DualCore_BoardTop | dut/core1/execute_unit/u_fpu/u_fma/u_fma_mul/s4_inf_reg            | 4      | 1     | NO           | NO                 | YES               | 1      | 0       | 
|RV32IMFA_DualCore_BoardTop | dut/core1/execute_unit/u_fpu/u_fma/u_fma_mul/s4_nan_reg            | 4      | 1     | NO           | NO                 | YES               | 1      | 0       | 
|RV32IMFA_DualCore_BoardTop | dut/core1/execute_unit/u_fpu/u_fma/u_fma_mul/s2_tree_l1_reg[5][21] | 3      | 8     | NO           | NO                 | YES               | 8      | 0       | 
|RV32IMFA_DualCore_BoardTop | dut/core1/execute_unit/u_fpu/u_fma/u_fma_mul/s3_tree_l2_reg[1][17] | 4      | 2     | NO           | NO                 | YES               | 2      | 0       | 
|RV32IMFA_DualCore_BoardTop | dut/core1/execute_unit/u_fpu/u_fma/u_fma_mul/s4_sign_reg           | 4      | 1     | NO           | NO                 | YES               | 1      | 0       | 
|RV32IMFA_DualCore_BoardTop | dut/core1/execute_unit/u_fpu/u_fma/u_fma_add/s3_exp_reg[7]         | 3      | 8     | NO           | NO                 | YES               | 8      | 0       | 
|RV32IMFA_DualCore_BoardTop | dut/core1/execute_unit/u_fpu/u_fma/u_fma_add/s4_inf_reg            | 4      | 1     | NO           | NO                 | YES               | 1      | 0       | 
|RV32IMFA_DualCore_BoardTop | dut/core1/execute_unit/u_fpu/u_fma/u_fma_add/s4_inf_sub_reg        | 4      | 1     | NO           | NO                 | YES               | 1      | 0       | 
|RV32IMFA_DualCore_BoardTop | dut/core1/execute_unit/u_fpu/u_fma/u_fma_add/s4_nan_reg            | 4      | 1     | NO           | NO                 | YES               | 1      | 0       | 
|RV32IMFA_DualCore_BoardTop | dut/core1/execute_unit/u_fpu/u_fma/u_fma_add/s4_sgn_reg            | 3      | 1     | NO           | NO                 | YES               | 1      | 0       | 
|RV32IMFA_DualCore_BoardTop | dut/core1/execute_unit/u_fpu/u_multiplier/s4_exp_reg[8]            | 4      | 9     | NO           | YES                | YES               | 9      | 0       | 
|RV32IMFA_DualCore_BoardTop | dut/core1/execute_unit/u_fpu/u_multiplier/s4_zero_reg              | 4      | 1     | NO           | NO                 | YES               | 1      | 0       | 
|RV32IMFA_DualCore_BoardTop | dut/core1/execute_unit/u_fpu/u_multiplier/s4_inf_reg               | 4      | 1     | NO           | NO                 | YES               | 1      | 0       | 
|RV32IMFA_DualCore_BoardTop | dut/core1/execute_unit/u_fpu/u_multiplier/s4_nan_reg               | 4      | 1     | NO           | NO                 | YES               | 1      | 0       | 
|RV32IMFA_DualCore_BoardTop | dut/core1/execute_unit/u_fpu/u_multiplier/s2_tree_l1_reg[5][21]    | 3      | 8     | NO           | NO                 | YES               | 8      | 0       | 
|RV32IMFA_DualCore_BoardTop | dut/core1/execute_unit/u_fpu/u_multiplier/s3_tree_l2_reg[1][17]    | 4      | 2     | NO           | NO                 | YES               | 2      | 0       | 
|RV32IMFA_DualCore_BoardTop | dut/core1/execute_unit/u_fpu/u_multiplier/s4_sign_reg              | 4      | 1     | NO           | NO                 | YES               | 1      | 0       | 
|RV32IMFA_DualCore_BoardTop | dut/core1/execute_unit/u_fpu/u_adder/s3_exp_reg[7]                 | 3      | 8     | NO           | NO                 | YES               | 8      | 0       | 
|RV32IMFA_DualCore_BoardTop | dut/core1/execute_unit/u_fpu/u_adder/s4_inf_reg                    | 4      | 1     | NO           | NO                 | YES               | 1      | 0       | 
|RV32IMFA_DualCore_BoardTop | dut/core1/execute_unit/u_fpu/u_adder/s4_inf_sub_reg                | 4      | 1     | NO           | NO                 | YES               | 1      | 0       | 
|RV32IMFA_DualCore_BoardTop | dut/core1/execute_unit/u_fpu/u_adder/s4_nan_reg                    | 4      | 1     | NO           | NO                 | YES               | 1      | 0       | 
|RV32IMFA_DualCore_BoardTop | dut/core1/execute_unit/u_fpu/u_adder/s4_sgn_reg                    | 3      | 1     | NO           | NO                 | YES               | 1      | 0       | 
|RV32IMFA_DualCore_BoardTop | dut/core0/execute_unit/u_fpu/pipe_valid_reg[4]                     | 5      | 1     | YES          | NO                 | YES               | 1      | 0       | 
|RV32IMFA_DualCore_BoardTop | dut/core0/execute_unit/u_fpu/pipe_is_adder_reg[4]                  | 5      | 1     | YES          | NO                 | YES               | 1      | 0       | 
|RV32IMFA_DualCore_BoardTop | dut/core1/execute_unit/u_fpu/pipe_valid_reg[4]                     | 5      | 1     | YES          | NO                 | YES               | 1      | 0       | 
|RV32IMFA_DualCore_BoardTop | dut/core1/execute_unit/u_fpu/pipe_is_adder_reg[4]                  | 5      | 1     | YES          | NO                 | YES               | 1      | 0       | 
+---------------------------+--------------------------------------------------------------------+--------+-------+--------------+--------------------+-------------------+--------+---------+

---------------------------------------------------------------------------------
Finished ROM, RAM, DSP, Shift Register and Retiming Reporting
---------------------------------------------------------------------------------
---------------------------------------------------------------------------------
Start Writing Synthesis Report
---------------------------------------------------------------------------------

DSP Final Report (the ' indicates corresponding REG is set)
+------------+--------------+--------+--------+--------+--------+--------+------+------+------+------+-------+------+------+
|Module Name | DSP Mapping  | A Size | B Size | C Size | D Size | P Size | AREG | BREG | CREG | DREG | ADREG | MREG | PREG | 
+------------+--------------+--------+--------+--------+--------+--------+------+------+------+------+-------+------+------+
|MDU         | A*B          | 17     | 15     | -      | -      | 48     | 0    | 0    | -    | -    | -     | 0    | 0    | 
|MDU         | PCIN>>17+A*B | 15     | 15     | -      | -      | 48     | 0    | 0    | -    | -    | -     | 0    | 0    | 
|MDU         | A*B          | 17     | 17     | -      | -      | 48     | 0    | 0    | -    | -    | -     | 0    | 0    | 
|MDU         | PCIN>>17+A*B | 17     | 15     | -      | -      | 48     | 0    | 0    | -    | -    | -     | 0    | 0    | 
|MDU         | A*B          | 17     | 18     | -      | -      | 48     | 0    | 0    | -    | -    | -     | 0    | 0    | 
|MDU         | PCIN>>17+A*B | 15     | 18     | -      | -      | 48     | 0    | 0    | -    | -    | -     | 0    | 0    | 
|MDU         | A*B          | 17     | 17     | -      | -      | 48     | 0    | 0    | -    | -    | -     | 0    | 0    | 
|MDU         | PCIN>>17+A*B | 17     | 15     | -      | -      | 48     | 0    | 0    | -    | -    | -     | 0    | 0    | 
|MDU         | A*B          | 17     | 18     | -      | -      | 48     | 0    | 0    | -    | -    | -     | 0    | 0    | 
|MDU         | PCIN>>17+A*B | 30     | 18     | -      | -      | 30     | 0    | 0    | -    | -    | -     | 0    | 0    | 
|MDU         | A*B          | 17     | 17     | -      | -      | 48     | 0    | 0    | -    | -    | -     | 0    | 0    | 
|MDU         | PCIN>>17+A*B | 17     | 18     | -      | -      | 47     | 0    | 0    | -    | -    | -     | 0    | 0    | 
|MDU         | A*B          | 17     | 15     | -      | -      | 48     | 0    | 0    | -    | -    | -     | 0    | 0    | 
|MDU         | PCIN>>17+A*B | 15     | 15     | -      | -      | 48     | 0    | 0    | -    | -    | -     | 0    | 0    | 
|MDU         | A*B          | 17     | 17     | -      | -      | 48     | 0    | 0    | -    | -    | -     | 0    | 0    | 
|MDU         | PCIN>>17+A*B | 17     | 15     | -      | -      | 48     | 0    | 0    | -    | -    | -     | 0    | 0    | 
|MDU         | A*B          | 17     | 18     | -      | -      | 48     | 0    | 0    | -    | -    | -     | 0    | 0    | 
|MDU         | PCIN>>17+A*B | 15     | 18     | -      | -      | 48     | 0    | 0    | -    | -    | -     | 0    | 0    | 
|MDU         | A*B          | 17     | 17     | -      | -      | 48     | 0    | 0    | -    | -    | -     | 0    | 0    | 
|MDU         | PCIN>>17+A*B | 17     | 15     | -      | -      | 48     | 0    | 0    | -    | -    | -     | 0    | 0    | 
|MDU         | A*B          | 17     | 18     | -      | -      | 48     | 0    | 0    | -    | -    | -     | 0    | 0    | 
|MDU         | PCIN>>17+A*B | 30     | 18     | -      | -      | 30     | 0    | 0    | -    | -    | -     | 0    | 0    | 
|MDU         | A*B          | 17     | 17     | -      | -      | 48     | 0    | 0    | -    | -    | -     | 0    | 0    | 
|MDU         | PCIN>>17+A*B | 17     | 18     | -      | -      | 47     | 0    | 0    | -    | -    | -     | 0    | 0    | 
+------------+--------------+--------+--------+--------+--------+--------+------+------+------+------+-------+------+------+


Report BlackBoxes: 
+-+--------------+----------+
| |BlackBox name |Instances |
+-+--------------+----------+
+-+--------------+----------+

Report Cell Usage: 
+------+----------+------+
|      |Cell      |Count |
+------+----------+------+
|1     |BUFG      |     1|
|2     |CARRY4    |  2370|
|3     |DSP48E1   |    24|
|4     |LUT1      |  1380|
|5     |LUT2      |  4106|
|6     |LUT3      |  4281|
|7     |LUT4      |  4366|
|8     |LUT5      |  2762|
|9     |LUT6      |  8381|
|10    |MUXF7     |  1442|
|11    |MUXF8     |   544|
|12    |RAM128X1D |  2048|
|13    |SRL16E    |   144|
|14    |FDCE      |   962|
|15    |FDPE      |     2|
|16    |FDRE      | 10315|
|17    |FDSE      |    72|
|18    |IBUF      |     2|
|19    |OBUF      |     1|
+------+----------+------+
---------------------------------------------------------------------------------
Finished Writing Synthesis Report : Time (s): cpu = 00:01:55 ; elapsed = 00:02:01 . Memory (MB): peak = 1634.055 ; gain = 775.355
---------------------------------------------------------------------------------
Synthesis finished with 0 errors, 0 critical warnings and 3 warnings.
Synthesis Optimization Runtime : Time (s): cpu = 00:01:41 ; elapsed = 00:01:54 . Memory (MB): peak = 1634.055 ; gain = 662.684
Synthesis Optimization Complete : Time (s): cpu = 00:01:55 ; elapsed = 00:02:01 . Memory (MB): peak = 1634.055 ; gain = 775.355
INFO: [Project 1-571] Translating synthesized netlist
Netlist sorting complete. Time (s): cpu = 00:00:01 ; elapsed = 00:00:00.799 . Memory (MB): peak = 1634.055 ; gain = 0.000
INFO: [Netlist 29-17] Analyzing 6428 Unisim elements for replacement
INFO: [Netlist 29-28] Unisim Transformation completed in 2 CPU seconds
INFO: [Project 1-570] Preparing netlist for logic optimization
INFO: [Opt 31-138] Pushed 0 inverter(s) to 0 load pin(s).
Netlist sorting complete. Time (s): cpu = 00:00:00 ; elapsed = 00:00:00.014 . Memory (MB): peak = 1634.055 ; gain = 0.000
INFO: [Project 1-111] Unisim Transformation Summary:
  A total of 2048 instances were transformed.
  RAM128X1D => RAM128X1D (MUXF7(x2), RAMD64E(x4)): 2048 instances

Synth Design complete, checksum: fd19f740
INFO: [Common 17-83] Releasing license: Synthesis
102 Infos, 64 Warnings, 7 Critical Warnings and 0 Errors encountered.
synth_design completed successfully
synth_design: Time (s): cpu = 00:02:14 ; elapsed = 00:02:55 . Memory (MB): peak = 1634.055 ; gain = 1224.066
INFO: [runtcl-6] Synthesis results are not added to the cache due to CRITICAL_WARNING
INFO: [Common 17-1381] The checkpoint 'D:/Study/KLTN/Risc_V_new/Risc_V/Risc_V.runs/synth_1/RV32IMFA_DualCore_BoardTop.dcp' has been generated.
INFO: [runtcl-4] Executing : report_utilization -file RV32IMFA_DualCore_BoardTop_utilization_synth.rpt -pb RV32IMFA_DualCore_BoardTop_utilization_synth.pb
INFO: [Common 17-206] Exiting Vivado at Thu Aug  6 00:18:52 2026...
