# vsim -do {run -all; quit -f} -l {C:\Users\ADMIN\Documents\GitHub\KLTN\Risc_V_new\Risc_V\reports\full-regression-mmu-controller-final\run-tb_coherence.log} -lib ../reports/.questa-work-95df10023e5c42508ff49ca1499ca7ca -c -quiet tb_coherence 
# ** Note: (vsim-3812) Design is being optimized...
# 
# //  Questa Sim-64
# //  Version 10.2c Unknown Platform Jul 19 2013
# //
# //  Copyright 1991-2013 Mentor Graphics Corporation
# //  All Rights Reserved.
# //
# //  THIS WORK CONTAINS TRADE SECRET AND PROPRIETARY INFORMATION
# //  WHICH IS THE PROPERTY OF MENTOR GRAPHICS CORPORATION OR ITS
# //  LICENSORS AND IS SUBJECT TO LICENSE TERMS.
# //
# run -all 
# ---------------------------------------------
# MSI A: cold BusRd must grant S
# [PASS] A: core0 initial read: 0x00000000
# MSI B: S write must issue RFO before entering M
# [PASS] B: S->M generated exactly one RFO
# MSI C: BusRd snoops M, forwards new data, M->S, no DRAM read
# [PASS] C: core1 sees core0's dirty write: 0xaaaa0001
# [PASS] C: value came from owner/L2 without DRAM
# [PASS] C: downgraded core0 still reads shared value: 0xaaaa0001
# MSI D: four readers, then one writer invalidates all sharers
# [PASS] D: shared writer generated one RFO
# [PASS] D: core0 re-fetches writer value: 0xbbbb0002
# [PASS] D: core1 re-fetches writer value: 0xbbbb0002
# [PASS] D: core3 re-fetches writer value: 0xbbbb0002
# MSI E: false sharing preserves both words in one line
# [PASS] E: word 0 survives ownership transfer: 0x1111aaaa
# [PASS] E: word 1 written by new owner: 0x2222bbbb
# MSI F: dirty L1 eviction writes L2; consumer must not access DRAM
# [PASS] F: conflicting third line caused an L1 writeback
# [PASS] F: consumer sees L1-evicted value from L2: 0xcafe0000
# [PASS] F: L2 hit avoided DRAM
# MSI G: inclusive dirty L2 eviction snoops victim and writes DRAM
# [PASS] G: fifth same-set line wrote dirty victim to DRAM
# [PASS] G: evicted dirty victim is recoverable from DRAM: 0xd0000000
# MSI H: whole-cache flush writes back M lines before invalidation
# [PASS] H: flush emitted writeback for dirty data
# [PASS] H: another core sees flushed value: 0xf1e50001
# [PASS] H: flushed value was recovered from L2
# MSI I: simultaneous misses are served in round-robin order
# [PASS] I: first grant follows saved round-robin pointer
# [PASS] I: all four grants rotate without starvation
# MSI J: byte/halfword merge and signed/unsigned loads
# [PASS] J: SB/SH preserve untouched lanes: 0x80ffaa44
# [PASS] J: LB sign extends: 0xffffffaa
# [PASS] J: LBU zero extends: 0x000000aa
# [PASS] J: LH sign extends: 0xffff80ff
# [PASS] J: LHU zero extends: 0x000080ff
# MSI K: cached AMO RMW is correct on cold miss, M hit and S upgrade
# [PASS] K: cold AMOADD returns old filled value: 0x0000000a
# [PASS] K: AMOSWAP returns prior M value: 0x0000000f
# [PASS] K: AMOXOR returns prior value: 0x000000f0
# [PASS] K: AMOOR returns prior value: 0x000000ff
# [PASS] K: AMOAND returns prior value: 0x000001ff
# [PASS] K: AMOMIN returns prior value: 0x0000001f
# [PASS] K: AMOMAX returns signed-negative prior: 0xfffffff0
# [PASS] K: AMOMINU returns prior value: 0x00000002
# [PASS] K: AMOMAXU returns prior value: 0x00000001
# [PASS] K: another core observes final AMO value: 0xffffffff
# [PASS] K: shared AMO upgrade returns old value: 0xffffffff
# [PASS] K: AMO upgrade publishes new value: 0x12345678
# [PASS] K: nonzero-word AMO returns its own old lane: 0x00000000
# [PASS] K: nonzero-word AMO updates the selected lane: 0xdeadbeef
# [PASS] K: nonzero-word AMO preserves neighboring lane: 0x12345678
# MSI L: deterministic randomized ownership/flush stress
# [PASS] L: randomized MSI scoreboard stayed coherent
# [PASS] M: CM performance counters observed all D requests
# [PASS] M: CM observed both L2 hits and misses
# [PASS] M: CM protocol checker stayed clean
# [PASS] M: CM handshake watchdog stayed clean
# [PASS] M: CM external-memory error flag stayed clean
# [PASS] M: optional CM trace buffer captured events
# [PASS] MSI never granted removed Exclusive state
# ---------------------------------------------
# MSI_COHERENCE_TB: PASS
# ---------------------------------------------
# ** Note: $finish    : C:/Users/ADMIN/Documents/GitHub/KLTN/Risc_V_new/Risc_V/sim/tb_coherence.v(689)
#    Time: 105440 ns  Iteration: 1  Instance: /tb_coherence
