# vsim -do {run -all; quit -f} -l {C:\Users\ADMIN\Documents\GitHub\KLTN\Risc_V_new\Risc_V\reports\full-regression-mmu-controller-final\run-tb_cache_lrsc.log} -lib ../reports/.questa-work-95df10023e5c42508ff49ca1499ca7ca -c -quiet tb_cache_lrsc 
# ** Note: (vsim-3812) Design is being optimized...
# 
# ** Warning: C:\Users\ADMIN\Documents\GitHub\KLTN\Risc_V_new\Risc_V\sim\tb_cache_lrsc.v(44): (vopt-2685) [TFMPC] - Too few port connections for 'dut'.  Expected 33, found 30.
# 
# ** Warning: C:\Users\ADMIN\Documents\GitHub\KLTN\Risc_V_new\Risc_V\sim\tb_cache_lrsc.v(44): (vopt-2718) [TFMPC] - Missing connection for port 'Cache_Flush_Error'.
# 
# ** Warning: C:\Users\ADMIN\Documents\GitHub\KLTN\Risc_V_new\Risc_V\sim\tb_cache_lrsc.v(44): (vopt-2718) [TFMPC] - Missing connection for port 'Cache_Flush_Done'.
# 
# ** Warning: C:\Users\ADMIN\Documents\GitHub\KLTN\Risc_V_new\Risc_V\sim\tb_cache_lrsc.v(44): (vopt-2718) [TFMPC] - Missing connection for port 'Cache_Flush_Busy'.
# 
# //  Questa Sim-64
# //  Version 10.2c Unknown Platform Jul 19 2013
# //
# //  Copyright 1991-2013 Mentor Graphics Corporation
# //  All Rights Reserved.
# //
# //  THIS WORK CONTAINS TRADE SECRET AND PROPRIETARY INFORMATION
# //  WHICH IS THE PROPERTY OF MENTOR GRAPHICS CORPORATION OR ITS
# //  LICENSORS AND IS SUBJECT TO LICENSE TERMS.
# //
# run -all 
# [PASS] LR.W returned old value 21 and established a reservation
# [PASS] SC.W retained reservation through S->M and returned success
# [PASS] following LW observed SC.W value 7
# [PASS] LR cold fill and SC upgrade issued exactly BusRd then RFO
# CACHE_LRSC_TB: PASS
# ** Note: $finish    : C:/Users/ADMIN/Documents/GitHub/KLTN/Risc_V_new/Risc_V/sim/tb_cache_lrsc.v(195)
#    Time: 255 ns  Iteration: 1  Instance: /tb_cache_lrsc
