# vsim -do {run -all; quit -f} -l {C:\Users\ADMIN\Documents\GitHub\KLTN\Risc_V_new\Risc_V\reports\full-regression-mmu-controller-final\run-tb_coherence_watchdog.log} -lib ../reports/.questa-work-95df10023e5c42508ff49ca1499ca7ca -c -quiet tb_coherence_watchdog 
# ** Note: (vsim-3812) Design is being optimized...
# 
# ** Warning: C:\Users\ADMIN\Documents\GitHub\KLTN\Risc_V_new\Risc_V\sim\tb_coherence_watchdog.v(57): (vopt-2685) [TFMPC] - Too few port connections for 'dut'.  Expected 109, found 108.
# 
# ** Warning: C:\Users\ADMIN\Documents\GitHub\KLTN\Risc_V_new\Risc_V\sim\tb_coherence_watchdog.v(57): (vopt-2718) [TFMPC] - Missing connection for port 'mem_wstrb'.
# 
# //  Questa Sim-64
# //  Version 10.2c Unknown Platform Jul 19 2013
# //
# //  Copyright 1991-2013 Mentor Graphics Corporation
# //  All Rights Reserved.
# //
# //  THIS WORK CONTAINS TRADE SECRET AND PROPRIETARY INFORMATION
# //  WHICH IS THE PROPERTY OF MENTOR GRAPHICS CORPORATION OR ITS
# //  LICENSORS AND IS SUBJECT TO LICENSE TERMS.
# //
# run -all 
# CACHE_WATCHDOG_TB: PASS
# ** Note: $finish    : C:/Users/ADMIN/Documents/GitHub/KLTN/Risc_V_new/Risc_V/sim/tb_coherence_watchdog.v(78)
#    Time: 165 ns  Iteration: 1  Instance: /tb_coherence_watchdog
