# vsim -do {run -all; quit -f} -l {C:\Users\ADMIN\Documents\GitHub\KLTN\Risc_V_new\Risc_V\reports\full-regression-mmu-controller-final\run-tb_boot_ctrl.log} -lib ../reports/.questa-work-95df10023e5c42508ff49ca1499ca7ca -c -quiet tb_boot_ctrl 
# ** Note: (vsim-3812) Design is being optimized...
# 
# //  Questa Sim-64
# //  Version 10.2c Unknown Platform Jul 19 2013
# //
# //  Copyright 1991-2013 Mentor Graphics Corporation
# //  All Rights Reserved.
# //
# //  THIS WORK CONTAINS TRADE SECRET AND PROPRIETARY INFORMATION
# //  WHICH IS THE PROPERTY OF MENTOR GRAPHICS CORPORATION OR ITS
# //  LICENSORS AND IS SUBJECT TO LICENSE TERMS.
# //
# run -all 
# [PASS] pre-GO maintenance request is rejected and reported
# [PASS] zero byte strobe cannot release cores
# [PASS] GO write releases cores
# [PASS] GO remains sticky after a write of zero
# [PASS] RESULT register applies AXI byte strobes
# [PASS] accepted maintenance emits one request pulse
# [PASS] accepted maintenance clears rejected and stale done status
# [PASS] CACHE status exposes hierarchy busy
# [PASS] command while busy is rejected without a second pulse
# [PASS] one-cycle hierarchy done is latched for software polling
# [PASS] CACHE status exposes sticky hierarchy error
# BOOT_CTRL_TB: PASS
# ** Note: $finish    : C:/Users/ADMIN/Documents/GitHub/KLTN/Risc_V_new/Risc_V/sim/tb_boot_ctrl.v(170)
#    Time: 520 ns  Iteration: 1  Instance: /tb_boot_ctrl
