# vsim -do {run -all; quit -f} -l {C:\Users\ADMIN\Documents\GitHub\KLTN\Risc_V_new\Risc_V\reports\full-regression-mmu-controller-final\run-tb_cache_fence_i.log} -lib ../reports/.questa-work-95df10023e5c42508ff49ca1499ca7ca -c -quiet tb_cache_fence_i 
# ** Note: (vsim-3812) Design is being optimized...
# 
# //  Questa Sim-64
# //  Version 10.2c Unknown Platform Jul 19 2013
# //
# //  Copyright 1991-2013 Mentor Graphics Corporation
# //  All Rights Reserved.
# //
# //  THIS WORK CONTAINS TRADE SECRET AND PROPRIETARY INFORMATION
# //  WHICH IS THE PROPERTY OF MENTOR GRAPHICS CORPORATION OR ITS
# //  LICENSORS AND IS SUBJECT TO LICENSE TERMS.
# //
# run -all 
# [PASS] FENCE.I reached wrapper and stalled for maintenance
# [PASS] D$ walker completed and released the core
# [PASS] maintenance handshake completed without error
# [PASS] I$ invalidation forced a new line fetch
# [PASS] maintenance of a clean D$ emitted no writeback
# CACHE_FENCE_I_TB: PASS
# ** Note: $finish    : C:/Users/ADMIN/Documents/GitHub/KLTN/Risc_V_new/Risc_V/sim/tb_cache_fence_i.v(173)
#    Time: 10585 ns  Iteration: 1  Instance: /tb_cache_fence_i
