# vsim -do {run -all; quit -f} -l output/msi_cache_upgrade_final/ahb_final.log -lib output/msi_cache_upgrade_final/work -c tb_coherence_ahb 
# ** Note: (vsim-3812) Design is being optimized...
# 
# //  Questa Sim-64
# //  Version 10.2c Unknown Platform Jul 19 2013
# //
# //  Copyright 1991-2013 Mentor Graphics Corporation
# //  All Rights Reserved.
# //
# //  THIS WORK CONTAINS TRADE SECRET AND PROPRIETARY INFORMATION
# //  WHICH IS THE PROPERTY OF MENTOR GRAPHICS CORPORATION OR ITS
# //  LICENSORS AND IS SUBJECT TO LICENSE TERMS.
# //
# Loading sv_std.std
# Loading work.tb_coherence_ahb(fast)
# Loading work.l1_dcache(fast)
# run -all 
# ---------------------------------------------
# MSI/AHB A: cold read returns S through the bridge
# [PASS] A: core0 initial read: 0x00000000
# MSI/AHB B: S->M must cross AHB as locked RFO
# [PASS] B: upgrade generated cache-side traffic
# [PASS] B: RFO encoded with HMASTLOCK
# [PASS] B: slave reconstructed backend RFO
# [PASS] B: HREADY inserted back-pressure
# MSI/AHB C: another reader snoops M and gets latest data
# [PASS] C: core1 sees core0's dirty write: 0xaaaa0001
# MSI/AHB D: another writer invalidates both sharers
# [PASS] D: core0 re-read after being invalidated by core2's RFO: 0xbbbb0002
# MSI/AHB E: invalidated reader re-fetches authoritative value
# [PASS] E: core1 re-read after being invalidated by core2's RFO: 0xbbbb0002
# MSI/AHB F: dirty L1 eviction crosses AHB as a writeback
# [PASS] F: slave reconstructed backend WRITEBACK
# [PASS] F: consumer sees value written back through AHB: 0xcafe0000
# MSI/AHB G: simultaneous cores hold requests under CM back-pressure
# [PASS] G: first concurrent read completes: 0x00000000
# [PASS] G: second held concurrent read is not lost: 0x00000000
# [PASS] MSI/AHB never granted Exclusive
# ---------------------------------------------
# MSI_COHERENCE_AHB_TB: PASS
# ---------------------------------------------
# ** Note: $finish    : Risc_V_new/Risc_V/sim/tb_coherence_ahb.v(402)
#    Time: 5165 ns  Iteration: 1  Instance: /tb_coherence_ahb
