# vsim -do {run 700ns; quit -f} -l output/msi_cache_upgrade_final/cache_lrsc_snoop_debug.log -lib output/msi_cache_upgrade_final/work -c tb_cache_lrsc_snoop 
# ** Note: (vsim-3813) Design is being optimized due to module recompilation...
# 
# //  Questa Sim-64
# //  Version 10.2c Unknown Platform Jul 19 2013
# //
# //  Copyright 1991-2013 Mentor Graphics Corporation
# //  All Rights Reserved.
# //
# //  THIS WORK CONTAINS TRADE SECRET AND PROPRIETARY INFORMATION
# //  WHICH IS THE PROPERTY OF MENTOR GRAPHICS CORPORATION OR ITS
# //  LICENSORS AND IS SUBJECT TO LICENSE TERMS.
# //
# Loading sv_std.std
# Loading work.tb_cache_lrsc_snoop(fast)
# run 700ns 
# [LRSC-DBG] t=195000 res=1 snoop=0 ack=0 hit=0 amoM=00000 re=0 we=0 valid=0
# [LRSC-DBG] t=205000 res=1 snoop=1 ack=0 hit=0 amoM=00000 re=0 we=0 valid=0
# [LRSC-DBG] t=215000 res=1 snoop=0 ack=1 hit=1 amoM=00000 re=0 we=0 valid=0
# [LRSC-DBG] t=225000 res=1 snoop=0 ack=0 hit=1 amoM=00000 re=0 we=0 valid=0
# [LRSC-DBG] t=235000 res=1 snoop=0 ack=0 hit=1 amoM=00000 re=0 we=0 valid=0
# [LRSC-DBG] t=245000 res=1 snoop=0 ack=0 hit=1 amoM=00011 re=0 we=1 valid=0
# [LRSC-DBG] t=255000 res=1 snoop=0 ack=0 hit=1 amoM=00011 re=0 we=1 valid=0
# [LRSC-DBG] t=265000 res=1 snoop=0 ack=0 hit=1 amoM=00011 re=0 we=1 valid=0
# [LRSC-DBG] t=275000 res=1 snoop=0 ack=0 hit=1 amoM=00011 re=0 we=1 valid=1
#  quit -f 
