# vsim -do {run -all; quit -f} -l output/msi_cache_upgrade_final/cache_amo_final2.log -lib output/msi_cache_upgrade_final/work -c tb_cache_amo 
# ** Note: (vsim-3812) Design is being optimized...
# 
# //  Questa Sim-64
# //  Version 10.2c Unknown Platform Jul 19 2013
# //
# //  Copyright 1991-2013 Mentor Graphics Corporation
# //  All Rights Reserved.
# //
# //  THIS WORK CONTAINS TRADE SECRET AND PROPRIETARY INFORMATION
# //  WHICH IS THE PROPERTY OF MENTOR GRAPHICS CORPORATION OR ITS
# //  LICENSORS AND IS SUBJECT TO LICENSE TERMS.
# //
# Loading sv_std.std
# Loading work.tb_cache_amo(fast)
# run -all 
# ** Warning: (vsim-8233) C:/Users/ADMIN/Documents/GitHub/KLTN/Risc_V_new/Risc_V/rtl/decode_stage.v(122): Index xxxxx into array dimension [31:1] is out of bounds.
#    Time: 0 ps  Iteration: 0  Instance: /tb_cache_amo/dut/mmu_core/core/decode_unit/rf
# ** Warning: (vsim-8233) C:/Users/ADMIN/Documents/GitHub/KLTN/Risc_V_new/Risc_V/rtl/decode_stage.v(123): Index xxxxx into array dimension [31:1] is out of bounds.
#    Time: 0 ps  Iteration: 0  Instance: /tb_cache_amo/dut/mmu_core/core/decode_unit/rf
# [PASS] AMOADD.W returned old value 10 to x3
# [PASS] following LW observed AMO result 15 in D$
# [PASS] cold AMO issued exactly one RFO
# CACHE_AMO_TB: PASS
# ** Note: $finish    : Risc_V_new/Risc_V/sim/tb_cache_amo.v(184)
#    Time: 245 ns  Iteration: 1  Instance: /tb_cache_amo
