# vsim -do {run -all; quit -f} -l output/msi_cache_upgrade_final/cache_amo_debug.log -lib output/msi_cache_upgrade_final/work -c tb_cache_amo 
# ** Note: (vsim-3813) Design is being optimized due to module recompilation...
# 
# //  Questa Sim-64
# //  Version 10.2c Unknown Platform Jul 19 2013
# //
# //  Copyright 1991-2013 Mentor Graphics Corporation
# //  All Rights Reserved.
# //
# //  THIS WORK CONTAINS TRADE SECRET AND PROPRIETARY INFORMATION
# //  WHICH IS THE PROPERTY OF MENTOR GRAPHICS CORPORATION OR ITS
# //  LICENSORS AND IS SUBJECT TO LICENSE TERMS.
# //
# Loading sv_std.std
# Loading work.tb_cache_amo(fast)
# run -all 
# [AMO-CORE-DBG] t=195000 rd=x3 value=0x0000000a mem_addr=0x00002000 re=1 we=0 valid=1
# [AMO-CORE-DBG] t=205000 rd=x3 value=0x0000000a mem_addr=0x00002000 re=1 we=0 valid=1
# [AMO-CORE-DBG] t=215000 rd=x3 value=0x0000000a mem_addr=0x00002000 re=1 we=0 valid=1
# [AMO-CORE-DBG] t=225000 rd=x3 value=0x0000000a mem_addr=0x00002000 re=1 we=0 valid=1
# [AMO-CORE-DBG] t=235000 rd=x4 value=0x00000014 mem_addr=0x00000000 re=0 we=0 valid=0
# [AMO-CORE-DBG] t=305000 rd=x3 value=0x00000014 mem_addr=0x00002000 re=1 we=0 valid=1
# [AMO-CORE-DBG] t=315000 rd=x3 value=0x00000014 mem_addr=0x00002000 re=1 we=0 valid=1
# [AMO-CORE-DBG] t=325000 rd=x3 value=0x00000014 mem_addr=0x00002000 re=1 we=0 valid=1
# [AMO-CORE-DBG] t=335000 rd=x3 value=0x00000014 mem_addr=0x00002000 re=1 we=0 valid=1
# [AMO-CORE-DBG] t=345000 rd=x4 value=0x00000019 mem_addr=0x00000000 re=0 we=0 valid=0
# [AMO-CORE-DBG] t=415000 rd=x3 value=0x00000019 mem_addr=0x00002000 re=1 we=0 valid=1
# [AMO-CORE-DBG] t=425000 rd=x3 value=0x00000019 mem_addr=0x00002000 re=1 we=0 valid=1
# [AMO-CORE-DBG] t=435000 rd=x3 value=0x00000019 mem_addr=0x00002000 re=1 we=0 valid=1
# [AMO-CORE-DBG] t=445000 rd=x3 value=0x00000019 mem_addr=0x00002000 re=1 we=0 valid=1
# [AMO-CORE-DBG] t=455000 rd=x4 value=0x0000001e mem_addr=0x00000000 re=0 we=0 valid=0
# [AMO-CORE-DBG] t=525000 rd=x3 value=0x0000001e mem_addr=0x00002000 re=1 we=0 valid=1
# [AMO-CORE-DBG] t=535000 rd=x3 value=0x0000001e mem_addr=0x00002000 re=1 we=0 valid=1
# [AMO-CORE-DBG] t=545000 rd=x3 value=0x0000001e mem_addr=0x00002000 re=1 we=0 valid=1
# [AMO-CORE-DBG] t=555000 rd=x3 value=0x0000001e mem_addr=0x00002000 re=1 we=0 valid=1
# [AMO-CORE-DBG] t=565000 rd=x4 value=0x00000023 mem_addr=0x00000000 re=0 we=0 valid=0
# [AMO-CORE-DBG] t=635000 rd=x3 value=0x00000023 mem_addr=0x00002000 re=1 we=0 valid=1
# [AMO-CORE-DBG] t=645000 rd=x3 value=0x00000023 mem_addr=0x00002000 re=1 we=0 valid=1
# [AMO-CORE-DBG] t=655000 rd=x3 value=0x00000023 mem_addr=0x00002000 re=1 we=0 valid=1
# [AMO-CORE-DBG] t=665000 rd=x3 value=0x00000023 mem_addr=0x00002000 re=1 we=0 valid=1
# [AMO-CORE-DBG] t=675000 rd=x4 value=0x00000028 mem_addr=0x00000000 re=0 we=0 valid=0
# [AMO-CORE-DBG] t=745000 rd=x3 value=0x00000028 mem_addr=0x00002000 re=1 we=0 valid=1
# [AMO-CORE-DBG] t=755000 rd=x3 value=0x00000028 mem_addr=0x00002000 re=1 we=0 valid=1
# [AMO-CORE-DBG] t=765000 rd=x3 value=0x00000028 mem_addr=0x00002000 re=1 we=0 valid=1
# [AMO-CORE-DBG] t=775000 rd=x3 value=0x00000028 mem_addr=0x00002000 re=1 we=0 valid=1
# [AMO-CORE-DBG] t=785000 rd=x4 value=0x0000002d mem_addr=0x00000000 re=0 we=0 valid=0
# [AMO-CORE-DBG] t=855000 rd=x3 value=0x0000002d mem_addr=0x00002000 re=1 we=0 valid=1
# [AMO-CORE-DBG] t=865000 rd=x3 value=0x0000002d mem_addr=0x00002000 re=1 we=0 valid=1
# [AMO-CORE-DBG] t=875000 rd=x3 value=0x0000002d mem_addr=0x00002000 re=1 we=0 valid=1
# [AMO-CORE-DBG] t=885000 rd=x3 value=0x0000002d mem_addr=0x00002000 re=1 we=0 valid=1
# [AMO-CORE-DBG] t=895000 rd=x4 value=0x00000032 mem_addr=0x00000000 re=0 we=0 valid=0
# [AMO-CORE-DBG] t=965000 rd=x3 value=0x00000032 mem_addr=0x00002000 re=1 we=0 valid=1
# [AMO-CORE-DBG] t=975000 rd=x3 value=0x00000032 mem_addr=0x00002000 re=1 we=0 valid=1
# [AMO-CORE-DBG] t=985000 rd=x3 value=0x00000032 mem_addr=0x00002000 re=1 we=0 valid=1
# [AMO-CORE-DBG] t=995000 rd=x3 value=0x00000032 mem_addr=0x00002000 re=1 we=0 valid=1
# [AMO-CORE-DBG] t=1005000 rd=x4 value=0x00000037 mem_addr=0x00000000 re=0 we=0 valid=0
# [AMO-CORE-DBG] t=1075000 rd=x3 value=0x00000037 mem_addr=0x00002000 re=1 we=0 valid=1
# [AMO-CORE-DBG] t=1085000 rd=x3 value=0x00000037 mem_addr=0x00002000 re=1 we=0 valid=1
# [AMO-CORE-DBG] t=1095000 rd=x3 value=0x00000037 mem_addr=0x00002000 re=1 we=0 valid=1
# [AMO-CORE-DBG] t=1105000 rd=x3 value=0x00000037 mem_addr=0x00002000 re=1 we=0 valid=1
# [AMO-CORE-DBG] t=1115000 rd=x4 value=0x0000003c mem_addr=0x00000000 re=0 we=0 valid=0
# [AMO-CORE-DBG] t=1185000 rd=x3 value=0x0000003c mem_addr=0x00002000 re=1 we=0 valid=1
# [AMO-CORE-DBG] t=1195000 rd=x3 value=0x0000003c mem_addr=0x00002000 re=1 we=0 valid=1
# [AMO-CORE-DBG] t=1205000 rd=x3 value=0x0000003c mem_addr=0x00002000 re=1 we=0 valid=1
# [AMO-CORE-DBG] t=1215000 rd=x3 value=0x0000003c mem_addr=0x00002000 re=1 we=0 valid=1
# [AMO-CORE-DBG] t=1225000 rd=x4 value=0x00000041 mem_addr=0x00000000 re=0 we=0 valid=0
# [AMO-CORE-DBG] t=1295000 rd=x3 value=0x00000041 mem_addr=0x00002000 re=1 we=0 valid=1
# [AMO-CORE-DBG] t=1305000 rd=x3 value=0x00000041 mem_addr=0x00002000 re=1 we=0 valid=1
# [AMO-CORE-DBG] t=1315000 rd=x3 value=0x00000041 mem_addr=0x00002000 re=1 we=0 valid=1
# [AMO-CORE-DBG] t=1325000 rd=x3 value=0x00000041 mem_addr=0x00002000 re=1 we=0 valid=1
# [AMO-CORE-DBG] t=1335000 rd=x4 value=0x00000046 mem_addr=0x00000000 re=0 we=0 valid=0
# [AMO-CORE-DBG] t=1405000 rd=x3 value=0x00000046 mem_addr=0x00002000 re=1 we=0 valid=1
# [AMO-CORE-DBG] t=1415000 rd=x3 value=0x00000046 mem_addr=0x00002000 re=1 we=0 valid=1
# [AMO-CORE-DBG] t=1425000 rd=x3 value=0x00000046 mem_addr=0x00002000 re=1 we=0 valid=1
# [AMO-CORE-DBG] t=1435000 rd=x3 value=0x00000046 mem_addr=0x00002000 re=1 we=0 valid=1
# [AMO-CORE-DBG] t=1445000 rd=x4 value=0x0000004b mem_addr=0x00000000 re=0 we=0 valid=0
# [AMO-CORE-DBG] t=1515000 rd=x3 value=0x0000004b mem_addr=0x00002000 re=1 we=0 valid=1
# [AMO-CORE-DBG] t=1525000 rd=x3 value=0x0000004b mem_addr=0x00002000 re=1 we=0 valid=1
# [AMO-CORE-DBG] t=1535000 rd=x3 value=0x0000004b mem_addr=0x00002000 re=1 we=0 valid=1
# [AMO-CORE-DBG] t=1545000 rd=x3 value=0x0000004b mem_addr=0x00002000 re=1 we=0 valid=1
# [AMO-CORE-DBG] t=1555000 rd=x4 value=0x00000050 mem_addr=0x00000000 re=0 we=0 valid=0
# [AMO-CORE-DBG] t=1625000 rd=x3 value=0x00000050 mem_addr=0x00002000 re=1 we=0 valid=1
# [AMO-CORE-DBG] t=1635000 rd=x3 value=0x00000050 mem_addr=0x00002000 re=1 we=0 valid=1
# [AMO-CORE-DBG] t=1645000 rd=x3 value=0x00000050 mem_addr=0x00002000 re=1 we=0 valid=1
# [AMO-CORE-DBG] t=1655000 rd=x3 value=0x00000050 mem_addr=0x00002000 re=1 we=0 valid=1
# [AMO-CORE-DBG] t=1665000 rd=x4 value=0x00000055 mem_addr=0x00000000 re=0 we=0 valid=0
# [AMO-CORE-DBG] t=1735000 rd=x3 value=0x00000055 mem_addr=0x00002000 re=1 we=0 valid=1
# [AMO-CORE-DBG] t=1745000 rd=x3 value=0x00000055 mem_addr=0x00002000 re=1 we=0 valid=1
# [AMO-CORE-DBG] t=1755000 rd=x3 value=0x00000055 mem_addr=0x00002000 re=1 we=0 valid=1
# [AMO-CORE-DBG] t=1765000 rd=x3 value=0x00000055 mem_addr=0x00002000 re=1 we=0 valid=1
# [AMO-CORE-DBG] t=1775000 rd=x4 value=0x0000005a mem_addr=0x00000000 re=0 we=0 valid=0
# [AMO-CORE-DBG] t=1845000 rd=x3 value=0x0000005a mem_addr=0x00002000 re=1 we=0 valid=1
# [AMO-CORE-DBG] t=1855000 rd=x3 value=0x0000005a mem_addr=0x00002000 re=1 we=0 valid=1
# [AMO-CORE-DBG] t=1865000 rd=x3 value=0x0000005a mem_addr=0x00002000 re=1 we=0 valid=1
# [AMO-CORE-DBG] t=1875000 rd=x3 value=0x0000005a mem_addr=0x00002000 re=1 we=0 valid=1
# [AMO-CORE-DBG] t=1885000 rd=x4 value=0x0000005f mem_addr=0x00000000 re=0 we=0 valid=0
# [AMO-CORE-DBG] t=1955000 rd=x3 value=0x0000005f mem_addr=0x00002000 re=1 we=0 valid=1
# [AMO-CORE-DBG] t=1965000 rd=x3 value=0x0000005f mem_addr=0x00002000 re=1 we=0 valid=1
# [AMO-CORE-DBG] t=1975000 rd=x3 value=0x0000005f mem_addr=0x00002000 re=1 we=0 valid=1
# [AMO-CORE-DBG] t=1985000 rd=x3 value=0x0000005f mem_addr=0x00002000 re=1 we=0 valid=1
# [AMO-CORE-DBG] t=1995000 rd=x4 value=0x00000064 mem_addr=0x00000000 re=0 we=0 valid=0
# [AMO-CORE-DBG] t=2065000 rd=x3 value=0x00000064 mem_addr=0x00002000 re=1 we=0 valid=1
# [AMO-CORE-DBG] t=2075000 rd=x3 value=0x00000064 mem_addr=0x00002000 re=1 we=0 valid=1
# [AMO-CORE-DBG] t=2085000 rd=x3 value=0x00000064 mem_addr=0x00002000 re=1 we=0 valid=1
# [AMO-CORE-DBG] t=2095000 rd=x3 value=0x00000064 mem_addr=0x00002000 re=1 we=0 valid=1
# [AMO-CORE-DBG] t=2105000 rd=x4 value=0x00000069 mem_addr=0x00000000 re=0 we=0 valid=0
# [AMO-CORE-DBG] t=2175000 rd=x3 value=0x00000069 mem_addr=0x00002000 re=1 we=0 valid=1
# [AMO-CORE-DBG] t=2185000 rd=x3 value=0x00000069 mem_addr=0x00002000 re=1 we=0 valid=1
# [AMO-CORE-DBG] t=2195000 rd=x3 value=0x00000069 mem_addr=0x00002000 re=1 we=0 valid=1
# [AMO-CORE-DBG] t=2205000 rd=x3 value=0x00000069 mem_addr=0x00002000 re=1 we=0 valid=1
# [AMO-CORE-DBG] t=2215000 rd=x4 value=0x0000006e mem_addr=0x00000000 re=0 we=0 valid=0
# [AMO-CORE-DBG] t=2285000 rd=x3 value=0x0000006e mem_addr=0x00002000 re=1 we=0 valid=1
# [AMO-CORE-DBG] t=2295000 rd=x3 value=0x0000006e mem_addr=0x00002000 re=1 we=0 valid=1
# [AMO-CORE-DBG] t=2305000 rd=x3 value=0x0000006e mem_addr=0x00002000 re=1 we=0 valid=1
# [AMO-CORE-DBG] t=2315000 rd=x3 value=0x0000006e mem_addr=0x00002000 re=1 we=0 valid=1
# [AMO-CORE-DBG] t=2325000 rd=x4 value=0x00000073 mem_addr=0x00000000 re=0 we=0 valid=0
# [AMO-CORE-DBG] t=2395000 rd=x3 value=0x00000073 mem_addr=0x00002000 re=1 we=0 valid=1
# [AMO-CORE-DBG] t=2405000 rd=x3 value=0x00000073 mem_addr=0x00002000 re=1 we=0 valid=1
# [AMO-CORE-DBG] t=2415000 rd=x3 value=0x00000073 mem_addr=0x00002000 re=1 we=0 valid=1
# [AMO-CORE-DBG] t=2425000 rd=x3 value=0x00000073 mem_addr=0x00002000 re=1 we=0 valid=1
# [AMO-CORE-DBG] t=2435000 rd=x4 value=0x00000078 mem_addr=0x00000000 re=0 we=0 valid=0
# [AMO-CORE-DBG] t=2505000 rd=x3 value=0x00000078 mem_addr=0x00002000 re=1 we=0 valid=1
# [AMO-CORE-DBG] t=2515000 rd=x3 value=0x00000078 mem_addr=0x00002000 re=1 we=0 valid=1
# [AMO-CORE-DBG] t=2525000 rd=x3 value=0x00000078 mem_addr=0x00002000 re=1 we=0 valid=1
# [AMO-CORE-DBG] t=2535000 rd=x3 value=0x00000078 mem_addr=0x00002000 re=1 we=0 valid=1
# [AMO-CORE-DBG] t=2545000 rd=x4 value=0x0000007d mem_addr=0x00000000 re=0 we=0 valid=0
# [AMO-CORE-DBG] t=2615000 rd=x3 value=0x0000007d mem_addr=0x00002000 re=1 we=0 valid=1
# [AMO-CORE-DBG] t=2625000 rd=x3 value=0x0000007d mem_addr=0x00002000 re=1 we=0 valid=1
# [AMO-CORE-DBG] t=2635000 rd=x3 value=0x0000007d mem_addr=0x00002000 re=1 we=0 valid=1
# [AMO-CORE-DBG] t=2645000 rd=x3 value=0x0000007d mem_addr=0x00002000 re=1 we=0 valid=1
# [AMO-CORE-DBG] t=2655000 rd=x4 value=0x00000082 mem_addr=0x00000000 re=0 we=0 valid=0
# [AMO-CORE-DBG] t=2725000 rd=x3 value=0x00000082 mem_addr=0x00002000 re=1 we=0 valid=1
# [AMO-CORE-DBG] t=2735000 rd=x3 value=0x00000082 mem_addr=0x00002000 re=1 we=0 valid=1
# [AMO-CORE-DBG] t=2745000 rd=x3 value=0x00000082 mem_addr=0x00002000 re=1 we=0 valid=1
# [AMO-CORE-DBG] t=2755000 rd=x3 value=0x00000082 mem_addr=0x00002000 re=1 we=0 valid=1
# [AMO-CORE-DBG] t=2765000 rd=x4 value=0x00000087 mem_addr=0x00000000 re=0 we=0 valid=0
# [AMO-CORE-DBG] t=2835000 rd=x3 value=0x00000087 mem_addr=0x00002000 re=1 we=0 valid=1
# [AMO-CORE-DBG] t=2845000 rd=x3 value=0x00000087 mem_addr=0x00002000 re=1 we=0 valid=1
# [AMO-CORE-DBG] t=2855000 rd=x3 value=0x00000087 mem_addr=0x00002000 re=1 we=0 valid=1
# [AMO-CORE-DBG] t=2865000 rd=x3 value=0x00000087 mem_addr=0x00002000 re=1 we=0 valid=1
# [AMO-CORE-DBG] t=2875000 rd=x4 value=0x0000008c mem_addr=0x00000000 re=0 we=0 valid=0
# [AMO-CORE-DBG] t=2945000 rd=x3 value=0x0000008c mem_addr=0x00002000 re=1 we=0 valid=1
# [AMO-CORE-DBG] t=2955000 rd=x3 value=0x0000008c mem_addr=0x00002000 re=1 we=0 valid=1
# [AMO-CORE-DBG] t=2965000 rd=x3 value=0x0000008c mem_addr=0x00002000 re=1 we=0 valid=1
# [AMO-CORE-DBG] t=2975000 rd=x3 value=0x0000008c mem_addr=0x00002000 re=1 we=0 valid=1
# [AMO-CORE-DBG] t=2985000 rd=x4 value=0x00000091 mem_addr=0x00000000 re=0 we=0 valid=0
# [PASS] AMOADD.W returned old value 10 to x3
# [FAIL] post-AMO load did not observe the committed RMW value
# [PASS] cold AMO issued exactly one RFO
# CACHE_AMO_TB: FAIL (1 check(s) failed)
# ** Note: $finish    : Risc_V_new/Risc_V/sim/tb_cache_amo.v(183)
#    Time: 3045 ns  Iteration: 1  Instance: /tb_cache_amo
