# vsim -do {run -all; quit -f} -l output/msi_cache_upgrade_final/cache_lrsc_snoop_fixed.log -lib output/msi_cache_upgrade_final/work -c tb_cache_lrsc_snoop 
# ** Note: (vsim-3813) Design is being optimized due to module recompilation...
# 
# //  Questa Sim-64
# //  Version 10.2c Unknown Platform Jul 19 2013
# //
# //  Copyright 1991-2013 Mentor Graphics Corporation
# //  All Rights Reserved.
# //
# //  THIS WORK CONTAINS TRADE SECRET AND PROPRIETARY INFORMATION
# //  WHICH IS THE PROPERTY OF MENTOR GRAPHICS CORPORATION OR ITS
# //  LICENSORS AND IS SUBJECT TO LICENSE TERMS.
# //
# Loading sv_std.std
# Loading work.tb_cache_lrsc_snoop(fast)
# run -all 
# ** Warning: (vsim-8233) C:/Users/ADMIN/Documents/GitHub/KLTN/Risc_V_new/Risc_V/rtl/decode_stage.v(122): Index xxxxx into array dimension [31:1] is out of bounds.
#    Time: 0 ps  Iteration: 0  Instance: /tb_cache_lrsc_snoop/dut/mmu_core/core/decode_unit/rf
# ** Warning: (vsim-8233) C:/Users/ADMIN/Documents/GitHub/KLTN/Risc_V_new/Risc_V/rtl/decode_stage.v(123): Index xxxxx into array dimension [31:1] is out of bounds.
#    Time: 0 ps  Iteration: 0  Instance: /tb_cache_lrsc_snoop/dut/mmu_core/core/decode_unit/rf
# [PASS] LR.W returned 33 before the invalidate
# [PASS] coherence invalidate cleared reservation; SC.W returned 1
# [PASS] failed SC.W issued no store; following LW still read 33
# [PASS] invalidated line refetched twice and failed SC emitted no RFO
# CACHE_LRSC_SNOOP_TB: PASS
# ** Note: $finish    : Risc_V_new/Risc_V/sim/tb_cache_lrsc_snoop.v(219)
#    Time: 305 ns  Iteration: 1  Instance: /tb_cache_lrsc_snoop
