# vsim -do {run -all; quit -f} -l output/msi_cache_upgrade_final/tb_csr_priv.log -lib output/msi_cache_upgrade_final/work -c tb_csr_priv 
# ** Note: (vsim-3812) Design is being optimized...
# 
# ** Warning: C:\Users\ADMIN\Documents\GitHub\KLTN\Risc_V_new\Risc_V\sim\tb_csr_priv.v(150): (vopt-2685) [TFMPC] - Too few port connections for 'dut'.  Expected 28, found 22.
# 
# ** Warning: C:\Users\ADMIN\Documents\GitHub\KLTN\Risc_V_new\Risc_V\sim\tb_csr_priv.v(150): (vopt-2718) [TFMPC] - Missing connection for port 'FenceI_M'.
# 
# ** Warning: C:\Users\ADMIN\Documents\GitHub\KLTN\Risc_V_new\Risc_V\sim\tb_csr_priv.v(150): (vopt-2718) [TFMPC] - Missing connection for port 'Mstatus_Mxr'.
# 
# ** Warning: C:\Users\ADMIN\Documents\GitHub\KLTN\Risc_V_new\Risc_V\sim\tb_csr_priv.v(150): (vopt-2718) [TFMPC] - Missing connection for port 'Mstatus_Sum'.
# 
# ** Warning: C:\Users\ADMIN\Documents\GitHub\KLTN\Risc_V_new\Risc_V\sim\tb_csr_priv.v(150): (vopt-2718) [TFMPC] - Missing connection for port 'Mem_AmoOperandM'.
# 
# ** Warning: C:\Users\ADMIN\Documents\GitHub\KLTN\Risc_V_new\Risc_V\sim\tb_csr_priv.v(150): (vopt-2718) [TFMPC] - Missing connection for port 'Mem_AmoOpM'.
# 
# ** Warning: C:\Users\ADMIN\Documents\GitHub\KLTN\Risc_V_new\Risc_V\sim\tb_csr_priv.v(150): (vopt-2718) [TFMPC] - Missing connection for port 'Mem_AmoRmwM'.
# 
# //  Questa Sim-64
# //  Version 10.2c Unknown Platform Jul 19 2013
# //
# //  Copyright 1991-2013 Mentor Graphics Corporation
# //  All Rights Reserved.
# //
# //  THIS WORK CONTAINS TRADE SECRET AND PROPRIETARY INFORMATION
# //  WHICH IS THE PROPERTY OF MENTOR GRAPHICS CORPORATION OR ITS
# //  LICENSORS AND IS SUBJECT TO LICENSE TERMS.
# //
# Loading sv_std.std
# Loading work.tb_csr_priv(fast)
# run -all 
# ** Warning: (vsim-8233) C:/Users/ADMIN/Documents/GitHub/KLTN/Risc_V_new/Risc_V/rtl/decode_stage.v(122): Index xxxxx into array dimension [31:1] is out of bounds.
#    Time: 0 ps  Iteration: 0  Instance: /tb_csr_priv/dut/decode_unit/rf
# ** Warning: (vsim-8233) C:/Users/ADMIN/Documents/GitHub/KLTN/Risc_V_new/Risc_V/rtl/decode_stage.v(123): Index xxxxx into array dimension [31:1] is out of bounds.
#    Time: 0 ps  Iteration: 0  Instance: /tb_csr_priv/dut/decode_unit/rf
# ---------------------------------------------
# tb_csr_priv checks
# ---------------------------------------------
# [PASS] x1 (M-mode ran): 0x00000111
# [PASS] x2 (S-mode ran, first entry): 0x00000222
# [PASS] x3 (U-mode ran, first entry): 0x00000333
# [PASS] x4 (U resumed after delegated ECALL): 0x00000444
# [FAIL] x5 (scause after delegated ECALL): got=0x00000000 expected=0x00000008
# [PASS] x6 (U resumed after non-deleg EBREAK): 0x00000555
# [FAIL] x7 (mcause after non-deleg EBREAK): got=0x00000002 expected=0x00000003
# [PASS] x8 (final marker, full round trip): 0x00000666
# [PASS] CurrentPriv ended in U: 0x00000000
# [PASS] priv_hist_count: 6 transitions recorded
# [PASS] priv_history[0] (M->S, first MRET): 0x00000001
# [PASS] priv_history[1] (S->U, first SRET): 0x00000000
# [FAIL] priv_history[2] (U->S, delegated ECALL): got=0x00000003 expected=0x00000001
# [PASS] priv_history[3] (S->U, second SRET): 0x00000000
# [PASS] priv_history[4] (U->M, non-deleg EBREAK): 0x00000003
# [PASS] priv_history[5] (M->U, second MRET): 0x00000000
# ---------------------------------------------
# CSR_PRIV_TB: FAIL (3 check(s) failed)
# ---------------------------------------------
# ** Note: $finish    : C:/Users/ADMIN/Documents/GitHub/KLTN/Risc_V_new/Risc_V/sim/tb_csr_priv.v(314)
#    Time: 8045 ns  Iteration: 1  Instance: /tb_csr_priv
