# vsim -do {run -all; quit -f} -l output/msi_cache_upgrade_final/tb_csr_mmu_bits.log -lib output/msi_cache_upgrade_final/work -c tb_csr_mmu_bits 
# ** Note: (vsim-3812) Design is being optimized...
# 
# //  Questa Sim-64
# //  Version 10.2c Unknown Platform Jul 19 2013
# //
# //  Copyright 1991-2013 Mentor Graphics Corporation
# //  All Rights Reserved.
# //
# //  THIS WORK CONTAINS TRADE SECRET AND PROPRIETARY INFORMATION
# //  WHICH IS THE PROPERTY OF MENTOR GRAPHICS CORPORATION OR ITS
# //  LICENSORS AND IS SUBJECT TO LICENSE TERMS.
# //
# Loading sv_std.std
# Loading work.tb_csr_mmu_bits(fast)
# run -all 
# [PASS] SUM/MXR reset clear
# [PASS] mstatus writes SUM/MXR
# [PASS] sstatus independently updates SUM/MXR
# CSR_MMU_BITS_TB: PASS
# ** Note: $finish    : C:/Users/ADMIN/Documents/GitHub/KLTN/Risc_V_new/Risc_V/sim/tb_csr_mmu_bits.v(54)
#    Time: 61 ns  Iteration: 0  Instance: /tb_csr_mmu_bits
