# vsim -do {run -all; quit -f} -l output/msi_cache_upgrade_final/tb_csr_trap.log -lib output/msi_cache_upgrade_final/work -c tb_csr_trap 
# ** Note: (vsim-3812) Design is being optimized...
# 
# ** Warning: C:\Users\ADMIN\Documents\GitHub\KLTN\Risc_V_new\Risc_V\sim\tb_csr_trap.v(139): (vopt-2685) [TFMPC] - Too few port connections for 'dut'.  Expected 28, found 22.
# 
# ** Warning: C:\Users\ADMIN\Documents\GitHub\KLTN\Risc_V_new\Risc_V\sim\tb_csr_trap.v(139): (vopt-2718) [TFMPC] - Missing connection for port 'FenceI_M'.
# 
# ** Warning: C:\Users\ADMIN\Documents\GitHub\KLTN\Risc_V_new\Risc_V\sim\tb_csr_trap.v(139): (vopt-2718) [TFMPC] - Missing connection for port 'Mstatus_Mxr'.
# 
# ** Warning: C:\Users\ADMIN\Documents\GitHub\KLTN\Risc_V_new\Risc_V\sim\tb_csr_trap.v(139): (vopt-2718) [TFMPC] - Missing connection for port 'Mstatus_Sum'.
# 
# ** Warning: C:\Users\ADMIN\Documents\GitHub\KLTN\Risc_V_new\Risc_V\sim\tb_csr_trap.v(139): (vopt-2718) [TFMPC] - Missing connection for port 'Mem_AmoOperandM'.
# 
# ** Warning: C:\Users\ADMIN\Documents\GitHub\KLTN\Risc_V_new\Risc_V\sim\tb_csr_trap.v(139): (vopt-2718) [TFMPC] - Missing connection for port 'Mem_AmoOpM'.
# 
# ** Warning: C:\Users\ADMIN\Documents\GitHub\KLTN\Risc_V_new\Risc_V\sim\tb_csr_trap.v(139): (vopt-2718) [TFMPC] - Missing connection for port 'Mem_AmoRmwM'.
# 
# //  Questa Sim-64
# //  Version 10.2c Unknown Platform Jul 19 2013
# //
# //  Copyright 1991-2013 Mentor Graphics Corporation
# //  All Rights Reserved.
# //
# //  THIS WORK CONTAINS TRADE SECRET AND PROPRIETARY INFORMATION
# //  WHICH IS THE PROPERTY OF MENTOR GRAPHICS CORPORATION OR ITS
# //  LICENSORS AND IS SUBJECT TO LICENSE TERMS.
# //
# Loading sv_std.std
# Loading work.tb_csr_trap(fast)
# run -all 
# ** Warning: (vsim-8233) C:/Users/ADMIN/Documents/GitHub/KLTN/Risc_V_new/Risc_V/rtl/decode_stage.v(122): Index xxxxx into array dimension [31:1] is out of bounds.
#    Time: 0 ps  Iteration: 0  Instance: /tb_csr_trap/dut/decode_unit/rf
# ** Warning: (vsim-8233) C:/Users/ADMIN/Documents/GitHub/KLTN/Risc_V_new/Risc_V/rtl/decode_stage.v(123): Index xxxxx into array dimension [31:1] is out of bounds.
#    Time: 0 ps  Iteration: 0  Instance: /tb_csr_trap/dut/decode_unit/rf
# ---------------------------------------------
# tb_csr_trap checks
# ---------------------------------------------
# [PASS] x1  (LUI mtvec target): 0x00002000
# [PASS] x2  (LUI test value): 0x12345000
# [PASS] x3  (CSRRW old mscratch=reset0): 0x00000000
# [PASS] x4  (CSRRS pure read): 0x12345000
# [PASS] x5  (ADDI mask): 0x000000f0
# [PASS] x6  (CSRRS old, before OR): 0x12345000
# [PASS] x7  (CSRRC old, before AND-clr): 0x123450f0
# [PASS] x8  (CSRRWI old, before =5): 0x12345000
# [PASS] x9  (CSRRSI old, before OR 3): 0x00000005
# [PASS] x10 (resumed after EBREAK): 0x00000111
# [PASS] x11 (resumed after ECALL): 0x00000222
# [PASS] x12 (resumed after illegal instr): 0x00000333
# [PASS] x13 (mcause after illegal instr): 0x00000002
# [PASS] x14 (final mscratch): 0x00000007
# [PASS] CurrentPriv stayed M throughout: 0x00000003
# ---------------------------------------------
# CSR_TRAP_TB: PASS
# ---------------------------------------------
# ** Note: $finish    : C:/Users/ADMIN/Documents/GitHub/KLTN/Risc_V_new/Risc_V/sim/tb_csr_trap.v(232)
#    Time: 4045 ns  Iteration: 1  Instance: /tb_csr_trap
