# vsim -do {run -all; quit -f} -l output/msi_cache_upgrade_final/tb_mmu_advanced.log -lib output/msi_cache_upgrade_final/work -c tb_mmu_advanced 
# ** Note: (vsim-3812) Design is being optimized...
# 
# //  Questa Sim-64
# //  Version 10.2c Unknown Platform Jul 19 2013
# //
# //  Copyright 1991-2013 Mentor Graphics Corporation
# //  All Rights Reserved.
# //
# //  THIS WORK CONTAINS TRADE SECRET AND PROPRIETARY INFORMATION
# //  WHICH IS THE PROPERTY OF MENTOR GRAPHICS CORPORATION OR ITS
# //  LICENSORS AND IS SUBJECT TO LICENSE TERMS.
# //
# Loading sv_std.std
# Loading work.tb_mmu_advanced(fast)
# run -all 
# [PASS] 4KiB load updates A
# [PASS] 4KiB store updates D
# [PASS] U load rejects supervisor page
# [PASS] U load accepts user page
# [PASS] oad rejects user page when SUM=0
# [PASS] oad accepts user page when SUM=1
# [PASS] cts execute-only page when MXR=0
# [PASS] pts execute-only page when MXR=1
# [PASS] ejects user page even with SUM=1
# [PASS] aligned 4MiB leaf supported
# [PASS] misaligned 4MiB leaf rejected
# [PASS] super-TLB matches all VPN[9:0] subpages
# ---------------------------------------------
# MMU_ADVANCED_TB: PASS
# ---------------------------------------------
# ** Note: $finish    : C:/Users/ADMIN/Documents/GitHub/KLTN/Risc_V_new/Risc_V/sim/tb_mmu_advanced.v(184)
#    Time: 491 ns  Iteration: 0  Instance: /tb_mmu_advanced
