# vsim -do {run -all; quit -f} -l {C:\Users\ADMIN\Documents\GitHub\KLTN\Risc_V_new\Risc_V\reports\xsim-race-fix-verification\run-tb_cache_amo.log} -lib ../reports/.questa-work-de8437d69ab443eea80990536fd06be2 -c -quiet tb_cache_amo 
# ** Note: (vsim-3812) Design is being optimized...
# 
# ** Warning: C:\Users\ADMIN\Documents\GitHub\KLTN\Risc_V_new\Risc_V\sim\tb_cache_amo.v(47): (vopt-2685) [TFMPC] - Too few port connections for 'dut'.  Expected 33, found 30.
# 
# ** Warning: C:\Users\ADMIN\Documents\GitHub\KLTN\Risc_V_new\Risc_V\sim\tb_cache_amo.v(47): (vopt-2718) [TFMPC] - Missing connection for port 'Cache_Flush_Error'.
# 
# ** Warning: C:\Users\ADMIN\Documents\GitHub\KLTN\Risc_V_new\Risc_V\sim\tb_cache_amo.v(47): (vopt-2718) [TFMPC] - Missing connection for port 'Cache_Flush_Done'.
# 
# ** Warning: C:\Users\ADMIN\Documents\GitHub\KLTN\Risc_V_new\Risc_V\sim\tb_cache_amo.v(47): (vopt-2718) [TFMPC] - Missing connection for port 'Cache_Flush_Busy'.
# 
# //  Questa Sim-64
# //  Version 10.2c Unknown Platform Jul 19 2013
# //
# //  Copyright 1991-2013 Mentor Graphics Corporation
# //  All Rights Reserved.
# //
# //  THIS WORK CONTAINS TRADE SECRET AND PROPRIETARY INFORMATION
# //  WHICH IS THE PROPERTY OF MENTOR GRAPHICS CORPORATION OR ITS
# //  LICENSORS AND IS SUBJECT TO LICENSE TERMS.
# //
# run -all 
# [PASS] AMOADD.W returned old value 10 to x3
# [PASS] following LW observed AMO result 15 in D$
# [PASS] cold AMO issued exactly one RFO
# CACHE_AMO_TB: PASS
# ** Note: $finish    : C:/Users/ADMIN/Documents/GitHub/KLTN/Risc_V_new/Risc_V/sim/tb_cache_amo.v(184)
#    Time: 245 ns  Iteration: 1  Instance: /tb_cache_amo
