# vsim -do {run -all; quit -f} -l {C:\Users\ADMIN\Documents\GitHub\KLTN\Risc_V_new\Risc_V\reports\xsim-race-fix-verification\run-tb_csr_access_fault.log} -lib ../reports/.questa-work-de8437d69ab443eea80990536fd06be2 -c -quiet tb_csr_access_fault 
# ** Note: (vsim-3812) Design is being optimized...
# 
# //  Questa Sim-64
# //  Version 10.2c Unknown Platform Jul 19 2013
# //
# //  Copyright 1991-2013 Mentor Graphics Corporation
# //  All Rights Reserved.
# //
# //  THIS WORK CONTAINS TRADE SECRET AND PROPRIETARY INFORMATION
# //  WHICH IS THE PROPERTY OF MENTOR GRAPHICS CORPORATION OR ITS
# //  LICENSORS AND IS SUBJECT TO LICENSE TERMS.
# //
# run -all 
# [PASS] instruction access fault cause=1
# [PASS] mepc captures faulting instruction
# [PASS] mtval captures fault address
# [PASS] load access fault cause=5
# [PASS] mepc captures faulting instruction
# [PASS] mtval captures fault address
# [PASS] store access fault cause=7
# [PASS] mepc captures faulting instruction
# [PASS] mtval captures fault address
# CSR_ACCESS_FAULT_TB: PASS
# ** Note: $finish    : C:/Users/ADMIN/Documents/GitHub/KLTN/Risc_V_new/Risc_V/sim/tb_csr_access_fault.v(104)
#    Time: 103 ns  Iteration: 0  Instance: /tb_csr_access_fault
