# vsim -do {run -all; quit -f} -l {C:\Users\ADMIN\Documents\GitHub\KLTN\Risc_V_new\Risc_V\reports\xsim-race-fix-verification\run-tb_mmu_context.log} -lib ../reports/.questa-work-de8437d69ab443eea80990536fd06be2 -c -quiet tb_mmu_context 
# ** Note: (vsim-3812) Design is being optimized...
# 
# //  Questa Sim-64
# //  Version 10.2c Unknown Platform Jul 19 2013
# //
# //  Copyright 1991-2013 Mentor Graphics Corporation
# //  All Rights Reserved.
# //
# //  THIS WORK CONTAINS TRADE SECRET AND PROPRIETARY INFORMATION
# //  WHICH IS THE PROPERTY OF MENTOR GRAPHICS CORPORATION OR ITS
# //  LICENSORS AND IS SUBJECT TO LICENSE TERMS.
# //
# run -all 
# [PASS] initial address space translated
# [PASS] satp root change auto-invalidates TLBs
# [PASS] stale ROOT_A entry was not reused
# [PASS] disable-mid-walk drains and discards old response
# [PASS] re-enable starts from a clean TLB context
# [PASS] privilege change discards and rechecks PTW result
# [PASS] PTW watchdog flags a stalled walk
# MMU_CONTEXT_TB: PASS
# ** Note: $finish    : C:/Users/ADMIN/Documents/GitHub/KLTN/Risc_V_new/Risc_V/sim/tb_mmu_context.v(206)
#    Time: 570 ns  Iteration: 1  Instance: /tb_mmu_context
