# vsim -do {run -all; quit -f} -l {C:\Users\ADMIN\Documents\GitHub\KLTN\Risc_V_new\Risc_V\reports\xsim-race-fix-verification\run-tb_mmu_advanced.log} -lib ../reports/.questa-work-de8437d69ab443eea80990536fd06be2 -c -quiet tb_mmu_advanced 
# ** Note: (vsim-3812) Design is being optimized...
# 
# //  Questa Sim-64
# //  Version 10.2c Unknown Platform Jul 19 2013
# //
# //  Copyright 1991-2013 Mentor Graphics Corporation
# //  All Rights Reserved.
# //
# //  THIS WORK CONTAINS TRADE SECRET AND PROPRIETARY INFORMATION
# //  WHICH IS THE PROPERTY OF MENTOR GRAPHICS CORPORATION OR ITS
# //  LICENSORS AND IS SUBJECT TO LICENSE TERMS.
# //
# run -all 
# [PASS] 4KiB load updates A
# [PASS] 4KiB store updates D
# [PASS] U load rejects supervisor page
# [PASS] U load accepts user page
# [PASS] S load rejects user page when SUM=0
# [PASS] S load accepts user page when SUM=1
# [PASS] load rejects execute-only page when MXR=0
# [PASS] load accepts execute-only page when MXR=1
# [PASS] S fetch rejects user page even with SUM=1
# [PASS] non-leaf U/A/D encoding rejected
# [PASS] non-leaf G mapping accepted
# [PASS] non-leaf G propagates to leaf metadata
# [PASS] non-leaf PTE[11:10] rejected
# [PASS] leaf PTE[11:10] rejected
# [PASS] leaf RSW bits remain software-defined
# [PASS] aligned 4MiB leaf supported
# [PASS] misaligned 4MiB leaf rejected
# [PASS] super-TLB matches all VPN[9:0] subpages
# [PASS] super-TLB flush invalidates entries
# ---------------------------------------------
# MMU_ADVANCED_TB: PASS
# ---------------------------------------------
# ** Note: $finish    : C:/Users/ADMIN/Documents/GitHub/KLTN/Risc_V_new/Risc_V/sim/tb_mmu_advanced.v(220)
#    Time: 691 ns  Iteration: 0  Instance: /tb_mmu_advanced
