# vsim -do {run -all; quit -f} -l {C:\Users\ADMIN\Documents\GitHub\KLTN\Risc_V_new\Risc_V\reports\xsim-race-fix-verification\run-tb_cache_uncached.log} -lib ../reports/.questa-work-de8437d69ab443eea80990536fd06be2 -c -quiet tb_cache_uncached 
# ** Note: (vsim-3812) Design is being optimized...
# 
# //  Questa Sim-64
# //  Version 10.2c Unknown Platform Jul 19 2013
# //
# //  Copyright 1991-2013 Mentor Graphics Corporation
# //  All Rights Reserved.
# //
# //  THIS WORK CONTAINS TRADE SECRET AND PROPRIETARY INFORMATION
# //  WHICH IS THE PROPERTY OF MENTOR GRAPHICS CORPORATION OR ITS
# //  LICENSORS AND IS SUBJECT TO LICENSE TERMS.
# //
# run -all 
# [PASS] uncached LB sign-extends selected byte
# [PASS] uncached read is one aligned external word and carries no write lanes
# [PASS] uncached LHU extracts upper halfword
# [PASS] second MMIO read reaches the device again (no L1/L2 allocation)
# [PASS] uncached SB preserves untouched device lanes
# [PASS] uncached SB propagates aligned address, shifted data and WSTRB
# [PASS] uncached SH preserves lower device halfword
# [PASS] uncached SH propagates upper byte lanes
# [PASS] uncached SW writes every byte lane
# [PASS] MMIO bus error reaches D$ as an access error
# [PASS] MMIO path recovers after an error
# [PASS] unsupported uncached AMO faults without issuing a non-atomic device write
# [PASS] valid uncached traffic does not latch coherence protocol_error
# CACHE_UNCACHED_TB: PASS
# ** Note: $finish    : C:/Users/ADMIN/Documents/GitHub/KLTN/Risc_V_new/Risc_V/sim/tb_cache_uncached.v(227)
#    Time: 715 ns  Iteration: 1  Instance: /tb_cache_uncached
