Copyright 1986-2022 Xilinx, Inc. All Rights Reserved. Copyright 2022-2025 Advanced Micro Devices, Inc. All Rights Reserved.
---------------------------------------------------------------------------------------------------------------------------------------------
| Tool Version : Vivado v.2025.2 (win64) Build 6299465 Fri Nov 14 19:35:11 GMT 2025
| Date         : Sun Mar 15 00:12:12 2026
| Host         : Admin-PC running 64-bit major release  (build 9200)
| Command      : upgrade_ip
| Device       : xc7z020clg484-1
---------------------------------------------------------------------------------------------------------------------------------------------

Upgrade Log for IP 'riscV_dualcore_RV32IMFA_IP_Wrapper_0_1'

1. Summary
----------

SUCCESS in the update of riscV_dualcore_RV32IMFA_IP_Wrapper_0_1 (xilinx.com:user:RV32IMFA_IP_Wrapper:1.0 (Rev. 3)) to current project options.






Copyright 1986-2022 Xilinx, Inc. All Rights Reserved. Copyright 2022-2025 Advanced Micro Devices, Inc. All Rights Reserved.
---------------------------------------------------------------------------------------------------------------------------------------------
| Tool Version : Vivado v.2025.2 (win64) Build 6299465 Fri Nov 14 19:35:11 GMT 2025
| Date         : Sun Mar 15 00:12:12 2026
| Host         : Admin-PC running 64-bit major release  (build 9200)
| Command      : upgrade_ip
| Device       : xc7z020clg484-1
---------------------------------------------------------------------------------------------------------------------------------------------

Upgrade Log for IP 'riscV_dualcore_RV32IMFA_IP_Wrapper_0_0'

1. Summary
----------

SUCCESS in the update of riscV_dualcore_RV32IMFA_IP_Wrapper_0_0 (xilinx.com:user:RV32IMFA_IP_Wrapper:1.0 (Rev. 3)) to current project options.






Copyright 1986-2022 Xilinx, Inc. All Rights Reserved. Copyright 2022-2025 Advanced Micro Devices, Inc. All Rights Reserved.
---------------------------------------------------------------------------------------------------------------------------------------------
| Tool Version : Vivado v.2025.2 (win64) Build 6299465 Fri Nov 14 19:35:11 GMT 2025
| Date         : Sat Mar 14 16:18:47 2026
| Host         : Admin-PC running 64-bit major release  (build 9200)
| Command      : upgrade_ip
| Device       : xc7z020clg484-1
---------------------------------------------------------------------------------------------------------------------------------------------

Upgrade Log for IP 'RV32IMFA_IP_Wrapper_0'

1. Summary
----------

SUCCESS in the update of RV32IMFA_IP_Wrapper_0 (xilinx.com:user:RV32IMFA_IP_Wrapper:1.0 (Rev. 3)) to current project options.

