INFO: [VRFC 10-2263] Analyzing Verilog file "C:/Users/Admin/Risc_V/Risc_V.srcs/sources_1/new/ALU.v" into library xil_defaultlib
INFO: [VRFC 10-311] analyzing module ALU
INFO: [VRFC 10-2263] Analyzing Verilog file "C:/Users/Admin/Risc_V/Risc_V.srcs/sources_1/new/ALU_Decoder.v" into library xil_defaultlib
INFO: [VRFC 10-311] analyzing module ALU_Decoder
INFO: [VRFC 10-2263] Analyzing Verilog file "C:/Users/Admin/Risc_V/Risc_V.srcs/sources_1/new/Control_Unit.v" into library xil_defaultlib
INFO: [VRFC 10-311] analyzing module Control_Unit
INFO: [VRFC 10-2263] Analyzing Verilog file "C:/Users/Admin/Risc_V/Risc_V.srcs/sources_1/new/FPU.v" into library xil_defaultlib
INFO: [VRFC 10-311] analyzing module FP_Sqrt
INFO: [VRFC 10-311] analyzing module FP_CVT
INFO: [VRFC 10-311] analyzing module FP_Mul
INFO: [VRFC 10-311] analyzing module FP_Add
INFO: [VRFC 10-311] analyzing module FP_FMA
INFO: [VRFC 10-311] analyzing module FPU
INFO: [VRFC 10-2263] Analyzing Verilog file "C:/Users/Admin/Risc_V/Risc_V.srcs/sources_1/new/FPU_Decoder.v" into library xil_defaultlib
INFO: [VRFC 10-311] analyzing module FPU_Decoder
INFO: [VRFC 10-2263] Analyzing Verilog file "C:/Users/Admin/Risc_V/Risc_V.srcs/sources_1/new/FP_Div.v" into library xil_defaultlib
INFO: [VRFC 10-311] analyzing module FP_Div
INFO: [VRFC 10-2263] Analyzing Verilog file "C:/Users/Admin/Risc_V/Risc_V.srcs/sources_1/new/FP_Register_File.v" into library xil_defaultlib
INFO: [VRFC 10-311] analyzing module FP_Register_File
INFO: [VRFC 10-2263] Analyzing Verilog file "C:/Users/Admin/Risc_V/Risc_V.srcs/sources_1/new/Main_Decoder.v" into library xil_defaultlib
INFO: [VRFC 10-311] analyzing module Main_Decoder
INFO: [VRFC 10-2263] Analyzing Verilog file "C:/Users/Admin/Risc_V/Risc_V.srcs/sources_1/new/Mux_3_by_1.v" into library xil_defaultlib
INFO: [VRFC 10-311] analyzing module Mux_3_by_1
INFO: [VRFC 10-2263] Analyzing Verilog file "C:/Users/Admin/Risc_V/Risc_V.srcs/sources_1/new/PC_Adder.v" into library xil_defaultlib
INFO: [VRFC 10-311] analyzing module PC_Adder
INFO: [VRFC 10-2263] Analyzing Verilog file "C:/Users/Admin/Risc_V/Risc_V.srcs/sources_1/new/PC_module.v" into library xil_defaultlib
INFO: [VRFC 10-311] analyzing module PC_module
INFO: [VRFC 10-2263] Analyzing Verilog file "C:/Users/Admin/Risc_V/Risc_V.srcs/sources_1/new/Register_File.v" into library xil_defaultlib
INFO: [VRFC 10-311] analyzing module Register_File
INFO: [VRFC 10-2263] Analyzing Verilog file "C:/Users/Admin/Risc_V/Risc_V.srcs/sources_1/new/Sign_Extend.v" into library xil_defaultlib
INFO: [VRFC 10-311] analyzing module Sign_Extend
INFO: [VRFC 10-2263] Analyzing Verilog file "C:/Users/Admin/Risc_V/Risc_V.srcs/sources_1/new/decode_stage.v" into library xil_defaultlib
INFO: [VRFC 10-311] analyzing module decode_stage
INFO: [VRFC 10-2263] Analyzing Verilog file "C:/Users/Admin/Risc_V/Risc_V.srcs/sources_1/new/ex_mem_registers.v" into library xil_defaultlib
INFO: [VRFC 10-311] analyzing module ex_mem_registers
INFO: [VRFC 10-2263] Analyzing Verilog file "C:/Users/Admin/Risc_V/Risc_V.srcs/sources_1/new/execute_stage.v" into library xil_defaultlib
INFO: [VRFC 10-311] analyzing module execute_stage
INFO: [VRFC 10-311] analyzing module MDU
INFO: [VRFC 10-2263] Analyzing Verilog file "C:/Users/Admin/Risc_V/Risc_V.srcs/sources_1/new/fetch_stage.v" into library xil_defaultlib
INFO: [VRFC 10-311] analyzing module fetch_stage
INFO: [VRFC 10-2263] Analyzing Verilog file "C:/Users/Admin/Risc_V/Risc_V.srcs/sources_1/new/hazard_unit.v" into library xil_defaultlib
INFO: [VRFC 10-311] analyzing module hazard_unit
INFO: [VRFC 10-2263] Analyzing Verilog file "C:/Users/Admin/Risc_V/Risc_V.srcs/sources_1/new/id_ex_registers.v" into library xil_defaultlib
INFO: [VRFC 10-311] analyzing module id_ex_registers
INFO: [VRFC 10-2263] Analyzing Verilog file "C:/Users/Admin/Risc_V/Risc_V.srcs/sources_1/new/if_id_registers.v" into library xil_defaultlib
INFO: [VRFC 10-311] analyzing module if_id_registers
INFO: [VRFC 10-2263] Analyzing Verilog file "C:/Users/Admin/Risc_V/Risc_V.srcs/sources_1/new/mem_wb_registers.v" into library xil_defaultlib
INFO: [VRFC 10-311] analyzing module mem_wb_registers
INFO: [VRFC 10-2263] Analyzing Verilog file "C:/Users/Admin/Risc_V/Risc_V.srcs/sources_1/new/memory_stage.v" into library xil_defaultlib
INFO: [VRFC 10-311] analyzing module memory_stage
INFO: [VRFC 10-2263] Analyzing Verilog file "C:/Users/Admin/Risc_V/Risc_V.srcs/sources_1/new/mux.v" into library xil_defaultlib
INFO: [VRFC 10-311] analyzing module mux
INFO: [VRFC 10-2263] Analyzing Verilog file "C:/Users/Admin/Risc_V/Risc_V.srcs/sources_1/new/writeback_stage.v" into library xil_defaultlib
INFO: [VRFC 10-311] analyzing module writeback_stage
INFO: [VRFC 10-2263] Analyzing Verilog file "C:/Users/Admin/Risc_V/Risc_V.srcs/sources_1/new/RV32IMFA.v" into library xil_defaultlib
INFO: [VRFC 10-311] analyzing module RV32IMFA
INFO: [VRFC 10-2263] Analyzing Verilog file "C:/Users/Admin/Risc_V/Risc_V.srcs/sources_1/new/RV32IMFA_DualCore_Wrapper.v" into library xil_defaultlib
INFO: [VRFC 10-311] analyzing module RV32IMFA_DualCore_Wrapper
INFO: [VRFC 10-2263] Analyzing Verilog file "C:/Users/Admin/Risc_V/Risc_V.srcs/sources_1/new/round_robin_arbiter_2core.v" into library xil_defaultlib
INFO: [VRFC 10-311] analyzing module round_robin_arbiter_2core
INFO: [VRFC 10-2263] Analyzing Verilog file "C:/Users/Admin/Risc_V/Risc_V.srcs/sim_1/new/tb_top.v" into library xil_defaultlib
INFO: [VRFC 10-311] analyzing module tb_top
