# vsim -do {run -all; quit -f} -l output/msi_cache_upgrade_compile3/direct.log -lib output/msi_cache_upgrade_compile3/work -c tb_coherence 
# ** Note: (vsim-3813) Design is being optimized due to module recompilation...
# 
# //  Questa Sim-64
# //  Version 10.2c Unknown Platform Jul 19 2013
# //
# //  Copyright 1991-2013 Mentor Graphics Corporation
# //  All Rights Reserved.
# //
# //  THIS WORK CONTAINS TRADE SECRET AND PROPRIETARY INFORMATION
# //  WHICH IS THE PROPERTY OF MENTOR GRAPHICS CORPORATION OR ITS
# //  LICENSORS AND IS SUBJECT TO LICENSE TERMS.
# //
# Loading sv_std.std
# Loading work.tb_coherence(fast)
# run -all 
# ---------------------------------------------
# MSI A: cold BusRd must grant S
# [PASS] A: core0 initial read: 0x00000000
# MSI B: S write must issue RFO before entering M
# [PASS] B: S->M generated exactly one RFO
# MSI C: BusRd snoops M, forwards new data, M->S, no DRAM read
# [PASS] C: core1 sees core0's dirty write: 0xaaaa0001
# [PASS] C: value came from owner/L2 without DRAM
# [PASS] C: downgraded core0 still reads shared value: 0xaaaa0001
# MSI D: four readers, then one writer invalidates all sharers
# [PASS] D: shared writer generated one RFO
# [PASS] D: core0 re-fetches writer value: 0xbbbb0002
# [PASS] D: core1 re-fetches writer value: 0xbbbb0002
# [PASS] D: core3 re-fetches writer value: 0xbbbb0002
# MSI E: false sharing preserves both words in one line
# [PASS] E: word 0 survives ownership transfer: 0x1111aaaa
# [PASS] E: word 1 written by new owner: 0x2222bbbb
# MSI F: dirty L1 eviction writes L2; consumer must not access DRAM
# [PASS] F: conflicting third line caused an L1 writeback
# [PASS] F: consumer sees L1-evicted value from L2: 0xcafe0000
# [PASS] F: L2 hit avoided DRAM
# MSI G: inclusive dirty L2 eviction snoops victim and writes DRAM
# [PASS] G: fifth same-set line wrote dirty victim to DRAM
# [PASS] G: evicted dirty victim is recoverable from DRAM: 0xd0000000
# MSI H: whole-cache flush writes back M lines before invalidation
# [PASS] H: flush emitted writeback for dirty data
# [PASS] H: another core sees flushed value: 0xf1e50001
# [PASS] H: flushed value was recovered from L2
# MSI I: simultaneous misses are served in round-robin order
# [PASS] I: first grant follows saved round-robin pointer
# [PASS] I: all four grants rotate without starvation
# MSI J: byte/halfword merge and signed/unsigned loads
# [PASS] J: SB/SH preserve untouched lanes: 0x80ffaa44
# [PASS] J: LB sign extends: 0xffffffaa
# [PASS] J: LBU zero extends: 0x000000aa
# [PASS] J: LH sign extends: 0xffff80ff
# [PASS] J: LHU zero extends: 0x000080ff
# [PASS] K: CM performance counters observed all D requests
# [PASS] K: CM observed both L2 hits and misses
# [PASS] K: CM protocol checker stayed clean
# [PASS] K: CM handshake watchdog stayed clean
# [PASS] K: optional CM trace buffer captured events
# [PASS] MSI never granted removed Exclusive state
# ---------------------------------------------
# MSI_COHERENCE_TB: PASS
# ---------------------------------------------
# ** Note: $finish    : Risc_V_new/Risc_V/sim/tb_coherence.v(482)
#    Time: 19495 ns  Iteration: 1  Instance: /tb_coherence
