# vsim -do {run -all; quit -f} -l {C:\Users\ADMIN\Documents\GitHub\KLTN\Risc_V_new\Risc_V\reports\full-regression-latest\run-tb_mmu_core.log} -lib ../reports/.questa-work-7c35156ea3fd4dc9b37d856c44854b89 -c -quiet tb_mmu_core 
# ** Note: (vsim-3812) Design is being optimized...
# 
# //  Questa Sim-64
# //  Version 10.2c Unknown Platform Jul 19 2013
# //
# //  Copyright 1991-2013 Mentor Graphics Corporation
# //  All Rights Reserved.
# //
# //  THIS WORK CONTAINS TRADE SECRET AND PROPRIETARY INFORMATION
# //  WHICH IS THE PROPERTY OF MENTOR GRAPHICS CORPORATION OR ITS
# //  LICENSORS AND IS SUBJECT TO LICENSE TERMS.
# //
# run -all 
# ---------------------------------------------
# MMU_TB checks
# ---------------------------------------------
# [PASS] x1 (addi): 0x00000005
# [PASS] x2 (addi): 0x0000000a
# [PASS] x3 (add): 0x0000000f
# [PASS] x4 (load back after store): 0x0000000f
# [PASS] x5 (lui 0x2): 0x00002000
# [PASS] x6 (lui 0x4): 0x00004000
# [PASS] x7 (addi 99): 0x00000063
# [PASS] x8 (RO load, sentinel intact): 0xdeadbeef
# [PASS] x9 (lui 0x3): 0x00003000
# [PASS] x10 (not-present fault -> 0): 0x00000000
# [PASS] x11 (mcause after not-present load trap): 0x0000000d
# [PASS] PA 0x4000 unchanged by blocked RO store: 0xdeadbeef
# [PASS] Code PTE has A set: 0x0000204b
# [PASS] RW data PTE has A+D set: 0x000030c7
# [PASS] RO data PTE has A set: 0x00004043
# [PASS] all PTW A/D updates used coherent AMOOR.W masks
# [PASS] Data_PageFault pulsed 2 times
# [PASS] Fetch_PageFault never pulsed (all fetches were mapped, as expected)
# ---------------------------------------------
# MMU_TB: PASS
# ---------------------------------------------
# ** Note: $finish    : C:/Users/ADMIN/Documents/GitHub/KLTN/Risc_V_new/Risc_V/sim/tb_mmu_core.v(433)
#    Time: 20045 ns  Iteration: 1  Instance: /tb_mmu_core
