# vsim -do {run -all; quit -f} -l {C:\Users\ADMIN\Documents\GitHub\KLTN\Risc_V_new\Risc_V\reports\full-regression-latest\run-tb_mmu_policy.log} -lib ../reports/.questa-work-7c35156ea3fd4dc9b37d856c44854b89 -c -quiet tb_mmu_policy 
# ** Note: (vsim-3812) Design is being optimized...
# 
# //  Questa Sim-64
# //  Version 10.2c Unknown Platform Jul 19 2013
# //
# //  Copyright 1991-2013 Mentor Graphics Corporation
# //  All Rights Reserved.
# //
# //  THIS WORK CONTAINS TRADE SECRET AND PROPRIETARY INFORMATION
# //  WHICH IS THE PROPERTY OF MENTOR GRAPHICS CORPORATION OR ITS
# //  LICENSORS AND IS SUBJECT TO LICENSE TERMS.
# //
# run -all 
# [PASS] Bare-mode bypass ignores region guard
# [PASS] NX fetch faults without a PTW access
# [PASS] Boot store faults and data-side priority is preserved
# [PASS] Forbidden-region tests issued no PTW requests
# [PASS] Optional MMU trace captured four controller events
# [PASS] Trace record exposes event type and VA
# ---------------------------------------------
# MMU_POLICY_TB: PASS
# ---------------------------------------------
# ** Note: $finish    : C:/Users/ADMIN/Documents/GitHub/KLTN/Risc_V_new/Risc_V/sim/tb_mmu_policy.v(183)
#    Time: 67 ns  Iteration: 0  Instance: /tb_mmu_policy
