# vsim -do {run -all; quit -f} -l {C:\Users\ADMIN\Documents\GitHub\KLTN\Risc_V_new\Risc_V\reports\full-regression-latest\run-tb_ahb_uncached.log} -lib ../reports/.questa-work-7c35156ea3fd4dc9b37d856c44854b89 -c -quiet tb_ahb_uncached 
# ** Note: (vsim-3812) Design is being optimized...
# 
# //  Questa Sim-64
# //  Version 10.2c Unknown Platform Jul 19 2013
# //
# //  Copyright 1991-2013 Mentor Graphics Corporation
# //  All Rights Reserved.
# //
# //  THIS WORK CONTAINS TRADE SECRET AND PROPRIETARY INFORMATION
# //  WHICH IS THE PROPERTY OF MENTOR GRAPHICS CORPORATION OR ITS
# //  LICENSORS AND IS SUBJECT TO LICENSE TERMS.
# //
# run -all 
# [PASS] uncached SH uses non-cacheable HPROT, halfword HSIZE and HWRITE
# [PASS] AHB slave reconstructs exact uncached byte address and request type
# [PASS] AHB slave reconstructs uncached write enable, WSTRB and WDATA
# [PASS] uncached write consumes exactly one AHB transfer rather than a cache line
# [PASS] uncached read remains non-cacheable and is not mistaken for RFO
# [PASS] uncached read data crosses the AHB bridge in response word zero
# [PASS] uncached read consumes exactly one AHB transfer rather than eight
# AHB_UNCACHED_TB: PASS
# ** Note: $finish    : C:/Users/ADMIN/Documents/GitHub/KLTN/Risc_V_new/Risc_V/sim/tb_ahb_uncached.v(144)
#    Time: 185 ns  Iteration: 1  Instance: /tb_ahb_uncached
