Vivado Simulator v2022.2
Copyright 1986-1999, 2001-2022 Xilinx, Inc. All Rights Reserved.
Running: D:/Xillinx/Vivado/2022.2/bin/unwrapped/win64.o/xelab.exe --incr --debug typical --relax --mt 2 -L xil_defaultlib -L uvm -L unisims_ver -L unimacro_ver -L secureip --snapshot tb_cache_architecture_behav xil_defaultlib.tb_cache_architecture xil_defaultlib.glbl -log elaborate.log 
Using 2 slave threads.
Starting static elaboration
Pass Through NonSizing Optimizer
Completed static elaboration
Starting simulation data flow analysis
WARNING: [XSIM 43-4099] "D:/Study/KLTN/MMU/MMU/AXI4-Interconnect-main/rtl/axi_interconnect.v" Line 1. Module axi_interconnect(MST_AMT=8,SLV_AMT=1,MST_WEIGHT=256'b0100000000000000000000000000000001000000000000000000000000000000010000000000000000000000000000000100000000000000000000000000000001000000000000000000000000000000010000000000000000000000000000000100000000000000000000000000000001,MST_ID_W=3,SLV_ID_W=1,DATA_WIDTH=256,TRANS_SLV_ID_W=8,SLV_ID_MSB_IDX=0,SLV_ID_LSB_IDX=0) doesn't have a timescale but at least one module in design has a timescale.
WARNING: [XSIM 43-4099] "D:/Study/KLTN/MMU/MMU/AXI4-Interconnect-main/rtl/ai_dispatcher.v" Line 1. Module ai_dispatcher(SLV_AMT=1,DATA_WIDTH=256,SLV_ID_W=1,SLV_ID_MSB_IDX=0,SLV_ID_LSB_IDX=0) doesn't have a timescale but at least one module in design has a timescale.
WARNING: [XSIM 43-4099] "D:/Study/KLTN/MMU/MMU/AXI4-Interconnect-main/rtl/dsp_write_channel.v" Line 1. Module dsp_write_channel(SLV_AMT=1,DATA_WIDTH=256,SLV_ID_W=1,SLV_ID_MSB_IDX=0,SLV_ID_LSB_IDX=0) doesn't have a timescale but at least one module in design has a timescale.
WARNING: [XSIM 43-4099] "D:/Study/KLTN/MMU/MMU/AXI4-Interconnect-main/rtl/dsp_Ax_channel.v" Line 1. Module dsp_Ax_channel(SLV_AMT=1,SLV_ID_W=1,SLV_ID_MSB_IDX=0,SLV_ID_LSB_IDX=0) doesn't have a timescale but at least one module in design has a timescale.
WARNING: [XSIM 43-4099] "D:/Study/KLTN/MMU/MMU/AXI4-Interconnect-main/rtl/common/fifo/sync_fifo/fifo.v" Line 5. Module fifo(DATA_WIDTH=4) doesn't have a timescale but at least one module in design has a timescale.
WARNING: [XSIM 43-4099] "D:/Study/KLTN/MMU/MMU/AXI4-Interconnect-main/rtl/common/skid_buffer/skid_buffer.v" Line 10. Module skid_buffer(DATA_WIDTH=45) doesn't have a timescale but at least one module in design has a timescale.
WARNING: [XSIM 43-4099] "D:/Study/KLTN/MMU/MMU/AXI4-Interconnect-main/rtl/dsp_W_channel.v" Line 1. Module dsp_W_channel(SLV_AMT=1,DATA_WIDTH=256,SLV_ID_W=1,SLV_ID_MSB_IDX=0,SLV_ID_LSB_IDX=0) doesn't have a timescale but at least one module in design has a timescale.
WARNING: [XSIM 43-4099] "D:/Study/KLTN/MMU/MMU/AXI4-Interconnect-main/rtl/common/decoder/onehot_decoder/onehot_decoder.v" Line 3. Module onehot_decoder(INPUT_W=2,OUTPUT_W=1) doesn't have a timescale but at least one module in design has a timescale.
WARNING: [XSIM 43-4099] "D:/Study/KLTN/MMU/MMU/AXI4-Interconnect-main/rtl/common/skid_buffer/skid_buffer.v" Line 10. Module skid_buffer(DATA_WIDTH=257) doesn't have a timescale but at least one module in design has a timescale.
WARNING: [XSIM 43-4099] "D:/Study/KLTN/MMU/MMU/AXI4-Interconnect-main/rtl/dsp_B_channel.v" Line 1. Module dsp_B_channel(SLV_AMT=1,DATA_WIDTH=256,SLV_ID_W=1,SLV_ID_MSB_IDX=0,SLV_ID_LSB_IDX=0) doesn't have a timescale but at least one module in design has a timescale.
WARNING: [XSIM 43-4099] "D:/Study/KLTN/MMU/MMU/AXI4-Interconnect-main/rtl/common/fifo/sync_fifo/fifo.v" Line 5. Module fifo(DATA_WIDTH=1) doesn't have a timescale but at least one module in design has a timescale.
WARNING: [XSIM 43-4099] "D:/Study/KLTN/MMU/MMU/AXI4-Interconnect-main/rtl/common/fifo/sync_fifo/fifo.v" Line 5. Module fifo(DATA_WIDTH=7) doesn't have a timescale but at least one module in design has a timescale.
WARNING: [XSIM 43-4099] "D:/Study/KLTN/MMU/MMU/AXI4-Interconnect-main/rtl/common/skid_buffer/skid_buffer.v" Line 10. Module skid_buffer(DATA_WIDTH=7) doesn't have a timescale but at least one module in design has a timescale.
WARNING: [XSIM 43-4099] "D:/Study/KLTN/MMU/MMU/AXI4-Interconnect-main/rtl/dsp_read_channel.v" Line 1. Module dsp_read_channel(SLV_AMT=1,DATA_WIDTH=256,SLV_ID_W=1,SLV_ID_MSB_IDX=0,SLV_ID_LSB_IDX=0) doesn't have a timescale but at least one module in design has a timescale.
WARNING: [XSIM 43-4099] "D:/Study/KLTN/MMU/MMU/AXI4-Interconnect-main/rtl/dsp_Ax_channel.v" Line 1. Module dsp_Ax_channel(SLV_AMT=1,SLV_ID_W=1,SLV_ID_MSB_IDX=0,SLV_ID_LSB_IDX=0) doesn't have a timescale but at least one module in design has a timescale.
WARNING: [XSIM 43-4099] "D:/Study/KLTN/MMU/MMU/AXI4-Interconnect-main/rtl/common/fifo/sync_fifo/fifo.v" Line 5. Module fifo(DATA_WIDTH=4) doesn't have a timescale but at least one module in design has a timescale.
WARNING: [XSIM 43-4099] "D:/Study/KLTN/MMU/MMU/AXI4-Interconnect-main/rtl/common/skid_buffer/skid_buffer.v" Line 10. Module skid_buffer(DATA_WIDTH=45) doesn't have a timescale but at least one module in design has a timescale.
WARNING: [XSIM 43-4099] "D:/Study/KLTN/MMU/MMU/AXI4-Interconnect-main/rtl/dsp_R_channel.v" Line 1. Module dsp_R_channel(SLV_AMT=1,DATA_WIDTH=256,SLV_ID_W=1) doesn't have a timescale but at least one module in design has a timescale.
WARNING: [XSIM 43-4099] "D:/Study/KLTN/MMU/MMU/AXI4-Interconnect-main/rtl/common/fifo/sync_fifo/fifo.v" Line 5. Module fifo(DATA_WIDTH=264,FIFO_DEPTH=16) doesn't have a timescale but at least one module in design has a timescale.
WARNING: [XSIM 43-4099] "D:/Study/KLTN/MMU/MMU/AXI4-Interconnect-main/rtl/common/skid_buffer/skid_buffer.v" Line 10. Module skid_buffer(DATA_WIDTH=264) doesn't have a timescale but at least one module in design has a timescale.
WARNING: [XSIM 43-4099] "D:/Study/KLTN/MMU/MMU/AXI4-Interconnect-main/rtl/ai_dispatcher.v" Line 1. Module ai_dispatcher(SLV_AMT=1,DATA_WIDTH=256,SLV_ID_W=1,SLV_ID_MSB_IDX=0,SLV_ID_LSB_IDX=0) doesn't have a timescale but at least one module in design has a timescale.
WARNING: [XSIM 43-4099] "D:/Study/KLTN/MMU/MMU/AXI4-Interconnect-main/rtl/dsp_write_channel.v" Line 1. Module dsp_write_channel(SLV_AMT=1,DATA_WIDTH=256,SLV_ID_W=1,SLV_ID_MSB_IDX=0,SLV_ID_LSB_IDX=0) doesn't have a timescale but at least one module in design has a timescale.
WARNING: [XSIM 43-4099] "D:/Study/KLTN/MMU/MMU/AXI4-Interconnect-main/rtl/dsp_Ax_channel.v" Line 1. Module dsp_Ax_channel(SLV_AMT=1,SLV_ID_W=1,SLV_ID_MSB_IDX=0,SLV_ID_LSB_IDX=0) doesn't have a timescale but at least one module in design has a timescale.
WARNING: [XSIM 43-4099] "D:/Study/KLTN/MMU/MMU/AXI4-Interconnect-main/rtl/common/fifo/sync_fifo/fifo.v" Line 5. Module fifo(DATA_WIDTH=4) doesn't have a timescale but at least one module in design has a timescale.
WARNING: [XSIM 43-4099] "D:/Study/KLTN/MMU/MMU/AXI4-Interconnect-main/rtl/common/skid_buffer/skid_buffer.v" Line 10. Module skid_buffer(DATA_WIDTH=45) doesn't have a timescale but at least one module in design has a timescale.
WARNING: [XSIM 43-4099] "D:/Study/KLTN/MMU/MMU/AXI4-Interconnect-main/rtl/dsp_W_channel.v" Line 1. Module dsp_W_channel(SLV_AMT=1,DATA_WIDTH=256,SLV_ID_W=1,SLV_ID_MSB_IDX=0,SLV_ID_LSB_IDX=0) doesn't have a timescale but at least one module in design has a timescale.
WARNING: [XSIM 43-4099] "D:/Study/KLTN/MMU/MMU/AXI4-Interconnect-main/rtl/common/decoder/onehot_decoder/onehot_decoder.v" Line 3. Module onehot_decoder(INPUT_W=2,OUTPUT_W=1) doesn't have a timescale but at least one module in design has a timescale.
WARNING: [XSIM 43-4099] "D:/Study/KLTN/MMU/MMU/AXI4-Interconnect-main/rtl/common/skid_buffer/skid_buffer.v" Line 10. Module skid_buffer(DATA_WIDTH=257) doesn't have a timescale but at least one module in design has a timescale.
WARNING: [XSIM 43-4099] "D:/Study/KLTN/MMU/MMU/AXI4-Interconnect-main/rtl/dsp_B_channel.v" Line 1. Module dsp_B_channel(SLV_AMT=1,DATA_WIDTH=256,SLV_ID_W=1,SLV_ID_MSB_IDX=0,SLV_ID_LSB_IDX=0) doesn't have a timescale but at least one module in design has a timescale.
WARNING: [XSIM 43-4099] "D:/Study/KLTN/MMU/MMU/AXI4-Interconnect-main/rtl/common/fifo/sync_fifo/fifo.v" Line 5. Module fifo(DATA_WIDTH=1) doesn't have a timescale but at least one module in design has a timescale.
WARNING: [XSIM 43-4099] "D:/Study/KLTN/MMU/MMU/AXI4-Interconnect-main/rtl/common/fifo/sync_fifo/fifo.v" Line 5. Module fifo(DATA_WIDTH=7) doesn't have a timescale but at least one module in design has a timescale.
WARNING: [XSIM 43-4099] "D:/Study/KLTN/MMU/MMU/AXI4-Interconnect-main/rtl/common/skid_buffer/skid_buffer.v" Line 10. Module skid_buffer(DATA_WIDTH=7) doesn't have a timescale but at least one module in design has a timescale.
WARNING: [XSIM 43-4099] "D:/Study/KLTN/MMU/MMU/AXI4-Interconnect-main/rtl/dsp_read_channel.v" Line 1. Module dsp_read_channel(SLV_AMT=1,DATA_WIDTH=256,SLV_ID_W=1,SLV_ID_MSB_IDX=0,SLV_ID_LSB_IDX=0) doesn't have a timescale but at least one module in design has a timescale.
WARNING: [XSIM 43-4099] "D:/Study/KLTN/MMU/MMU/AXI4-Interconnect-main/rtl/dsp_Ax_channel.v" Line 1. Module dsp_Ax_channel(SLV_AMT=1,SLV_ID_W=1,SLV_ID_MSB_IDX=0,SLV_ID_LSB_IDX=0) doesn't have a timescale but at least one module in design has a timescale.
WARNING: [XSIM 43-4099] "D:/Study/KLTN/MMU/MMU/AXI4-Interconnect-main/rtl/common/fifo/sync_fifo/fifo.v" Line 5. Module fifo(DATA_WIDTH=4) doesn't have a timescale but at least one module in design has a timescale.
WARNING: [XSIM 43-4099] "D:/Study/KLTN/MMU/MMU/AXI4-Interconnect-main/rtl/common/skid_buffer/skid_buffer.v" Line 10. Module skid_buffer(DATA_WIDTH=45) doesn't have a timescale but at least one module in design has a timescale.
WARNING: [XSIM 43-4099] "D:/Study/KLTN/MMU/MMU/AXI4-Interconnect-main/rtl/dsp_R_channel.v" Line 1. Module dsp_R_channel(SLV_AMT=1,DATA_WIDTH=256,SLV_ID_W=1) doesn't have a timescale but at least one module in design has a timescale.
WARNING: [XSIM 43-4099] "D:/Study/KLTN/MMU/MMU/AXI4-Interconnect-main/rtl/common/fifo/sync_fifo/fifo.v" Line 5. Module fifo(DATA_WIDTH=264,FIFO_DEPTH=16) doesn't have a timescale but at least one module in design has a timescale.
WARNING: [XSIM 43-4099] "D:/Study/KLTN/MMU/MMU/AXI4-Interconnect-main/rtl/common/skid_buffer/skid_buffer.v" Line 10. Module skid_buffer(DATA_WIDTH=264) doesn't have a timescale but at least one module in design has a timescale.
WARNING: [XSIM 43-4099] "D:/Study/KLTN/MMU/MMU/AXI4-Interconnect-main/rtl/ai_dispatcher.v" Line 1. Module ai_dispatcher(SLV_AMT=1,DATA_WIDTH=256,SLV_ID_W=1,SLV_ID_MSB_IDX=0,SLV_ID_LSB_IDX=0) doesn't have a timescale but at least one module in design has a timescale.
WARNING: [XSIM 43-4099] "D:/Study/KLTN/MMU/MMU/AXI4-Interconnect-main/rtl/dsp_write_channel.v" Line 1. Module dsp_write_channel(SLV_AMT=1,DATA_WIDTH=256,SLV_ID_W=1,SLV_ID_MSB_IDX=0,SLV_ID_LSB_IDX=0) doesn't have a timescale but at least one module in design has a timescale.
WARNING: [XSIM 43-4099] "D:/Study/KLTN/MMU/MMU/AXI4-Interconnect-main/rtl/dsp_Ax_channel.v" Line 1. Module dsp_Ax_channel(SLV_AMT=1,SLV_ID_W=1,SLV_ID_MSB_IDX=0,SLV_ID_LSB_IDX=0) doesn't have a timescale but at least one module in design has a timescale.
WARNING: [XSIM 43-4099] "D:/Study/KLTN/MMU/MMU/AXI4-Interconnect-main/rtl/common/fifo/sync_fifo/fifo.v" Line 5. Module fifo(DATA_WIDTH=4) doesn't have a timescale but at least one module in design has a timescale.
WARNING: [XSIM 43-4099] "D:/Study/KLTN/MMU/MMU/AXI4-Interconnect-main/rtl/common/skid_buffer/skid_buffer.v" Line 10. Module skid_buffer(DATA_WIDTH=45) doesn't have a timescale but at least one module in design has a timescale.
WARNING: [XSIM 43-4099] "D:/Study/KLTN/MMU/MMU/AXI4-Interconnect-main/rtl/dsp_W_channel.v" Line 1. Module dsp_W_channel(SLV_AMT=1,DATA_WIDTH=256,SLV_ID_W=1,SLV_ID_MSB_IDX=0,SLV_ID_LSB_IDX=0) doesn't have a timescale but at least one module in design has a timescale.
WARNING: [XSIM 43-4099] "D:/Study/KLTN/MMU/MMU/AXI4-Interconnect-main/rtl/common/decoder/onehot_decoder/onehot_decoder.v" Line 3. Module onehot_decoder(INPUT_W=2,OUTPUT_W=1) doesn't have a timescale but at least one module in design has a timescale.
WARNING: [XSIM 43-4099] "D:/Study/KLTN/MMU/MMU/AXI4-Interconnect-main/rtl/common/skid_buffer/skid_buffer.v" Line 10. Module skid_buffer(DATA_WIDTH=257) doesn't have a timescale but at least one module in design has a timescale.
WARNING: [XSIM 43-4099] "D:/Study/KLTN/MMU/MMU/AXI4-Interconnect-main/rtl/dsp_B_channel.v" Line 1. Module dsp_B_channel(SLV_AMT=1,DATA_WIDTH=256,SLV_ID_W=1,SLV_ID_MSB_IDX=0,SLV_ID_LSB_IDX=0) doesn't have a timescale but at least one module in design has a timescale.
WARNING: [XSIM 43-4099] "D:/Study/KLTN/MMU/MMU/AXI4-Interconnect-main/rtl/common/fifo/sync_fifo/fifo.v" Line 5. Module fifo(DATA_WIDTH=1) doesn't have a timescale but at least one module in design has a timescale.
WARNING: [XSIM 43-4099] "D:/Study/KLTN/MMU/MMU/AXI4-Interconnect-main/rtl/common/fifo/sync_fifo/fifo.v" Line 5. Module fifo(DATA_WIDTH=7) doesn't have a timescale but at least one module in design has a timescale.
WARNING: [XSIM 43-4099] "D:/Study/KLTN/MMU/MMU/AXI4-Interconnect-main/rtl/common/skid_buffer/skid_buffer.v" Line 10. Module skid_buffer(DATA_WIDTH=7) doesn't have a timescale but at least one module in design has a timescale.
WARNING: [XSIM 43-4099] "D:/Study/KLTN/MMU/MMU/AXI4-Interconnect-main/rtl/dsp_read_channel.v" Line 1. Module dsp_read_channel(SLV_AMT=1,DATA_WIDTH=256,SLV_ID_W=1,SLV_ID_MSB_IDX=0,SLV_ID_LSB_IDX=0) doesn't have a timescale but at least one module in design has a timescale.
WARNING: [XSIM 43-4099] "D:/Study/KLTN/MMU/MMU/AXI4-Interconnect-main/rtl/dsp_Ax_channel.v" Line 1. Module dsp_Ax_channel(SLV_AMT=1,SLV_ID_W=1,SLV_ID_MSB_IDX=0,SLV_ID_LSB_IDX=0) doesn't have a timescale but at least one module in design has a timescale.
WARNING: [XSIM 43-4099] "D:/Study/KLTN/MMU/MMU/AXI4-Interconnect-main/rtl/common/fifo/sync_fifo/fifo.v" Line 5. Module fifo(DATA_WIDTH=4) doesn't have a timescale but at least one module in design has a timescale.
WARNING: [XSIM 43-4099] "D:/Study/KLTN/MMU/MMU/AXI4-Interconnect-main/rtl/common/skid_buffer/skid_buffer.v" Line 10. Module skid_buffer(DATA_WIDTH=45) doesn't have a timescale but at least one module in design has a timescale.
WARNING: [XSIM 43-4099] "D:/Study/KLTN/MMU/MMU/AXI4-Interconnect-main/rtl/dsp_R_channel.v" Line 1. Module dsp_R_channel(SLV_AMT=1,DATA_WIDTH=256,SLV_ID_W=1) doesn't have a timescale but at least one module in design has a timescale.
WARNING: [XSIM 43-4099] "D:/Study/KLTN/MMU/MMU/AXI4-Interconnect-main/rtl/common/fifo/sync_fifo/fifo.v" Line 5. Module fifo(DATA_WIDTH=264,FIFO_DEPTH=16) doesn't have a timescale but at least one module in design has a timescale.
WARNING: [XSIM 43-4099] "D:/Study/KLTN/MMU/MMU/AXI4-Interconnect-main/rtl/common/skid_buffer/skid_buffer.v" Line 10. Module skid_buffer(DATA_WIDTH=264) doesn't have a timescale but at least one module in design has a timescale.
WARNING: [XSIM 43-4099] "D:/Study/KLTN/MMU/MMU/AXI4-Interconnect-main/rtl/ai_dispatcher.v" Line 1. Module ai_dispatcher(SLV_AMT=1,DATA_WIDTH=256,SLV_ID_W=1,SLV_ID_MSB_IDX=0,SLV_ID_LSB_IDX=0) doesn't have a timescale but at least one module in design has a timescale.
WARNING: [XSIM 43-4099] "D:/Study/KLTN/MMU/MMU/AXI4-Interconnect-main/rtl/dsp_write_channel.v" Line 1. Module dsp_write_channel(SLV_AMT=1,DATA_WIDTH=256,SLV_ID_W=1,SLV_ID_MSB_IDX=0,SLV_ID_LSB_IDX=0) doesn't have a timescale but at least one module in design has a timescale.
WARNING: [XSIM 43-4099] "D:/Study/KLTN/MMU/MMU/AXI4-Interconnect-main/rtl/dsp_Ax_channel.v" Line 1. Module dsp_Ax_channel(SLV_AMT=1,SLV_ID_W=1,SLV_ID_MSB_IDX=0,SLV_ID_LSB_IDX=0) doesn't have a timescale but at least one module in design has a timescale.
WARNING: [XSIM 43-4099] "D:/Study/KLTN/MMU/MMU/AXI4-Interconnect-main/rtl/common/fifo/sync_fifo/fifo.v" Line 5. Module fifo(DATA_WIDTH=4) doesn't have a timescale but at least one module in design has a timescale.
WARNING: [XSIM 43-4099] "D:/Study/KLTN/MMU/MMU/AXI4-Interconnect-main/rtl/common/skid_buffer/skid_buffer.v" Line 10. Module skid_buffer(DATA_WIDTH=45) doesn't have a timescale but at least one module in design has a timescale.
WARNING: [XSIM 43-4099] "D:/Study/KLTN/MMU/MMU/AXI4-Interconnect-main/rtl/dsp_W_channel.v" Line 1. Module dsp_W_channel(SLV_AMT=1,DATA_WIDTH=256,SLV_ID_W=1,SLV_ID_MSB_IDX=0,SLV_ID_LSB_IDX=0) doesn't have a timescale but at least one module in design has a timescale.
WARNING: [XSIM 43-4099] "D:/Study/KLTN/MMU/MMU/AXI4-Interconnect-main/rtl/common/decoder/onehot_decoder/onehot_decoder.v" Line 3. Module onehot_decoder(INPUT_W=2,OUTPUT_W=1) doesn't have a timescale but at least one module in design has a timescale.
WARNING: [XSIM 43-4099] "D:/Study/KLTN/MMU/MMU/AXI4-Interconnect-main/rtl/common/skid_buffer/skid_buffer.v" Line 10. Module skid_buffer(DATA_WIDTH=257) doesn't have a timescale but at least one module in design has a timescale.
WARNING: [XSIM 43-4099] "D:/Study/KLTN/MMU/MMU/AXI4-Interconnect-main/rtl/dsp_B_channel.v" Line 1. Module dsp_B_channel(SLV_AMT=1,DATA_WIDTH=256,SLV_ID_W=1,SLV_ID_MSB_IDX=0,SLV_ID_LSB_IDX=0) doesn't have a timescale but at least one module in design has a timescale.
WARNING: [XSIM 43-4099] "D:/Study/KLTN/MMU/MMU/AXI4-Interconnect-main/rtl/common/fifo/sync_fifo/fifo.v" Line 5. Module fifo(DATA_WIDTH=1) doesn't have a timescale but at least one module in design has a timescale.
WARNING: [XSIM 43-4099] "D:/Study/KLTN/MMU/MMU/AXI4-Interconnect-main/rtl/common/fifo/sync_fifo/fifo.v" Line 5. Module fifo(DATA_WIDTH=7) doesn't have a timescale but at least one module in design has a timescale.
WARNING: [XSIM 43-4099] "D:/Study/KLTN/MMU/MMU/AXI4-Interconnect-main/rtl/common/skid_buffer/skid_buffer.v" Line 10. Module skid_buffer(DATA_WIDTH=7) doesn't have a timescale but at least one module in design has a timescale.
WARNING: [XSIM 43-4099] "D:/Study/KLTN/MMU/MMU/AXI4-Interconnect-main/rtl/dsp_read_channel.v" Line 1. Module dsp_read_channel(SLV_AMT=1,DATA_WIDTH=256,SLV_ID_W=1,SLV_ID_MSB_IDX=0,SLV_ID_LSB_IDX=0) doesn't have a timescale but at least one module in design has a timescale.
WARNING: [XSIM 43-4099] "D:/Study/KLTN/MMU/MMU/AXI4-Interconnect-main/rtl/dsp_Ax_channel.v" Line 1. Module dsp_Ax_channel(SLV_AMT=1,SLV_ID_W=1,SLV_ID_MSB_IDX=0,SLV_ID_LSB_IDX=0) doesn't have a timescale but at least one module in design has a timescale.
WARNING: [XSIM 43-4099] "D:/Study/KLTN/MMU/MMU/AXI4-Interconnect-main/rtl/common/fifo/sync_fifo/fifo.v" Line 5. Module fifo(DATA_WIDTH=4) doesn't have a timescale but at least one module in design has a timescale.
WARNING: [XSIM 43-4099] "D:/Study/KLTN/MMU/MMU/AXI4-Interconnect-main/rtl/common/skid_buffer/skid_buffer.v" Line 10. Module skid_buffer(DATA_WIDTH=45) doesn't have a timescale but at least one module in design has a timescale.
WARNING: [XSIM 43-4099] "D:/Study/KLTN/MMU/MMU/AXI4-Interconnect-main/rtl/dsp_R_channel.v" Line 1. Module dsp_R_channel(SLV_AMT=1,DATA_WIDTH=256,SLV_ID_W=1) doesn't have a timescale but at least one module in design has a timescale.
WARNING: [XSIM 43-4099] "D:/Study/KLTN/MMU/MMU/AXI4-Interconnect-main/rtl/common/fifo/sync_fifo/fifo.v" Line 5. Module fifo(DATA_WIDTH=264,FIFO_DEPTH=16) doesn't have a timescale but at least one module in design has a timescale.
WARNING: [XSIM 43-4099] "D:/Study/KLTN/MMU/MMU/AXI4-Interconnect-main/rtl/common/skid_buffer/skid_buffer.v" Line 10. Module skid_buffer(DATA_WIDTH=264) doesn't have a timescale but at least one module in design has a timescale.
WARNING: [XSIM 43-4099] "D:/Study/KLTN/MMU/MMU/AXI4-Interconnect-main/rtl/ai_dispatcher.v" Line 1. Module ai_dispatcher(SLV_AMT=1,DATA_WIDTH=256,SLV_ID_W=1,SLV_ID_MSB_IDX=0,SLV_ID_LSB_IDX=0) doesn't have a timescale but at least one module in design has a timescale.
WARNING: [XSIM 43-4099] "D:/Study/KLTN/MMU/MMU/AXI4-Interconnect-main/rtl/dsp_write_channel.v" Line 1. Module dsp_write_channel(SLV_AMT=1,DATA_WIDTH=256,SLV_ID_W=1,SLV_ID_MSB_IDX=0,SLV_ID_LSB_IDX=0) doesn't have a timescale but at least one module in design has a timescale.
WARNING: [XSIM 43-4099] "D:/Study/KLTN/MMU/MMU/AXI4-Interconnect-main/rtl/dsp_Ax_channel.v" Line 1. Module dsp_Ax_channel(SLV_AMT=1,SLV_ID_W=1,SLV_ID_MSB_IDX=0,SLV_ID_LSB_IDX=0) doesn't have a timescale but at least one module in design has a timescale.
WARNING: [XSIM 43-4099] "D:/Study/KLTN/MMU/MMU/AXI4-Interconnect-main/rtl/common/fifo/sync_fifo/fifo.v" Line 5. Module fifo(DATA_WIDTH=4) doesn't have a timescale but at least one module in design has a timescale.
WARNING: [XSIM 43-4099] "D:/Study/KLTN/MMU/MMU/AXI4-Interconnect-main/rtl/common/skid_buffer/skid_buffer.v" Line 10. Module skid_buffer(DATA_WIDTH=45) doesn't have a timescale but at least one module in design has a timescale.
WARNING: [XSIM 43-4099] "D:/Study/KLTN/MMU/MMU/AXI4-Interconnect-main/rtl/dsp_W_channel.v" Line 1. Module dsp_W_channel(SLV_AMT=1,DATA_WIDTH=256,SLV_ID_W=1,SLV_ID_MSB_IDX=0,SLV_ID_LSB_IDX=0) doesn't have a timescale but at least one module in design has a timescale.
WARNING: [XSIM 43-4099] "D:/Study/KLTN/MMU/MMU/AXI4-Interconnect-main/rtl/common/decoder/onehot_decoder/onehot_decoder.v" Line 3. Module onehot_decoder(INPUT_W=2,OUTPUT_W=1) doesn't have a timescale but at least one module in design has a timescale.
WARNING: [XSIM 43-4099] "D:/Study/KLTN/MMU/MMU/AXI4-Interconnect-main/rtl/common/skid_buffer/skid_buffer.v" Line 10. Module skid_buffer(DATA_WIDTH=257) doesn't have a timescale but at least one module in design has a timescale.
WARNING: [XSIM 43-4099] "D:/Study/KLTN/MMU/MMU/AXI4-Interconnect-main/rtl/dsp_B_channel.v" Line 1. Module dsp_B_channel(SLV_AMT=1,DATA_WIDTH=256,SLV_ID_W=1,SLV_ID_MSB_IDX=0,SLV_ID_LSB_IDX=0) doesn't have a timescale but at least one module in design has a timescale.
WARNING: [XSIM 43-4099] "D:/Study/KLTN/MMU/MMU/AXI4-Interconnect-main/rtl/common/fifo/sync_fifo/fifo.v" Line 5. Module fifo(DATA_WIDTH=1) doesn't have a timescale but at least one module in design has a timescale.
WARNING: [XSIM 43-4099] "D:/Study/KLTN/MMU/MMU/AXI4-Interconnect-main/rtl/common/fifo/sync_fifo/fifo.v" Line 5. Module fifo(DATA_WIDTH=7) doesn't have a timescale but at least one module in design has a timescale.
WARNING: [XSIM 43-4099] "D:/Study/KLTN/MMU/MMU/AXI4-Interconnect-main/rtl/common/skid_buffer/skid_buffer.v" Line 10. Module skid_buffer(DATA_WIDTH=7) doesn't have a timescale but at least one module in design has a timescale.
WARNING: [XSIM 43-4099] "D:/Study/KLTN/MMU/MMU/AXI4-Interconnect-main/rtl/dsp_read_channel.v" Line 1. Module dsp_read_channel(SLV_AMT=1,DATA_WIDTH=256,SLV_ID_W=1,SLV_ID_MSB_IDX=0,SLV_ID_LSB_IDX=0) doesn't have a timescale but at least one module in design has a timescale.
WARNING: [XSIM 43-4099] "D:/Study/KLTN/MMU/MMU/AXI4-Interconnect-main/rtl/dsp_Ax_channel.v" Line 1. Module dsp_Ax_channel(SLV_AMT=1,SLV_ID_W=1,SLV_ID_MSB_IDX=0,SLV_ID_LSB_IDX=0) doesn't have a timescale but at least one module in design has a timescale.
WARNING: [XSIM 43-4099] "D:/Study/KLTN/MMU/MMU/AXI4-Interconnect-main/rtl/common/fifo/sync_fifo/fifo.v" Line 5. Module fifo(DATA_WIDTH=4) doesn't have a timescale but at least one module in design has a timescale.
WARNING: [XSIM 43-4099] "D:/Study/KLTN/MMU/MMU/AXI4-Interconnect-main/rtl/common/skid_buffer/skid_buffer.v" Line 10. Module skid_buffer(DATA_WIDTH=45) doesn't have a timescale but at least one module in design has a timescale.
WARNING: [XSIM 43-4099] "D:/Study/KLTN/MMU/MMU/AXI4-Interconnect-main/rtl/dsp_R_channel.v" Line 1. Module dsp_R_channel(SLV_AMT=1,DATA_WIDTH=256,SLV_ID_W=1) doesn't have a timescale but at least one module in design has a timescale.
WARNING: [XSIM 43-4099] "D:/Study/KLTN/MMU/MMU/AXI4-Interconnect-main/rtl/common/fifo/sync_fifo/fifo.v" Line 5. Module fifo(DATA_WIDTH=264,FIFO_DEPTH=16) doesn't have a timescale but at least one module in design has a timescale.
WARNING: [XSIM 43-4099] "D:/Study/KLTN/MMU/MMU/AXI4-Interconnect-main/rtl/common/skid_buffer/skid_buffer.v" Line 10. Module skid_buffer(DATA_WIDTH=264) doesn't have a timescale but at least one module in design has a timescale.
WARNING: [XSIM 43-4099] "D:/Study/KLTN/MMU/MMU/AXI4-Interconnect-main/rtl/ai_dispatcher.v" Line 1. Module ai_dispatcher(SLV_AMT=1,DATA_WIDTH=256,SLV_ID_W=1,SLV_ID_MSB_IDX=0,SLV_ID_LSB_IDX=0) doesn't have a timescale but at least one module in design has a timescale.
WARNING: [XSIM 43-4099] "D:/Study/KLTN/MMU/MMU/AXI4-Interconnect-main/rtl/dsp_write_channel.v" Line 1. Module dsp_write_channel(SLV_AMT=1,DATA_WIDTH=256,SLV_ID_W=1,SLV_ID_MSB_IDX=0,SLV_ID_LSB_IDX=0) doesn't have a timescale but at least one module in design has a timescale.
WARNING: [XSIM 43-4099] "D:/Study/KLTN/MMU/MMU/AXI4-Interconnect-main/rtl/dsp_Ax_channel.v" Line 1. Module dsp_Ax_channel(SLV_AMT=1,SLV_ID_W=1,SLV_ID_MSB_IDX=0,SLV_ID_LSB_IDX=0) doesn't have a timescale but at least one module in design has a timescale.
WARNING: [XSIM 43-4099] "D:/Study/KLTN/MMU/MMU/AXI4-Interconnect-main/rtl/common/fifo/sync_fifo/fifo.v" Line 5. Module fifo(DATA_WIDTH=4) doesn't have a timescale but at least one module in design has a timescale.
INFO: [Common 17-14] Message 'XSIM 43-4099' appears 100 times and further instances of the messages will be disabled. Use the Tcl command set_msg_config to change the current settings.
Completed simulation data flow analysis
Time Resolution for simulation is 1ps
Compiling module xil_defaultlib.CacheTagArray(INDEX_WIDTH=9)
Compiling module xil_defaultlib.CacheComparator
Compiling module xil_defaultlib.CacheDataArray(INDEX_WIDTH=9)
Compiling module xil_defaultlib.SharedCacheController(READ_ONLY=...
Compiling module xil_defaultlib.SetAssociativeCache(READ_ONLY=1'...
Compiling module xil_defaultlib.SharedCacheController(CPU_DATA_W...
Compiling module xil_defaultlib.SetAssociativeCache(CPU_DATA_WID...
Compiling module xil_defaultlib.SimpleCacheToAxiMaster_default
Compiling module xil_defaultlib.fifo(DATA_WIDTH=4)
Compiling module xil_defaultlib.skid_buffer(DATA_WIDTH=45)
Compiling module xil_defaultlib.dsp_Ax_channel(SLV_AMT=1,SLV_ID_...
Compiling module xil_defaultlib.onehot_decoder(INPUT_W=2,OUTPUT_...
Compiling module xil_defaultlib.skid_buffer(DATA_WIDTH=257)
Compiling module xil_defaultlib.dsp_W_channel(SLV_AMT=1,DATA_WID...
Compiling module xil_defaultlib.fifo(DATA_WIDTH=1)
Compiling module xil_defaultlib.fifo(DATA_WIDTH=7)
Compiling module xil_defaultlib.skid_buffer(DATA_WIDTH=7)
Compiling module xil_defaultlib.dsp_B_channel(SLV_AMT=1,DATA_WID...
Compiling module xil_defaultlib.dsp_write_channel(SLV_AMT=1,DATA...
Compiling module xil_defaultlib.fifo(DATA_WIDTH=264,FIFO_DEPTH=1...
Compiling module xil_defaultlib.skid_buffer(DATA_WIDTH=264)
Compiling module xil_defaultlib.dsp_R_channel(SLV_AMT=1,DATA_WID...
Compiling module xil_defaultlib.dsp_read_channel(SLV_AMT=1,DATA_...
Compiling module xil_defaultlib.ai_dispatcher(SLV_AMT=1,DATA_WID...
Compiling module xil_defaultlib.sync_fifo(DATA_WIDTH=45)
Compiling module xil_defaultlib.splitting_4kb_masker_default
Compiling module xil_defaultlib.arbiter_iwrr_1cycle(P_REQUESTER_...
Compiling module xil_defaultlib.onehot_encoder
Compiling module xil_defaultlib.skid_buffer(DATA_WIDTH=48)
Compiling module xil_defaultlib.sa_Ax_channel(MST_AMT=8,MST_WEIG...
Compiling module xil_defaultlib.fifo(DATA_WIDTH=6)
Compiling module xil_defaultlib.edgedet(RISING_EDGE=1'b0)
Compiling module xil_defaultlib.fifo(DATA_WIDTH=256,FIFO_DEPTH=3...
Compiling module xil_defaultlib.sa_W_channel(MST_AMT=8,MST_ID_W=...
Compiling module xil_defaultlib.fifo(DATA_WIDTH=9)
Compiling module xil_defaultlib.skid_buffer(DATA_WIDTH=10)
Compiling module xil_defaultlib.sa_B_channel(MST_AMT=8,MST_ID_W=...
Compiling module xil_defaultlib.skid_buffer(DATA_WIDTH=267)
Compiling module xil_defaultlib.sa_R_channel(MST_AMT=8,MST_ID_W=...
Compiling module xil_defaultlib.ai_slave_arbitration(MST_AMT=8,M...
Compiling module xil_defaultlib.axi_interconnect(MST_AMT=8,SLV_A...
Compiling module xil_defaultlib.AxiSlaveToSimpleCache
Compiling module xil_defaultlib.CacheTagArray(NUM_SETS=8192,TAG_...
Compiling module xil_defaultlib.CacheComparator(TAG_WIDTH=14)
Compiling module xil_defaultlib.CacheDataArray(NUM_SETS=8192,IND...
Compiling module xil_defaultlib.SharedCacheController(CPU_DATA_W...
Compiling module xil_defaultlib.SetAssociativeCache(CPU_DATA_WID...
Compiling module xil_defaultlib.CoherenceManager_default
Compiling module xil_defaultlib.CacheArchitecture_default
Compiling module xil_defaultlib.tb_cache_architecture
Compiling module xil_defaultlib.glbl
Built simulation snapshot tb_cache_architecture_behav
