Time resolution is 1 ps
t=5000 core1.state=0 cpu_r=0 cpu_w=0 cpu_rdy=0 comp_hit=0 snoop_pend=0 | mem_req_r=0 mem_req_w=0 mem_rdy=0 | D_MST3: ARVALID=0 ARREADY=1 RVALID=0 RREADY=0 AWVALID=0 AWREADY=1 | s_ARVALID=0 s_ARREADY=0 s_RVALID=0 s_RREADY=1 | l2.state=0 l2.mem_r=0 l2.mem_rdy=x | dram_req_r=0 dram_req_w=0 dram_rdy=x dram_busy=0
t=15000 core1.state=0 cpu_r=0 cpu_w=0 cpu_rdy=0 comp_hit=0 snoop_pend=0 | mem_req_r=0 mem_req_w=0 mem_rdy=0 | D_MST3: ARVALID=0 ARREADY=1 RVALID=0 RREADY=0 AWVALID=0 AWREADY=1 | s_ARVALID=0 s_ARREADY=0 s_RVALID=0 s_RREADY=1 | l2.state=0 l2.mem_r=0 l2.mem_rdy=0 | dram_req_r=0 dram_req_w=0 dram_rdy=0 dram_busy=0
t=25000 core1.state=0 cpu_r=0 cpu_w=0 cpu_rdy=0 comp_hit=0 snoop_pend=0 | mem_req_r=0 mem_req_w=0 mem_rdy=0 | D_MST3: ARVALID=0 ARREADY=1 RVALID=0 RREADY=0 AWVALID=0 AWREADY=1 | s_ARVALID=0 s_ARREADY=0 s_RVALID=0 s_RREADY=1 | l2.state=0 l2.mem_r=0 l2.mem_rdy=0 | dram_req_r=0 dram_req_w=0 dram_rdy=0 dram_busy=0
t=35000 core1.state=0 cpu_r=0 cpu_w=0 cpu_rdy=0 comp_hit=0 snoop_pend=0 | mem_req_r=0 mem_req_w=0 mem_rdy=0 | D_MST3: ARVALID=0 ARREADY=1 RVALID=0 RREADY=0 AWVALID=0 AWREADY=1 | s_ARVALID=0 s_ARREADY=0 s_RVALID=0 s_RREADY=1 | l2.state=0 l2.mem_r=0 l2.mem_rdy=0 | dram_req_r=0 dram_req_w=0 dram_rdy=0 dram_busy=0
t=45000 core1.state=0 cpu_r=0 cpu_w=0 cpu_rdy=0 comp_hit=0 snoop_pend=0 | mem_req_r=0 mem_req_w=0 mem_rdy=0 | D_MST3: ARVALID=0 ARREADY=1 RVALID=0 RREADY=0 AWVALID=0 AWREADY=1 | s_ARVALID=0 s_ARREADY=0 s_RVALID=0 s_RREADY=1 | l2.state=0 l2.mem_r=0 l2.mem_rdy=0 | dram_req_r=0 dram_req_w=0 dram_rdy=0 dram_busy=0
t=55000 core1.state=0 cpu_r=0 cpu_w=0 cpu_rdy=0 comp_hit=0 snoop_pend=0 | mem_req_r=0 mem_req_w=0 mem_rdy=0 | D_MST3: ARVALID=0 ARREADY=1 RVALID=0 RREADY=0 AWVALID=0 AWREADY=1 | s_ARVALID=0 s_ARREADY=0 s_RVALID=0 s_RREADY=1 | l2.state=0 l2.mem_r=0 l2.mem_rdy=0 | dram_req_r=0 dram_req_w=0 dram_rdy=0 dram_busy=0
PHASE3 TEST: starting MESI coherence checks
t=65000 core1.state=0 cpu_r=0 cpu_w=0 cpu_rdy=0 comp_hit=0 snoop_pend=0 | mem_req_r=0 mem_req_w=0 mem_rdy=0 | D_MST3: ARVALID=0 ARREADY=1 RVALID=0 RREADY=0 AWVALID=0 AWREADY=1 | s_ARVALID=0 s_ARREADY=0 s_RVALID=0 s_RREADY=1 | l2.state=0 l2.mem_r=0 l2.mem_rdy=0 | dram_req_r=0 dram_req_w=0 dram_rdy=0 dram_busy=0
t=75000 core1.state=0 cpu_r=1 cpu_w=0 cpu_rdy=0 comp_hit=0 snoop_pend=0 | mem_req_r=1 mem_req_w=0 mem_rdy=0 | D_MST3: ARVALID=0 ARREADY=1 RVALID=0 RREADY=0 AWVALID=0 AWREADY=1 | s_ARVALID=0 s_ARREADY=0 s_RVALID=0 s_RREADY=1 | l2.state=0 l2.mem_r=0 l2.mem_rdy=0 | dram_req_r=0 dram_req_w=0 dram_rdy=0 dram_busy=0
t=85000 core1.state=2 cpu_r=1 cpu_w=0 cpu_rdy=0 comp_hit=0 snoop_pend=0 | mem_req_r=1 mem_req_w=0 mem_rdy=0 | D_MST3: ARVALID=1 ARREADY=1 RVALID=0 RREADY=0 AWVALID=0 AWREADY=1 | s_ARVALID=0 s_ARREADY=0 s_RVALID=0 s_RREADY=1 | l2.state=0 l2.mem_r=0 l2.mem_rdy=0 | dram_req_r=0 dram_req_w=0 dram_rdy=0 dram_busy=0
t=95000 core1.state=2 cpu_r=1 cpu_w=0 cpu_rdy=0 comp_hit=0 snoop_pend=0 | mem_req_r=1 mem_req_w=0 mem_rdy=0 | D_MST3: ARVALID=0 ARREADY=1 RVALID=0 RREADY=1 AWVALID=0 AWREADY=1 | s_ARVALID=0 s_ARREADY=0 s_RVALID=0 s_RREADY=1 | l2.state=0 l2.mem_r=0 l2.mem_rdy=0 | dram_req_r=0 dram_req_w=0 dram_rdy=0 dram_busy=0
t=105000 core1.state=2 cpu_r=1 cpu_w=0 cpu_rdy=0 comp_hit=0 snoop_pend=0 | mem_req_r=1 mem_req_w=0 mem_rdy=0 | D_MST3: ARVALID=0 ARREADY=1 RVALID=0 RREADY=1 AWVALID=0 AWREADY=1 | s_ARVALID=0 s_ARREADY=0 s_RVALID=0 s_RREADY=1 | l2.state=0 l2.mem_r=0 l2.mem_rdy=0 | dram_req_r=0 dram_req_w=0 dram_rdy=0 dram_busy=0
t=115000 core1.state=2 cpu_r=1 cpu_w=0 cpu_rdy=0 comp_hit=0 snoop_pend=0 | mem_req_r=1 mem_req_w=0 mem_rdy=0 | D_MST3: ARVALID=0 ARREADY=1 RVALID=0 RREADY=1 AWVALID=0 AWREADY=1 | s_ARVALID=0 s_ARREADY=0 s_RVALID=0 s_RREADY=1 | l2.state=0 l2.mem_r=0 l2.mem_rdy=0 | dram_req_r=0 dram_req_w=0 dram_rdy=0 dram_busy=0
t=125000 core1.state=2 cpu_r=1 cpu_w=0 cpu_rdy=0 comp_hit=0 snoop_pend=0 | mem_req_r=1 mem_req_w=0 mem_rdy=0 | D_MST3: ARVALID=0 ARREADY=1 RVALID=0 RREADY=1 AWVALID=0 AWREADY=1 | s_ARVALID=1 s_ARREADY=1 s_RVALID=0 s_RREADY=1 | l2.state=0 l2.mem_r=0 l2.mem_rdy=0 | dram_req_r=0 dram_req_w=0 dram_rdy=0 dram_busy=0
t=135000 core1.state=2 cpu_r=1 cpu_w=0 cpu_rdy=0 comp_hit=0 snoop_pend=0 | mem_req_r=1 mem_req_w=0 mem_rdy=0 | D_MST3: ARVALID=0 ARREADY=1 RVALID=0 RREADY=1 AWVALID=0 AWREADY=1 | s_ARVALID=0 s_ARREADY=0 s_RVALID=0 s_RREADY=1 | l2.state=0 l2.mem_r=1 l2.mem_rdy=0 | dram_req_r=1 dram_req_w=0 dram_rdy=0 dram_busy=0
t=145000 core1.state=2 cpu_r=1 cpu_w=0 cpu_rdy=0 comp_hit=0 snoop_pend=0 | mem_req_r=1 mem_req_w=0 mem_rdy=0 | D_MST3: ARVALID=0 ARREADY=1 RVALID=0 RREADY=1 AWVALID=0 AWREADY=1 | s_ARVALID=0 s_ARREADY=0 s_RVALID=0 s_RREADY=1 | l2.state=2 l2.mem_r=1 l2.mem_rdy=0 | dram_req_r=1 dram_req_w=0 dram_rdy=0 dram_busy=1
t=155000 core1.state=2 cpu_r=1 cpu_w=0 cpu_rdy=0 comp_hit=0 snoop_pend=0 | mem_req_r=1 mem_req_w=0 mem_rdy=0 | D_MST3: ARVALID=0 ARREADY=1 RVALID=0 RREADY=1 AWVALID=0 AWREADY=1 | s_ARVALID=0 s_ARREADY=0 s_RVALID=0 s_RREADY=1 | l2.state=2 l2.mem_r=1 l2.mem_rdy=0 | dram_req_r=1 dram_req_w=0 dram_rdy=0 dram_busy=1
t=165000 core1.state=2 cpu_r=1 cpu_w=0 cpu_rdy=0 comp_hit=0 snoop_pend=0 | mem_req_r=1 mem_req_w=0 mem_rdy=0 | D_MST3: ARVALID=0 ARREADY=1 RVALID=0 RREADY=1 AWVALID=0 AWREADY=1 | s_ARVALID=0 s_ARREADY=0 s_RVALID=0 s_RREADY=1 | l2.state=2 l2.mem_r=1 l2.mem_rdy=0 | dram_req_r=1 dram_req_w=0 dram_rdy=0 dram_busy=1
t=175000 core1.state=2 cpu_r=1 cpu_w=0 cpu_rdy=0 comp_hit=0 snoop_pend=0 | mem_req_r=1 mem_req_w=0 mem_rdy=0 | D_MST3: ARVALID=0 ARREADY=1 RVALID=0 RREADY=1 AWVALID=0 AWREADY=1 | s_ARVALID=0 s_ARREADY=0 s_RVALID=0 s_RREADY=1 | l2.state=2 l2.mem_r=1 l2.mem_rdy=1 | dram_req_r=1 dram_req_w=0 dram_rdy=1 dram_busy=0
t=185000 core1.state=2 cpu_r=1 cpu_w=0 cpu_rdy=0 comp_hit=0 snoop_pend=0 | mem_req_r=1 mem_req_w=0 mem_rdy=0 | D_MST3: ARVALID=0 ARREADY=1 RVALID=0 RREADY=1 AWVALID=0 AWREADY=1 | s_ARVALID=0 s_ARREADY=0 s_RVALID=0 s_RREADY=1 | l2.state=3 l2.mem_r=0 l2.mem_rdy=0 | dram_req_r=0 dram_req_w=0 dram_rdy=0 dram_busy=1
t=195000 core1.state=2 cpu_r=1 cpu_w=0 cpu_rdy=0 comp_hit=0 snoop_pend=0 | mem_req_r=1 mem_req_w=0 mem_rdy=0 | D_MST3: ARVALID=0 ARREADY=1 RVALID=0 RREADY=1 AWVALID=0 AWREADY=1 | s_ARVALID=0 s_ARREADY=0 s_RVALID=1 s_RREADY=1 | l2.state=0 l2.mem_r=0 l2.mem_rdy=0 | dram_req_r=0 dram_req_w=0 dram_rdy=0 dram_busy=1
t=205000 core1.state=2 cpu_r=1 cpu_w=0 cpu_rdy=0 comp_hit=0 snoop_pend=0 | mem_req_r=1 mem_req_w=0 mem_rdy=0 | D_MST3: ARVALID=0 ARREADY=1 RVALID=0 RREADY=1 AWVALID=0 AWREADY=1 | s_ARVALID=0 s_ARREADY=0 s_RVALID=0 s_RREADY=1 | l2.state=0 l2.mem_r=0 l2.mem_rdy=0 | dram_req_r=0 dram_req_w=0 dram_rdy=0 dram_busy=1
t=215000 core1.state=2 cpu_r=1 cpu_w=0 cpu_rdy=0 comp_hit=0 snoop_pend=0 | mem_req_r=1 mem_req_w=0 mem_rdy=0 | D_MST3: ARVALID=0 ARREADY=1 RVALID=0 RREADY=1 AWVALID=0 AWREADY=1 | s_ARVALID=0 s_ARREADY=0 s_RVALID=0 s_RREADY=1 | l2.state=0 l2.mem_r=0 l2.mem_rdy=1 | dram_req_r=0 dram_req_w=0 dram_rdy=1 dram_busy=0
t=225000 core1.state=2 cpu_r=1 cpu_w=0 cpu_rdy=0 comp_hit=0 snoop_pend=0 | mem_req_r=1 mem_req_w=0 mem_rdy=1 | D_MST3: ARVALID=0 ARREADY=1 RVALID=1 RREADY=1 AWVALID=0 AWREADY=1 | s_ARVALID=0 s_ARREADY=0 s_RVALID=0 s_RREADY=1 | l2.state=0 l2.mem_r=0 l2.mem_rdy=0 | dram_req_r=0 dram_req_w=0 dram_rdy=0 dram_busy=0
t=235000 core1.state=3 cpu_r=1 cpu_w=0 cpu_rdy=1 comp_hit=0 snoop_pend=0 | mem_req_r=0 mem_req_w=0 mem_rdy=0 | D_MST3: ARVALID=0 ARREADY=1 RVALID=0 RREADY=0 AWVALID=0 AWREADY=1 | s_ARVALID=0 s_ARREADY=0 s_RVALID=0 s_RREADY=1 | l2.state=0 l2.mem_r=0 l2.mem_rdy=0 | dram_req_r=0 dram_req_w=0 dram_rdy=0 dram_busy=0
  [ OK ] core1 initial read of A (DRAM reset value): 0x0000000000000000
t=245000 core1.state=0 cpu_r=0 cpu_w=0 cpu_rdy=0 comp_hit=1 snoop_pend=0 | mem_req_r=0 mem_req_w=0 mem_rdy=0 | D_MST3: ARVALID=0 ARREADY=1 RVALID=0 RREADY=0 AWVALID=0 AWREADY=1 | s_ARVALID=0 s_ARREADY=0 s_RVALID=0 s_RREADY=1 | l2.state=0 l2.mem_r=0 l2.mem_rdy=0 | dram_req_r=0 dram_req_w=0 dram_rdy=0 dram_busy=0
t=255000 core1.state=0 cpu_r=0 cpu_w=0 cpu_rdy=0 comp_hit=1 snoop_pend=0 | mem_req_r=0 mem_req_w=0 mem_rdy=0 | D_MST3: ARVALID=0 ARREADY=1 RVALID=0 RREADY=0 AWVALID=0 AWREADY=1 | s_ARVALID=0 s_ARREADY=0 s_RVALID=0 s_RREADY=1 | l2.state=0 l2.mem_r=0 l2.mem_rdy=0 | dram_req_r=0 dram_req_w=0 dram_rdy=0 dram_busy=0
t=265000 core1.state=0 cpu_r=0 cpu_w=0 cpu_rdy=0 comp_hit=1 snoop_pend=0 | mem_req_r=0 mem_req_w=0 mem_rdy=0 | D_MST3: ARVALID=0 ARREADY=1 RVALID=0 RREADY=0 AWVALID=0 AWREADY=1 | s_ARVALID=0 s_ARREADY=0 s_RVALID=0 s_RREADY=1 | l2.state=0 l2.mem_r=0 l2.mem_rdy=0 | dram_req_r=0 dram_req_w=0 dram_rdy=0 dram_busy=0
t=275000 core1.state=0 cpu_r=0 cpu_w=0 cpu_rdy=0 comp_hit=1 snoop_pend=0 | mem_req_r=0 mem_req_w=0 mem_rdy=0 | D_MST3: ARVALID=0 ARREADY=1 RVALID=0 RREADY=0 AWVALID=0 AWREADY=1 | s_ARVALID=0 s_ARREADY=0 s_RVALID=0 s_RREADY=1 | l2.state=0 l2.mem_r=0 l2.mem_rdy=0 | dram_req_r=0 dram_req_w=0 dram_rdy=0 dram_busy=0
t=285000 core1.state=0 cpu_r=0 cpu_w=0 cpu_rdy=0 comp_hit=1 snoop_pend=0 | mem_req_r=0 mem_req_w=0 mem_rdy=0 | D_MST3: ARVALID=0 ARREADY=1 RVALID=0 RREADY=0 AWVALID=0 AWREADY=1 | s_ARVALID=0 s_ARREADY=0 s_RVALID=0 s_RREADY=1 | l2.state=0 l2.mem_r=0 l2.mem_rdy=0 | dram_req_r=0 dram_req_w=0 dram_rdy=0 dram_busy=0
t=295000 core1.state=0 cpu_r=0 cpu_w=0 cpu_rdy=0 comp_hit=1 snoop_pend=0 | mem_req_r=0 mem_req_w=0 mem_rdy=0 | D_MST3: ARVALID=0 ARREADY=1 RVALID=0 RREADY=0 AWVALID=0 AWREADY=1 | s_ARVALID=0 s_ARREADY=0 s_RVALID=0 s_RREADY=1 | l2.state=0 l2.mem_r=0 l2.mem_rdy=0 | dram_req_r=0 dram_req_w=0 dram_rdy=0 dram_busy=0
t=305000 core1.state=0 cpu_r=0 cpu_w=0 cpu_rdy=0 comp_hit=1 snoop_pend=0 | mem_req_r=0 mem_req_w=0 mem_rdy=0 | D_MST3: ARVALID=0 ARREADY=1 RVALID=0 RREADY=0 AWVALID=0 AWREADY=1 | s_ARVALID=1 s_ARREADY=1 s_RVALID=0 s_RREADY=1 | l2.state=0 l2.mem_r=0 l2.mem_rdy=0 | dram_req_r=0 dram_req_w=0 dram_rdy=0 dram_busy=0
t=315000 core1.state=0 cpu_r=0 cpu_w=0 cpu_rdy=0 comp_hit=1 snoop_pend=0 | mem_req_r=0 mem_req_w=0 mem_rdy=0 | D_MST3: ARVALID=0 ARREADY=1 RVALID=0 RREADY=0 AWVALID=0 AWREADY=1 | s_ARVALID=0 s_ARREADY=0 s_RVALID=0 s_RREADY=1 | l2.state=0 l2.mem_r=0 l2.mem_rdy=0 | dram_req_r=0 dram_req_w=0 dram_rdy=0 dram_busy=0
t=325000 core1.state=0 cpu_r=0 cpu_w=0 cpu_rdy=0 comp_hit=1 snoop_pend=0 | mem_req_r=0 mem_req_w=0 mem_rdy=0 | D_MST3: ARVALID=0 ARREADY=1 RVALID=0 RREADY=0 AWVALID=0 AWREADY=1 | s_ARVALID=0 s_ARREADY=0 s_RVALID=1 s_RREADY=1 | l2.state=0 l2.mem_r=0 l2.mem_rdy=0 | dram_req_r=0 dram_req_w=0 dram_rdy=0 dram_busy=0
t=335000 core1.state=0 cpu_r=0 cpu_w=0 cpu_rdy=0 comp_hit=1 snoop_pend=0 | mem_req_r=0 mem_req_w=0 mem_rdy=0 | D_MST3: ARVALID=0 ARREADY=1 RVALID=0 RREADY=0 AWVALID=0 AWREADY=1 | s_ARVALID=0 s_ARREADY=0 s_RVALID=0 s_RREADY=1 | l2.state=0 l2.mem_r=0 l2.mem_rdy=0 | dram_req_r=0 dram_req_w=0 dram_rdy=0 dram_busy=0
t=345000 core1.state=0 cpu_r=0 cpu_w=0 cpu_rdy=0 comp_hit=1 snoop_pend=0 | mem_req_r=0 mem_req_w=0 mem_rdy=0 | D_MST3: ARVALID=0 ARREADY=1 RVALID=0 RREADY=0 AWVALID=0 AWREADY=1 | s_ARVALID=0 s_ARREADY=0 s_RVALID=0 s_RREADY=1 | l2.state=0 l2.mem_r=0 l2.mem_rdy=0 | dram_req_r=0 dram_req_w=0 dram_rdy=0 dram_busy=0
t=355000 core1.state=0 cpu_r=0 cpu_w=0 cpu_rdy=0 comp_hit=1 snoop_pend=0 | mem_req_r=0 mem_req_w=0 mem_rdy=0 | D_MST3: ARVALID=0 ARREADY=1 RVALID=0 RREADY=0 AWVALID=0 AWREADY=1 | s_ARVALID=0 s_ARREADY=0 s_RVALID=0 s_RREADY=1 | l2.state=0 l2.mem_r=0 l2.mem_rdy=0 | dram_req_r=0 dram_req_w=0 dram_rdy=0 dram_busy=0
t=365000 core1.state=0 cpu_r=0 cpu_w=0 cpu_rdy=0 comp_hit=1 snoop_pend=0 | mem_req_r=0 mem_req_w=0 mem_rdy=0 | D_MST3: ARVALID=0 ARREADY=1 RVALID=0 RREADY=0 AWVALID=0 AWREADY=1 | s_ARVALID=0 s_ARREADY=0 s_RVALID=0 s_RREADY=1 | l2.state=0 l2.mem_r=0 l2.mem_rdy=0 | dram_req_r=0 dram_req_w=0 dram_rdy=0 dram_busy=0
t=375000 core1.state=0 cpu_r=0 cpu_w=0 cpu_rdy=0 comp_hit=1 snoop_pend=0 | mem_req_r=0 mem_req_w=0 mem_rdy=0 | D_MST3: ARVALID=0 ARREADY=1 RVALID=0 RREADY=0 AWVALID=0 AWREADY=1 | s_ARVALID=0 s_ARREADY=0 s_RVALID=0 s_RREADY=1 | l2.state=0 l2.mem_r=0 l2.mem_rdy=0 | dram_req_r=0 dram_req_w=0 dram_rdy=0 dram_busy=0
t=385000 core1.state=0 cpu_r=0 cpu_w=0 cpu_rdy=0 comp_hit=1 snoop_pend=0 | mem_req_r=0 mem_req_w=0 mem_rdy=0 | D_MST3: ARVALID=0 ARREADY=1 RVALID=0 RREADY=0 AWVALID=0 AWREADY=1 | s_ARVALID=0 s_ARREADY=0 s_RVALID=0 s_RREADY=1 | l2.state=0 l2.mem_r=0 l2.mem_rdy=0 | dram_req_r=0 dram_req_w=0 dram_rdy=0 dram_busy=0
t=395000 core1.state=0 cpu_r=0 cpu_w=0 cpu_rdy=0 comp_hit=1 snoop_pend=0 | mem_req_r=0 mem_req_w=0 mem_rdy=0 | D_MST3: ARVALID=0 ARREADY=1 RVALID=0 RREADY=0 AWVALID=0 AWREADY=1 | s_ARVALID=0 s_ARREADY=0 s_RVALID=0 s_RREADY=1 | l2.state=0 l2.mem_r=0 l2.mem_rdy=0 | dram_req_r=0 dram_req_w=0 dram_rdy=0 dram_busy=0
t=405000 core1.state=0 cpu_r=0 cpu_w=0 cpu_rdy=0 comp_hit=1 snoop_pend=0 | mem_req_r=0 mem_req_w=0 mem_rdy=0 | D_MST3: ARVALID=0 ARREADY=1 RVALID=0 RREADY=0 AWVALID=0 AWREADY=1 | s_ARVALID=0 s_ARREADY=0 s_RVALID=0 s_RREADY=1 | l2.state=0 l2.mem_r=0 l2.mem_rdy=0 | dram_req_r=0 dram_req_w=0 dram_rdy=0 dram_busy=0
t=415000 core1.state=0 cpu_r=0 cpu_w=0 cpu_rdy=0 comp_hit=1 snoop_pend=0 | mem_req_r=0 mem_req_w=0 mem_rdy=0 | D_MST3: ARVALID=0 ARREADY=1 RVALID=0 RREADY=0 AWVALID=0 AWREADY=1 | s_ARVALID=0 s_ARREADY=0 s_RVALID=0 s_RREADY=1 | l2.state=0 l2.mem_r=0 l2.mem_rdy=0 | dram_req_r=0 dram_req_w=0 dram_rdy=0 dram_busy=0
t=425000 core1.state=0 cpu_r=0 cpu_w=0 cpu_rdy=0 comp_hit=1 snoop_pend=0 | mem_req_r=0 mem_req_w=0 mem_rdy=0 | D_MST3: ARVALID=0 ARREADY=1 RVALID=0 RREADY=0 AWVALID=0 AWREADY=1 | s_ARVALID=0 s_ARREADY=0 s_RVALID=0 s_RREADY=1 | l2.state=0 l2.mem_r=0 l2.mem_rdy=0 | dram_req_r=0 dram_req_w=0 dram_rdy=0 dram_busy=0
t=435000 core1.state=0 cpu_r=0 cpu_w=0 cpu_rdy=0 comp_hit=1 snoop_pend=0 | mem_req_r=0 mem_req_w=0 mem_rdy=0 | D_MST3: ARVALID=0 ARREADY=1 RVALID=0 RREADY=0 AWVALID=0 AWREADY=1 | s_ARVALID=0 s_ARREADY=0 s_RVALID=0 s_RREADY=1 | l2.state=0 l2.mem_r=0 l2.mem_rdy=0 | dram_req_r=0 dram_req_w=0 dram_rdy=0 dram_busy=0
t=445000 core1.state=0 cpu_r=0 cpu_w=0 cpu_rdy=0 comp_hit=1 snoop_pend=0 | mem_req_r=0 mem_req_w=0 mem_rdy=0 | D_MST3: ARVALID=0 ARREADY=1 RVALID=0 RREADY=0 AWVALID=0 AWREADY=1 | s_ARVALID=0 s_ARREADY=0 s_RVALID=0 s_RREADY=1 | l2.state=0 l2.mem_r=0 l2.mem_rdy=0 | dram_req_r=0 dram_req_w=0 dram_rdy=0 dram_busy=0
t=455000 core1.state=0 cpu_r=0 cpu_w=0 cpu_rdy=0 comp_hit=1 snoop_pend=0 | mem_req_r=0 mem_req_w=0 mem_rdy=0 | D_MST3: ARVALID=0 ARREADY=1 RVALID=0 RREADY=0 AWVALID=0 AWREADY=1 | s_ARVALID=0 s_ARREADY=0 s_RVALID=0 s_RREADY=1 | l2.state=8 l2.mem_r=0 l2.mem_rdy=0 | dram_req_r=0 dram_req_w=1 dram_rdy=0 dram_busy=0
t=465000 core1.state=0 cpu_r=0 cpu_w=0 cpu_rdy=0 comp_hit=1 snoop_pend=0 | mem_req_r=0 mem_req_w=0 mem_rdy=0 | D_MST3: ARVALID=0 ARREADY=1 RVALID=0 RREADY=0 AWVALID=0 AWREADY=1 | s_ARVALID=0 s_ARREADY=0 s_RVALID=0 s_RREADY=1 | l2.state=8 l2.mem_r=0 l2.mem_rdy=0 | dram_req_r=0 dram_req_w=1 dram_rdy=0 dram_busy=1
t=475000 core1.state=0 cpu_r=0 cpu_w=0 cpu_rdy=0 comp_hit=1 snoop_pend=0 | mem_req_r=0 mem_req_w=0 mem_rdy=0 | D_MST3: ARVALID=0 ARREADY=1 RVALID=0 RREADY=0 AWVALID=0 AWREADY=1 | s_ARVALID=0 s_ARREADY=0 s_RVALID=0 s_RREADY=1 | l2.state=8 l2.mem_r=0 l2.mem_rdy=0 | dram_req_r=0 dram_req_w=1 dram_rdy=0 dram_busy=1
t=485000 core1.state=0 cpu_r=0 cpu_w=0 cpu_rdy=0 comp_hit=1 snoop_pend=0 | mem_req_r=0 mem_req_w=0 mem_rdy=0 | D_MST3: ARVALID=0 ARREADY=1 RVALID=0 RREADY=0 AWVALID=0 AWREADY=1 | s_ARVALID=0 s_ARREADY=0 s_RVALID=0 s_RREADY=1 | l2.state=8 l2.mem_r=0 l2.mem_rdy=0 | dram_req_r=0 dram_req_w=1 dram_rdy=0 dram_busy=1
t=495000 core1.state=0 cpu_r=0 cpu_w=0 cpu_rdy=0 comp_hit=1 snoop_pend=1 | mem_req_r=0 mem_req_w=0 mem_rdy=0 | D_MST3: ARVALID=0 ARREADY=1 RVALID=0 RREADY=0 AWVALID=0 AWREADY=1 | s_ARVALID=0 s_ARREADY=0 s_RVALID=0 s_RREADY=1 | l2.state=8 l2.mem_r=0 l2.mem_rdy=1 | dram_req_r=0 dram_req_w=1 dram_rdy=1 dram_busy=0
t=505000 core1.state=5 cpu_r=0 cpu_w=0 cpu_rdy=0 comp_hit=1 snoop_pend=1 | mem_req_r=0 mem_req_w=0 mem_rdy=0 | D_MST3: ARVALID=0 ARREADY=1 RVALID=0 RREADY=0 AWVALID=0 AWREADY=1 | s_ARVALID=0 s_ARREADY=0 s_RVALID=0 s_RREADY=1 | l2.state=0 l2.mem_r=0 l2.mem_rdy=0 | dram_req_r=0 dram_req_w=0 dram_rdy=0 dram_busy=1
t=515000 core1.state=7 cpu_r=0 cpu_w=0 cpu_rdy=0 comp_hit=1 snoop_pend=1 | mem_req_r=0 mem_req_w=0 mem_rdy=0 | D_MST3: ARVALID=0 ARREADY=1 RVALID=0 RREADY=0 AWVALID=0 AWREADY=1 | s_ARVALID=0 s_ARREADY=0 s_RVALID=0 s_RREADY=1 | l2.state=0 l2.mem_r=0 l2.mem_rdy=0 | dram_req_r=0 dram_req_w=0 dram_rdy=0 dram_busy=1
t=525000 core1.state=0 cpu_r=0 cpu_w=0 cpu_rdy=0 comp_hit=0 snoop_pend=0 | mem_req_r=0 mem_req_w=0 mem_rdy=0 | D_MST3: ARVALID=0 ARREADY=1 RVALID=0 RREADY=0 AWVALID=0 AWREADY=1 | s_ARVALID=0 s_ARREADY=0 s_RVALID=0 s_RREADY=1 | l2.state=0 l2.mem_r=0 l2.mem_rdy=0 | dram_req_r=0 dram_req_w=0 dram_rdy=0 dram_busy=1
t=535000 core1.state=0 cpu_r=0 cpu_w=0 cpu_rdy=0 comp_hit=0 snoop_pend=0 | mem_req_r=0 mem_req_w=0 mem_rdy=0 | D_MST3: ARVALID=0 ARREADY=1 RVALID=0 RREADY=0 AWVALID=0 AWREADY=1 | s_ARVALID=0 s_ARREADY=0 s_RVALID=0 s_RREADY=1 | l2.state=0 l2.mem_r=0 l2.mem_rdy=1 | dram_req_r=0 dram_req_w=0 dram_rdy=1 dram_busy=0
t=545000 core1.state=0 cpu_r=0 cpu_w=0 cpu_rdy=0 comp_hit=0 snoop_pend=0 | mem_req_r=0 mem_req_w=0 mem_rdy=0 | D_MST3: ARVALID=0 ARREADY=1 RVALID=0 RREADY=0 AWVALID=0 AWREADY=1 | s_ARVALID=0 s_ARREADY=0 s_RVALID=0 s_RREADY=1 | l2.state=0 l2.mem_r=0 l2.mem_rdy=0 | dram_req_r=0 dram_req_w=0 dram_rdy=0 dram_busy=0
t=555000 core1.state=0 cpu_r=0 cpu_w=0 cpu_rdy=0 comp_hit=0 snoop_pend=0 | mem_req_r=0 mem_req_w=0 mem_rdy=0 | D_MST3: ARVALID=0 ARREADY=1 RVALID=0 RREADY=0 AWVALID=0 AWREADY=1 | s_ARVALID=0 s_ARREADY=0 s_RVALID=0 s_RREADY=1 | l2.state=0 l2.mem_r=0 l2.mem_rdy=0 | dram_req_r=0 dram_req_w=0 dram_rdy=0 dram_busy=0
t=565000 core1.state=0 cpu_r=0 cpu_w=0 cpu_rdy=0 comp_hit=0 snoop_pend=0 | mem_req_r=0 mem_req_w=0 mem_rdy=0 | D_MST3: ARVALID=0 ARREADY=1 RVALID=0 RREADY=0 AWVALID=0 AWREADY=1 | s_ARVALID=0 s_ARREADY=0 s_RVALID=0 s_RREADY=1 | l2.state=0 l2.mem_r=0 l2.mem_rdy=0 | dram_req_r=0 dram_req_w=0 dram_rdy=0 dram_busy=0
t=575000 core1.state=0 cpu_r=0 cpu_w=0 cpu_rdy=0 comp_hit=0 snoop_pend=0 | mem_req_r=0 mem_req_w=0 mem_rdy=0 | D_MST3: ARVALID=0 ARREADY=1 RVALID=0 RREADY=0 AWVALID=0 AWREADY=1 | s_ARVALID=0 s_ARREADY=0 s_RVALID=0 s_RREADY=1 | l2.state=0 l2.mem_r=0 l2.mem_rdy=0 | dram_req_r=0 dram_req_w=0 dram_rdy=0 dram_busy=0
t=585000 core1.state=0 cpu_r=0 cpu_w=0 cpu_rdy=0 comp_hit=0 snoop_pend=0 | mem_req_r=0 mem_req_w=0 mem_rdy=0 | D_MST3: ARVALID=0 ARREADY=1 RVALID=0 RREADY=0 AWVALID=0 AWREADY=1 | s_ARVALID=0 s_ARREADY=0 s_RVALID=0 s_RREADY=1 | l2.state=0 l2.mem_r=0 l2.mem_rdy=0 | dram_req_r=0 dram_req_w=0 dram_rdy=0 dram_busy=0
t=595000 core1.state=0 cpu_r=0 cpu_w=0 cpu_rdy=0 comp_hit=0 snoop_pend=0 | mem_req_r=0 mem_req_w=0 mem_rdy=0 | D_MST3: ARVALID=0 ARREADY=1 RVALID=0 RREADY=0 AWVALID=0 AWREADY=1 | s_ARVALID=0 s_ARREADY=0 s_RVALID=0 s_RREADY=1 | l2.state=0 l2.mem_r=0 l2.mem_rdy=0 | dram_req_r=0 dram_req_w=0 dram_rdy=0 dram_busy=0
t=605000 core1.state=0 cpu_r=0 cpu_w=0 cpu_rdy=0 comp_hit=0 snoop_pend=0 | mem_req_r=0 mem_req_w=0 mem_rdy=0 | D_MST3: ARVALID=0 ARREADY=1 RVALID=0 RREADY=0 AWVALID=0 AWREADY=1 | s_ARVALID=0 s_ARREADY=0 s_RVALID=0 s_RREADY=1 | l2.state=0 l2.mem_r=0 l2.mem_rdy=0 | dram_req_r=0 dram_req_w=0 dram_rdy=0 dram_busy=0
t=615000 core1.state=0 cpu_r=0 cpu_w=0 cpu_rdy=0 comp_hit=0 snoop_pend=0 | mem_req_r=0 mem_req_w=0 mem_rdy=0 | D_MST3: ARVALID=0 ARREADY=1 RVALID=0 RREADY=0 AWVALID=0 AWREADY=1 | s_ARVALID=0 s_ARREADY=0 s_RVALID=0 s_RREADY=1 | l2.state=0 l2.mem_r=0 l2.mem_rdy=0 | dram_req_r=0 dram_req_w=0 dram_rdy=0 dram_busy=0
t=625000 core1.state=0 cpu_r=0 cpu_w=0 cpu_rdy=0 comp_hit=0 snoop_pend=0 | mem_req_r=0 mem_req_w=0 mem_rdy=0 | D_MST3: ARVALID=0 ARREADY=1 RVALID=0 RREADY=0 AWVALID=0 AWREADY=1 | s_ARVALID=0 s_ARREADY=0 s_RVALID=0 s_RREADY=1 | l2.state=0 l2.mem_r=0 l2.mem_rdy=0 | dram_req_r=0 dram_req_w=0 dram_rdy=0 dram_busy=0
t=635000 core1.state=0 cpu_r=0 cpu_w=0 cpu_rdy=0 comp_hit=0 snoop_pend=0 | mem_req_r=0 mem_req_w=0 mem_rdy=0 | D_MST3: ARVALID=0 ARREADY=1 RVALID=0 RREADY=0 AWVALID=0 AWREADY=1 | s_ARVALID=0 s_ARREADY=0 s_RVALID=0 s_RREADY=1 | l2.state=0 l2.mem_r=0 l2.mem_rdy=0 | dram_req_r=0 dram_req_w=0 dram_rdy=0 dram_busy=0
t=645000 core1.state=0 cpu_r=0 cpu_w=0 cpu_rdy=0 comp_hit=0 snoop_pend=0 | mem_req_r=0 mem_req_w=0 mem_rdy=0 | D_MST3: ARVALID=0 ARREADY=1 RVALID=0 RREADY=0 AWVALID=0 AWREADY=1 | s_ARVALID=0 s_ARREADY=0 s_RVALID=0 s_RREADY=1 | l2.state=0 l2.mem_r=0 l2.mem_rdy=0 | dram_req_r=0 dram_req_w=0 dram_rdy=0 dram_busy=0
t=655000 core1.state=0 cpu_r=0 cpu_w=0 cpu_rdy=0 comp_hit=0 snoop_pend=0 | mem_req_r=0 mem_req_w=0 mem_rdy=0 | D_MST3: ARVALID=0 ARREADY=1 RVALID=0 RREADY=0 AWVALID=0 AWREADY=1 | s_ARVALID=0 s_ARREADY=0 s_RVALID=0 s_RREADY=1 | l2.state=0 l2.mem_r=0 l2.mem_rdy=0 | dram_req_r=0 dram_req_w=0 dram_rdy=0 dram_busy=0
t=665000 core1.state=0 cpu_r=0 cpu_w=0 cpu_rdy=0 comp_hit=0 snoop_pend=0 | mem_req_r=0 mem_req_w=0 mem_rdy=0 | D_MST3: ARVALID=0 ARREADY=1 RVALID=0 RREADY=0 AWVALID=0 AWREADY=1 | s_ARVALID=0 s_ARREADY=0 s_RVALID=0 s_RREADY=1 | l2.state=0 l2.mem_r=0 l2.mem_rdy=0 | dram_req_r=0 dram_req_w=0 dram_rdy=0 dram_busy=0
t=675000 core1.state=0 cpu_r=0 cpu_w=0 cpu_rdy=0 comp_hit=0 snoop_pend=0 | mem_req_r=0 mem_req_w=0 mem_rdy=0 | D_MST3: ARVALID=0 ARREADY=1 RVALID=0 RREADY=0 AWVALID=0 AWREADY=1 | s_ARVALID=0 s_ARREADY=0 s_RVALID=0 s_RREADY=1 | l2.state=0 l2.mem_r=0 l2.mem_rdy=0 | dram_req_r=0 dram_req_w=0 dram_rdy=0 dram_busy=0
t=685000 core1.state=0 cpu_r=0 cpu_w=0 cpu_rdy=0 comp_hit=0 snoop_pend=0 | mem_req_r=0 mem_req_w=0 mem_rdy=0 | D_MST3: ARVALID=0 ARREADY=1 RVALID=0 RREADY=0 AWVALID=0 AWREADY=1 | s_ARVALID=0 s_ARREADY=0 s_RVALID=0 s_RREADY=1 | l2.state=0 l2.mem_r=0 l2.mem_rdy=0 | dram_req_r=0 dram_req_w=0 dram_rdy=0 dram_busy=0
t=695000 core1.state=0 cpu_r=0 cpu_w=0 cpu_rdy=0 comp_hit=0 snoop_pend=0 | mem_req_r=0 mem_req_w=0 mem_rdy=0 | D_MST3: ARVALID=0 ARREADY=1 RVALID=0 RREADY=0 AWVALID=0 AWREADY=1 | s_ARVALID=0 s_ARREADY=0 s_RVALID=0 s_RREADY=1 | l2.state=0 l2.mem_r=0 l2.mem_rdy=0 | dram_req_r=0 dram_req_w=0 dram_rdy=0 dram_busy=0
t=705000 core1.state=0 cpu_r=0 cpu_w=0 cpu_rdy=0 comp_hit=0 snoop_pend=0 | mem_req_r=0 mem_req_w=0 mem_rdy=0 | D_MST3: ARVALID=0 ARREADY=1 RVALID=0 RREADY=0 AWVALID=0 AWREADY=1 | s_ARVALID=0 s_ARREADY=0 s_RVALID=0 s_RREADY=1 | l2.state=0 l2.mem_r=0 l2.mem_rdy=0 | dram_req_r=0 dram_req_w=0 dram_rdy=0 dram_busy=0
t=715000 core1.state=0 cpu_r=0 cpu_w=0 cpu_rdy=0 comp_hit=0 snoop_pend=0 | mem_req_r=0 mem_req_w=0 mem_rdy=0 | D_MST3: ARVALID=0 ARREADY=1 RVALID=0 RREADY=0 AWVALID=0 AWREADY=1 | s_ARVALID=0 s_ARREADY=0 s_RVALID=0 s_RREADY=1 | l2.state=0 l2.mem_r=0 l2.mem_rdy=0 | dram_req_r=0 dram_req_w=0 dram_rdy=0 dram_busy=0
t=725000 core1.state=0 cpu_r=0 cpu_w=0 cpu_rdy=0 comp_hit=0 snoop_pend=0 | mem_req_r=0 mem_req_w=0 mem_rdy=0 | D_MST3: ARVALID=0 ARREADY=1 RVALID=0 RREADY=0 AWVALID=0 AWREADY=1 | s_ARVALID=0 s_ARREADY=0 s_RVALID=0 s_RREADY=1 | l2.state=0 l2.mem_r=0 l2.mem_rdy=0 | dram_req_r=0 dram_req_w=0 dram_rdy=0 dram_busy=0
t=735000 core1.state=0 cpu_r=0 cpu_w=0 cpu_rdy=0 comp_hit=0 snoop_pend=0 | mem_req_r=0 mem_req_w=0 mem_rdy=0 | D_MST3: ARVALID=0 ARREADY=1 RVALID=0 RREADY=0 AWVALID=0 AWREADY=1 | s_ARVALID=0 s_ARREADY=0 s_RVALID=0 s_RREADY=1 | l2.state=0 l2.mem_r=0 l2.mem_rdy=0 | dram_req_r=0 dram_req_w=0 dram_rdy=0 dram_busy=0
t=745000 core1.state=0 cpu_r=0 cpu_w=0 cpu_rdy=0 comp_hit=0 snoop_pend=0 | mem_req_r=0 mem_req_w=0 mem_rdy=0 | D_MST3: ARVALID=0 ARREADY=1 RVALID=0 RREADY=0 AWVALID=0 AWREADY=1 | s_ARVALID=0 s_ARREADY=0 s_RVALID=0 s_RREADY=1 | l2.state=0 l2.mem_r=0 l2.mem_rdy=0 | dram_req_r=0 dram_req_w=0 dram_rdy=0 dram_busy=0
t=755000 core1.state=0 cpu_r=0 cpu_w=0 cpu_rdy=0 comp_hit=0 snoop_pend=0 | mem_req_r=0 mem_req_w=0 mem_rdy=0 | D_MST3: ARVALID=0 ARREADY=1 RVALID=0 RREADY=0 AWVALID=0 AWREADY=1 | s_ARVALID=0 s_ARREADY=0 s_RVALID=0 s_RREADY=1 | l2.state=0 l2.mem_r=0 l2.mem_rdy=0 | dram_req_r=0 dram_req_w=0 dram_rdy=0 dram_busy=0
t=765000 core1.state=0 cpu_r=0 cpu_w=0 cpu_rdy=0 comp_hit=0 snoop_pend=0 | mem_req_r=0 mem_req_w=0 mem_rdy=0 | D_MST3: ARVALID=0 ARREADY=1 RVALID=0 RREADY=0 AWVALID=0 AWREADY=1 | s_ARVALID=0 s_ARREADY=0 s_RVALID=0 s_RREADY=1 | l2.state=0 l2.mem_r=0 l2.mem_rdy=0 | dram_req_r=0 dram_req_w=0 dram_rdy=0 dram_busy=0
t=775000 core1.state=0 cpu_r=0 cpu_w=0 cpu_rdy=0 comp_hit=0 snoop_pend=0 | mem_req_r=0 mem_req_w=0 mem_rdy=0 | D_MST3: ARVALID=0 ARREADY=1 RVALID=0 RREADY=0 AWVALID=0 AWREADY=1 | s_ARVALID=0 s_ARREADY=0 s_RVALID=0 s_RREADY=1 | l2.state=0 l2.mem_r=0 l2.mem_rdy=0 | dram_req_r=0 dram_req_w=0 dram_rdy=0 dram_busy=0
t=785000 core1.state=0 cpu_r=0 cpu_w=0 cpu_rdy=0 comp_hit=0 snoop_pend=0 | mem_req_r=0 mem_req_w=0 mem_rdy=0 | D_MST3: ARVALID=0 ARREADY=1 RVALID=0 RREADY=0 AWVALID=0 AWREADY=1 | s_ARVALID=0 s_ARREADY=0 s_RVALID=0 s_RREADY=1 | l2.state=0 l2.mem_r=0 l2.mem_rdy=0 | dram_req_r=0 dram_req_w=0 dram_rdy=0 dram_busy=0
t=795000 core1.state=0 cpu_r=0 cpu_w=0 cpu_rdy=0 comp_hit=0 snoop_pend=0 | mem_req_r=0 mem_req_w=0 mem_rdy=0 | D_MST3: ARVALID=0 ARREADY=1 RVALID=0 RREADY=0 AWVALID=0 AWREADY=1 | s_ARVALID=0 s_ARREADY=0 s_RVALID=0 s_RREADY=1 | l2.state=0 l2.mem_r=0 l2.mem_rdy=0 | dram_req_r=0 dram_req_w=0 dram_rdy=0 dram_busy=0
t=805000 core1.state=0 cpu_r=0 cpu_w=0 cpu_rdy=0 comp_hit=0 snoop_pend=0 | mem_req_r=0 mem_req_w=0 mem_rdy=0 | D_MST3: ARVALID=0 ARREADY=1 RVALID=0 RREADY=0 AWVALID=0 AWREADY=1 | s_ARVALID=0 s_ARREADY=0 s_RVALID=0 s_RREADY=1 | l2.state=0 l2.mem_r=0 l2.mem_rdy=0 | dram_req_r=0 dram_req_w=0 dram_rdy=0 dram_busy=0
t=815000 core1.state=0 cpu_r=0 cpu_w=0 cpu_rdy=0 comp_hit=0 snoop_pend=0 | mem_req_r=0 mem_req_w=0 mem_rdy=0 | D_MST3: ARVALID=0 ARREADY=1 RVALID=0 RREADY=0 AWVALID=0 AWREADY=1 | s_ARVALID=0 s_ARREADY=0 s_RVALID=0 s_RREADY=1 | l2.state=0 l2.mem_r=0 l2.mem_rdy=0 | dram_req_r=0 dram_req_w=0 dram_rdy=0 dram_busy=0
t=825000 core1.state=0 cpu_r=0 cpu_w=0 cpu_rdy=0 comp_hit=0 snoop_pend=0 | mem_req_r=0 mem_req_w=0 mem_rdy=0 | D_MST3: ARVALID=0 ARREADY=1 RVALID=0 RREADY=0 AWVALID=0 AWREADY=1 | s_ARVALID=0 s_ARREADY=0 s_RVALID=0 s_RREADY=1 | l2.state=0 l2.mem_r=0 l2.mem_rdy=0 | dram_req_r=0 dram_req_w=0 dram_rdy=0 dram_busy=0
t=835000 core1.state=0 cpu_r=0 cpu_w=0 cpu_rdy=0 comp_hit=0 snoop_pend=0 | mem_req_r=0 mem_req_w=0 mem_rdy=0 | D_MST3: ARVALID=0 ARREADY=1 RVALID=0 RREADY=0 AWVALID=0 AWREADY=1 | s_ARVALID=0 s_ARREADY=0 s_RVALID=0 s_RREADY=1 | l2.state=0 l2.mem_r=0 l2.mem_rdy=0 | dram_req_r=0 dram_req_w=0 dram_rdy=0 dram_busy=0
t=845000 core1.state=0 cpu_r=0 cpu_w=0 cpu_rdy=0 comp_hit=0 snoop_pend=0 | mem_req_r=0 mem_req_w=0 mem_rdy=0 | D_MST3: ARVALID=0 ARREADY=1 RVALID=0 RREADY=0 AWVALID=0 AWREADY=1 | s_ARVALID=0 s_ARREADY=0 s_RVALID=0 s_RREADY=1 | l2.state=0 l2.mem_r=0 l2.mem_rdy=0 | dram_req_r=0 dram_req_w=0 dram_rdy=0 dram_busy=0
t=855000 core1.state=0 cpu_r=0 cpu_w=0 cpu_rdy=0 comp_hit=0 snoop_pend=0 | mem_req_r=0 mem_req_w=0 mem_rdy=0 | D_MST3: ARVALID=0 ARREADY=1 RVALID=0 RREADY=0 AWVALID=0 AWREADY=1 | s_ARVALID=0 s_ARREADY=0 s_RVALID=0 s_RREADY=1 | l2.state=0 l2.mem_r=0 l2.mem_rdy=0 | dram_req_r=0 dram_req_w=0 dram_rdy=0 dram_busy=0
t=865000 core1.state=0 cpu_r=0 cpu_w=0 cpu_rdy=0 comp_hit=0 snoop_pend=0 | mem_req_r=0 mem_req_w=0 mem_rdy=0 | D_MST3: ARVALID=0 ARREADY=1 RVALID=0 RREADY=0 AWVALID=0 AWREADY=1 | s_ARVALID=0 s_ARREADY=0 s_RVALID=0 s_RREADY=1 | l2.state=0 l2.mem_r=0 l2.mem_rdy=0 | dram_req_r=0 dram_req_w=0 dram_rdy=0 dram_busy=0
t=875000 core1.state=0 cpu_r=0 cpu_w=0 cpu_rdy=0 comp_hit=0 snoop_pend=0 | mem_req_r=0 mem_req_w=0 mem_rdy=0 | D_MST3: ARVALID=0 ARREADY=1 RVALID=0 RREADY=0 AWVALID=0 AWREADY=1 | s_ARVALID=0 s_ARREADY=0 s_RVALID=0 s_RREADY=1 | l2.state=0 l2.mem_r=0 l2.mem_rdy=0 | dram_req_r=0 dram_req_w=0 dram_rdy=0 dram_busy=0
t=885000 core1.state=0 cpu_r=0 cpu_w=0 cpu_rdy=0 comp_hit=0 snoop_pend=0 | mem_req_r=0 mem_req_w=0 mem_rdy=0 | D_MST3: ARVALID=0 ARREADY=1 RVALID=0 RREADY=0 AWVALID=0 AWREADY=1 | s_ARVALID=0 s_ARREADY=0 s_RVALID=0 s_RREADY=1 | l2.state=0 l2.mem_r=0 l2.mem_rdy=0 | dram_req_r=0 dram_req_w=0 dram_rdy=0 dram_busy=0
t=895000 core1.state=0 cpu_r=0 cpu_w=0 cpu_rdy=0 comp_hit=0 snoop_pend=0 | mem_req_r=0 mem_req_w=0 mem_rdy=0 | D_MST3: ARVALID=0 ARREADY=1 RVALID=0 RREADY=0 AWVALID=0 AWREADY=1 | s_ARVALID=0 s_ARREADY=0 s_RVALID=0 s_RREADY=1 | l2.state=0 l2.mem_r=0 l2.mem_rdy=0 | dram_req_r=0 dram_req_w=0 dram_rdy=0 dram_busy=0
t=905000 core1.state=0 cpu_r=0 cpu_w=0 cpu_rdy=0 comp_hit=0 snoop_pend=0 | mem_req_r=0 mem_req_w=0 mem_rdy=0 | D_MST3: ARVALID=0 ARREADY=1 RVALID=0 RREADY=0 AWVALID=0 AWREADY=1 | s_ARVALID=0 s_ARREADY=0 s_RVALID=0 s_RREADY=1 | l2.state=0 l2.mem_r=0 l2.mem_rdy=0 | dram_req_r=0 dram_req_w=0 dram_rdy=0 dram_busy=0
t=915000 core1.state=0 cpu_r=0 cpu_w=0 cpu_rdy=0 comp_hit=0 snoop_pend=0 | mem_req_r=0 mem_req_w=0 mem_rdy=0 | D_MST3: ARVALID=0 ARREADY=1 RVALID=0 RREADY=0 AWVALID=0 AWREADY=1 | s_ARVALID=0 s_ARREADY=0 s_RVALID=0 s_RREADY=1 | l2.state=0 l2.mem_r=0 l2.mem_rdy=0 | dram_req_r=0 dram_req_w=0 dram_rdy=0 dram_busy=0
t=925000 core1.state=0 cpu_r=0 cpu_w=0 cpu_rdy=0 comp_hit=0 snoop_pend=0 | mem_req_r=0 mem_req_w=0 mem_rdy=0 | D_MST3: ARVALID=0 ARREADY=1 RVALID=0 RREADY=0 AWVALID=0 AWREADY=1 | s_ARVALID=0 s_ARREADY=0 s_RVALID=0 s_RREADY=1 | l2.state=0 l2.mem_r=0 l2.mem_rdy=0 | dram_req_r=0 dram_req_w=0 dram_rdy=0 dram_busy=0
t=935000 core1.state=0 cpu_r=0 cpu_w=0 cpu_rdy=0 comp_hit=0 snoop_pend=0 | mem_req_r=0 mem_req_w=0 mem_rdy=0 | D_MST3: ARVALID=0 ARREADY=1 RVALID=0 RREADY=0 AWVALID=0 AWREADY=1 | s_ARVALID=0 s_ARREADY=0 s_RVALID=0 s_RREADY=1 | l2.state=0 l2.mem_r=0 l2.mem_rdy=0 | dram_req_r=0 dram_req_w=0 dram_rdy=0 dram_busy=0
t=945000 core1.state=0 cpu_r=0 cpu_w=0 cpu_rdy=0 comp_hit=0 snoop_pend=0 | mem_req_r=0 mem_req_w=0 mem_rdy=0 | D_MST3: ARVALID=0 ARREADY=1 RVALID=0 RREADY=0 AWVALID=0 AWREADY=1 | s_ARVALID=0 s_ARREADY=0 s_RVALID=0 s_RREADY=1 | l2.state=0 l2.mem_r=0 l2.mem_rdy=0 | dram_req_r=0 dram_req_w=0 dram_rdy=0 dram_busy=0
t=955000 core1.state=0 cpu_r=0 cpu_w=0 cpu_rdy=0 comp_hit=0 snoop_pend=0 | mem_req_r=0 mem_req_w=0 mem_rdy=0 | D_MST3: ARVALID=0 ARREADY=1 RVALID=0 RREADY=0 AWVALID=0 AWREADY=1 | s_ARVALID=0 s_ARREADY=0 s_RVALID=0 s_RREADY=1 | l2.state=0 l2.mem_r=0 l2.mem_rdy=0 | dram_req_r=0 dram_req_w=0 dram_rdy=0 dram_busy=0
t=965000 core1.state=0 cpu_r=0 cpu_w=0 cpu_rdy=0 comp_hit=0 snoop_pend=0 | mem_req_r=0 mem_req_w=0 mem_rdy=0 | D_MST3: ARVALID=0 ARREADY=1 RVALID=0 RREADY=0 AWVALID=0 AWREADY=1 | s_ARVALID=0 s_ARREADY=0 s_RVALID=0 s_RREADY=1 | l2.state=0 l2.mem_r=0 l2.mem_rdy=0 | dram_req_r=0 dram_req_w=0 dram_rdy=0 dram_busy=0
t=975000 core1.state=0 cpu_r=0 cpu_w=0 cpu_rdy=0 comp_hit=0 snoop_pend=0 | mem_req_r=0 mem_req_w=0 mem_rdy=0 | D_MST3: ARVALID=0 ARREADY=1 RVALID=0 RREADY=0 AWVALID=0 AWREADY=1 | s_ARVALID=0 s_ARREADY=0 s_RVALID=0 s_RREADY=1 | l2.state=0 l2.mem_r=0 l2.mem_rdy=0 | dram_req_r=0 dram_req_w=0 dram_rdy=0 dram_busy=0
t=985000 core1.state=0 cpu_r=0 cpu_w=0 cpu_rdy=0 comp_hit=0 snoop_pend=0 | mem_req_r=0 mem_req_w=0 mem_rdy=0 | D_MST3: ARVALID=0 ARREADY=1 RVALID=0 RREADY=0 AWVALID=0 AWREADY=1 | s_ARVALID=0 s_ARREADY=0 s_RVALID=0 s_RREADY=1 | l2.state=0 l2.mem_r=0 l2.mem_rdy=0 | dram_req_r=0 dram_req_w=0 dram_rdy=0 dram_busy=0
t=995000 core1.state=0 cpu_r=0 cpu_w=0 cpu_rdy=0 comp_hit=0 snoop_pend=0 | mem_req_r=0 mem_req_w=0 mem_rdy=0 | D_MST3: ARVALID=0 ARREADY=1 RVALID=0 RREADY=0 AWVALID=0 AWREADY=1 | s_ARVALID=0 s_ARREADY=0 s_RVALID=0 s_RREADY=1 | l2.state=0 l2.mem_r=0 l2.mem_rdy=0 | dram_req_r=0 dram_req_w=0 dram_rdy=0 dram_busy=0
t=1005000 core1.state=0 cpu_r=0 cpu_w=0 cpu_rdy=0 comp_hit=0 snoop_pend=0 | mem_req_r=0 mem_req_w=0 mem_rdy=0 | D_MST3: ARVALID=0 ARREADY=1 RVALID=0 RREADY=0 AWVALID=0 AWREADY=1 | s_ARVALID=0 s_ARREADY=0 s_RVALID=0 s_RREADY=1 | l2.state=0 l2.mem_r=0 l2.mem_rdy=0 | dram_req_r=0 dram_req_w=0 dram_rdy=0 dram_busy=0
t=1015000 core1.state=0 cpu_r=0 cpu_w=0 cpu_rdy=0 comp_hit=0 snoop_pend=0 | mem_req_r=0 mem_req_w=0 mem_rdy=0 | D_MST3: ARVALID=0 ARREADY=1 RVALID=0 RREADY=0 AWVALID=0 AWREADY=1 | s_ARVALID=0 s_ARREADY=0 s_RVALID=0 s_RREADY=1 | l2.state=0 l2.mem_r=0 l2.mem_rdy=0 | dram_req_r=0 dram_req_w=0 dram_rdy=0 dram_busy=0
t=1025000 core1.state=0 cpu_r=0 cpu_w=0 cpu_rdy=0 comp_hit=0 snoop_pend=0 | mem_req_r=0 mem_req_w=0 mem_rdy=0 | D_MST3: ARVALID=0 ARREADY=1 RVALID=0 RREADY=0 AWVALID=0 AWREADY=1 | s_ARVALID=0 s_ARREADY=0 s_RVALID=0 s_RREADY=1 | l2.state=0 l2.mem_r=0 l2.mem_rdy=0 | dram_req_r=0 dram_req_w=0 dram_rdy=0 dram_busy=0
t=1035000 core1.state=0 cpu_r=0 cpu_w=0 cpu_rdy=0 comp_hit=0 snoop_pend=0 | mem_req_r=0 mem_req_w=0 mem_rdy=0 | D_MST3: ARVALID=0 ARREADY=1 RVALID=0 RREADY=0 AWVALID=0 AWREADY=1 | s_ARVALID=0 s_ARREADY=0 s_RVALID=0 s_RREADY=1 | l2.state=0 l2.mem_r=0 l2.mem_rdy=0 | dram_req_r=0 dram_req_w=0 dram_rdy=0 dram_busy=0
t=1045000 core1.state=0 cpu_r=0 cpu_w=0 cpu_rdy=0 comp_hit=0 snoop_pend=0 | mem_req_r=0 mem_req_w=0 mem_rdy=0 | D_MST3: ARVALID=0 ARREADY=1 RVALID=0 RREADY=0 AWVALID=0 AWREADY=1 | s_ARVALID=0 s_ARREADY=0 s_RVALID=0 s_RREADY=1 | l2.state=0 l2.mem_r=0 l2.mem_rdy=0 | dram_req_r=0 dram_req_w=0 dram_rdy=0 dram_busy=0
t=1055000 core1.state=0 cpu_r=0 cpu_w=0 cpu_rdy=0 comp_hit=0 snoop_pend=0 | mem_req_r=0 mem_req_w=0 mem_rdy=0 | D_MST3: ARVALID=0 ARREADY=1 RVALID=0 RREADY=0 AWVALID=0 AWREADY=1 | s_ARVALID=0 s_ARREADY=0 s_RVALID=0 s_RREADY=1 | l2.state=0 l2.mem_r=0 l2.mem_rdy=0 | dram_req_r=0 dram_req_w=0 dram_rdy=0 dram_busy=0
t=1065000 core1.state=0 cpu_r=0 cpu_w=0 cpu_rdy=0 comp_hit=0 snoop_pend=0 | mem_req_r=0 mem_req_w=0 mem_rdy=0 | D_MST3: ARVALID=0 ARREADY=1 RVALID=0 RREADY=0 AWVALID=0 AWREADY=1 | s_ARVALID=0 s_ARREADY=0 s_RVALID=0 s_RREADY=1 | l2.state=0 l2.mem_r=0 l2.mem_rdy=0 | dram_req_r=0 dram_req_w=0 dram_rdy=0 dram_busy=0
t=1075000 core1.state=0 cpu_r=0 cpu_w=0 cpu_rdy=0 comp_hit=0 snoop_pend=0 | mem_req_r=0 mem_req_w=0 mem_rdy=0 | D_MST3: ARVALID=0 ARREADY=1 RVALID=0 RREADY=0 AWVALID=0 AWREADY=1 | s_ARVALID=0 s_ARREADY=0 s_RVALID=0 s_RREADY=1 | l2.state=0 l2.mem_r=0 l2.mem_rdy=0 | dram_req_r=0 dram_req_w=0 dram_rdy=0 dram_busy=0
t=1085000 core1.state=0 cpu_r=0 cpu_w=0 cpu_rdy=0 comp_hit=0 snoop_pend=0 | mem_req_r=0 mem_req_w=0 mem_rdy=0 | D_MST3: ARVALID=0 ARREADY=1 RVALID=0 RREADY=0 AWVALID=0 AWREADY=1 | s_ARVALID=0 s_ARREADY=0 s_RVALID=0 s_RREADY=1 | l2.state=0 l2.mem_r=0 l2.mem_rdy=0 | dram_req_r=0 dram_req_w=0 dram_rdy=0 dram_busy=0
t=1095000 core1.state=0 cpu_r=0 cpu_w=0 cpu_rdy=0 comp_hit=0 snoop_pend=0 | mem_req_r=0 mem_req_w=0 mem_rdy=0 | D_MST3: ARVALID=0 ARREADY=1 RVALID=0 RREADY=0 AWVALID=0 AWREADY=1 | s_ARVALID=0 s_ARREADY=0 s_RVALID=0 s_RREADY=1 | l2.state=0 l2.mem_r=0 l2.mem_rdy=0 | dram_req_r=0 dram_req_w=0 dram_rdy=0 dram_busy=0
t=1105000 core1.state=0 cpu_r=0 cpu_w=0 cpu_rdy=0 comp_hit=0 snoop_pend=0 | mem_req_r=0 mem_req_w=0 mem_rdy=0 | D_MST3: ARVALID=0 ARREADY=1 RVALID=0 RREADY=0 AWVALID=0 AWREADY=1 | s_ARVALID=0 s_ARREADY=0 s_RVALID=0 s_RREADY=1 | l2.state=0 l2.mem_r=0 l2.mem_rdy=0 | dram_req_r=0 dram_req_w=0 dram_rdy=0 dram_busy=0
t=1115000 core1.state=0 cpu_r=0 cpu_w=0 cpu_rdy=0 comp_hit=0 snoop_pend=0 | mem_req_r=0 mem_req_w=0 mem_rdy=0 | D_MST3: ARVALID=0 ARREADY=1 RVALID=0 RREADY=0 AWVALID=0 AWREADY=1 | s_ARVALID=0 s_ARREADY=0 s_RVALID=0 s_RREADY=1 | l2.state=0 l2.mem_r=0 l2.mem_rdy=0 | dram_req_r=0 dram_req_w=0 dram_rdy=0 dram_busy=0
t=1125000 core1.state=0 cpu_r=0 cpu_w=0 cpu_rdy=0 comp_hit=0 snoop_pend=0 | mem_req_r=0 mem_req_w=0 mem_rdy=0 | D_MST3: ARVALID=0 ARREADY=1 RVALID=0 RREADY=0 AWVALID=0 AWREADY=1 | s_ARVALID=0 s_ARREADY=0 s_RVALID=0 s_RREADY=1 | l2.state=0 l2.mem_r=0 l2.mem_rdy=0 | dram_req_r=0 dram_req_w=0 dram_rdy=0 dram_busy=0
t=1135000 core1.state=0 cpu_r=0 cpu_w=0 cpu_rdy=0 comp_hit=0 snoop_pend=0 | mem_req_r=0 mem_req_w=0 mem_rdy=0 | D_MST3: ARVALID=0 ARREADY=1 RVALID=0 RREADY=0 AWVALID=0 AWREADY=1 | s_ARVALID=0 s_ARREADY=0 s_RVALID=0 s_RREADY=1 | l2.state=0 l2.mem_r=0 l2.mem_rdy=0 | dram_req_r=0 dram_req_w=0 dram_rdy=0 dram_busy=0
t=1145000 core1.state=0 cpu_r=0 cpu_w=0 cpu_rdy=0 comp_hit=0 snoop_pend=0 | mem_req_r=0 mem_req_w=0 mem_rdy=0 | D_MST3: ARVALID=0 ARREADY=1 RVALID=0 RREADY=0 AWVALID=0 AWREADY=1 | s_ARVALID=0 s_ARREADY=0 s_RVALID=0 s_RREADY=1 | l2.state=0 l2.mem_r=0 l2.mem_rdy=0 | dram_req_r=0 dram_req_w=0 dram_rdy=0 dram_busy=0
t=1155000 core1.state=0 cpu_r=0 cpu_w=0 cpu_rdy=0 comp_hit=0 snoop_pend=0 | mem_req_r=0 mem_req_w=0 mem_rdy=0 | D_MST3: ARVALID=0 ARREADY=1 RVALID=0 RREADY=0 AWVALID=0 AWREADY=1 | s_ARVALID=0 s_ARREADY=0 s_RVALID=0 s_RREADY=1 | l2.state=0 l2.mem_r=0 l2.mem_rdy=0 | dram_req_r=0 dram_req_w=0 dram_rdy=0 dram_busy=0
t=1165000 core1.state=0 cpu_r=0 cpu_w=0 cpu_rdy=0 comp_hit=0 snoop_pend=0 | mem_req_r=0 mem_req_w=0 mem_rdy=0 | D_MST3: ARVALID=0 ARREADY=1 RVALID=0 RREADY=0 AWVALID=0 AWREADY=1 | s_ARVALID=0 s_ARREADY=0 s_RVALID=0 s_RREADY=1 | l2.state=0 l2.mem_r=0 l2.mem_rdy=0 | dram_req_r=0 dram_req_w=0 dram_rdy=0 dram_busy=0
t=1175000 core1.state=0 cpu_r=0 cpu_w=0 cpu_rdy=0 comp_hit=0 snoop_pend=0 | mem_req_r=0 mem_req_w=0 mem_rdy=0 | D_MST3: ARVALID=0 ARREADY=1 RVALID=0 RREADY=0 AWVALID=0 AWREADY=1 | s_ARVALID=0 s_ARREADY=0 s_RVALID=0 s_RREADY=1 | l2.state=0 l2.mem_r=0 l2.mem_rdy=0 | dram_req_r=0 dram_req_w=0 dram_rdy=0 dram_busy=0
t=1185000 core1.state=0 cpu_r=0 cpu_w=0 cpu_rdy=0 comp_hit=0 snoop_pend=0 | mem_req_r=0 mem_req_w=0 mem_rdy=0 | D_MST3: ARVALID=0 ARREADY=1 RVALID=0 RREADY=0 AWVALID=0 AWREADY=1 | s_ARVALID=0 s_ARREADY=0 s_RVALID=0 s_RREADY=1 | l2.state=0 l2.mem_r=0 l2.mem_rdy=0 | dram_req_r=0 dram_req_w=0 dram_rdy=0 dram_busy=0
t=1195000 core1.state=0 cpu_r=0 cpu_w=0 cpu_rdy=0 comp_hit=0 snoop_pend=0 | mem_req_r=0 mem_req_w=0 mem_rdy=0 | D_MST3: ARVALID=0 ARREADY=1 RVALID=0 RREADY=0 AWVALID=0 AWREADY=1 | s_ARVALID=0 s_ARREADY=0 s_RVALID=0 s_RREADY=1 | l2.state=0 l2.mem_r=0 l2.mem_rdy=0 | dram_req_r=0 dram_req_w=0 dram_rdy=0 dram_busy=0
  [ OK ] core1 re-read of A after core0's write (coherence!): 0xdeadbeef12345678
  [ OK ] core0 own read-back of A: 0xdeadbeef12345678
  [ OK ] core2 fresh read of A after core1's store-hit write: 0x1111222233334444
  [ OK ] core0 stale copy of A invalidated by core1's write: 0x1111222233334444
  [ OK ] core2 read of unrelated line B (no cross-talk): 0xcafef00d0badf00d
PHASE3 TEST: PASS - CacheArchitecture MESI coherence (write-through + snoop-invalidate + forced writeback-on-snoop) verified.
$finish called at time : 10175 ns : File "D:/Study/KLTN/MMU/MMU/CACHE/tb_cache_architecture.sv" Line 244
